============================================================
  Generated by:           Genus(TM) Synthesis Solution 21.19-s055_1
  Generated on:           Apr 01 2026  01:29:55 pm
  Module:                 prbs_top
  Library domain:         WCCOM.setup_cond
    Domain index:         0
    Technology libraries: tcb018gbwp7twc_ccs 270
                          tpd018nvwc 280a
  Operating conditions:   WCCOM 
  Interconnect mode:      global
  Area mode:              physical library
============================================================

Timing
--------

  Analysis view  Clock  Period 
-------------------------------
WCCOM.setup_view clk   10000.0 


    Analysis             Cost         Critical        Violating 
      View              Group        Path Slack  TNS    Paths   
----------------------------------------------------------------
WCCOM.setup_view cg_enable_group_clk   No paths  0.0          0 
                                 clk     8813.2  0.0          0 
                             default   No paths  0.0          0 
----------------------------------------------------------------
Total                                           -0.0          0 
                                                                

Instance Count
--------------
Leaf Instance Count             31 
Physical Instance count          0 
Sequential Instance Count        8 
Combinational Instance Count    23 
Hierarchical Instance Count      3 

Area
----
Cell Area                          654.170
Physical Cell Area                 0.000
Total Cell Area (Cell+Physical)    654.170
Net Area                           178.339
Total Area (Cell+Physical+Net)     832.509

Runtime                            0.0 seconds
Elapsed Runtime                    27 seconds
Genus peak memory usage            1387.31 
Innovus peak memory usage          no_value 
Hostname                           eeapps03.labidm.seas.ucla.edu
