

Working Directory = /w/home.09/home/liyuyao864/ee209/prbs_project/build/syn-rundir
QoS Summary for prbs_top
================================================================================
Metric                          final          
================================================================================
Slack (ps):                     8,813
  R2R (ps):                     8,813
  I2R (ps):                  no_value
  R2O (ps):                  no_value
  I2O (ps):                  no_value
  CG  (ps):                  no_value
TNS (ps):                           0
  R2R (ps):                         0
  I2R (ps):                  no_value
  R2O (ps):                  no_value
  I2O (ps):                  no_value
  CG  (ps):                  no_value
Failing Paths:                      0
Cell Area:                        654
Total Cell Area:                  654
Leaf Instances:                    31
Total Instances:                   31
Utilization (%):                 0.00
Tot. Net Length (um):        no_value
Avg. Net Length (um):        no_value
Route Overflow H (%):        no_value
Route Overflow V (%):        no_value
MBCI(%) (bits/gate) :            0.00
Norm Cong Hotspot Area:
  Max Cong:                  no_value
  Tot Cong:                  no_value
================================================================================
CPU  Runtime (h:m:s):        00:00:30
Real Runtime (h:m:s):        00:00:20
CPU  Elapsed (h:m:s):        00:00:35
Real Elapsed (h:m:s):        00:00:22
Memory (MB):                  1387.31
================================================================================
================================================================================
Flow Settings:
================================================================================
Total Runtime (h:m:s): 00:00:20
Total Memory (MB):     1387.31
Executable Version:    21.19-s055_1
================================================================================
Total Cell Area =  Cell Area + Physical Cell Area
Total Instances =  Leaf Instances + Physical Instances


