============================================================
  Generated by:           Genus(TM) Synthesis Solution 21.19-s055_1
  Generated on:           Apr 01 2026  01:29:54 pm
  Module:                 prbs_top
  Library domain:         WCCOM.setup_cond
    Domain index:         0
    Technology libraries: tcb018gbwp7twc_ccs 270
                          tpd018nvwc 280a
  Operating conditions:   WCCOM 
  Interconnect mode:      global
  Area mode:              physical library
============================================================

                                    Leakage                        Library 
     Gate      Instances   Area   Power (nW)        Library         Domain 
---------------------------------------------------------------------------
AO21D0BWP7T            1   13.171      0.250    tcb018gbwp7twc_ccs       0 
CKLNQD1BWP7T           1   37.318      0.832    tcb018gbwp7twc_ccs       0 
CKXOR2D1BWP7T          1   19.757      0.737    tcb018gbwp7twc_ccs       0 
NR2D0BWP7T             1    8.781      0.242    tcb018gbwp7twc_ccs       0 
NR4D0BWP7T             1   13.171      0.484    tcb018gbwp7twc_ccs       0 
OR2D0BWP7T             1   10.976      0.291    tcb018gbwp7twc_ccs       0 
SDFCNQD1BWP7T          6  368.794      8.126    tcb018gbwp7twc_ccs       0 
SDFSNQD1BWP7T          1   63.661      1.574    tcb018gbwp7twc_ccs       0 
TIELBWP7T             18  118.541      0.000    tcb018gbwp7twc_ccs       0 
---------------------------------------------------------------------------
total                 31  654.170     12.537                       


                                                        Leakage  Leakage 
            Type             Instances   Area  Area % Power (nW) Power % 
-------------------------------------------------------------------------
sequential                           7 432.454   66.1      9.700    77.4 
clock_gating_integrated_cell         1  37.318    5.7      0.832     6.6 
logic                               23 184.397   28.2      2.004    16.0 
physical_cells                       0   0.000    0.0      0.000     0.0 
-------------------------------------------------------------------------
total                               31 654.170  100.0     12.537   100.0 

