============================================================
  Generated by:           Genus(TM) Synthesis Solution 21.19-s055_1
  Generated on:           Apr 01 2026  01:29:54 pm
  Module:                 prbs_top
  Operating conditions:   WCCOM 
  Interconnect mode:      global
  Area mode:              physical library
============================================================


Path 1: MET (8813 ps) Setup Check with Pin u_prbs_core/lfsr_q_reg[0]/CP->D
           View: WCCOM.setup_view
          Group: clk
     Startpoint: (R) u_prbs_core/lfsr_q_reg[6]/CP
          Clock: (R) clk
       Endpoint: (F) u_prbs_core/lfsr_q_reg[0]/D
          Clock: (R) clk

                     Capture       Launch     
        Clock Edge:+   10000            0     
       Src Latency:+       0            0     
       Net Latency:+       0 (I)        0 (I) 
           Arrival:=   10000            0     
                                              
             Setup:-     284                  
     Required Time:=    9716                  
      Launch Clock:-       0                  
         Data Path:-     902                  
             Slack:=    8813                  

#---------------------------------------------------------------------------------------------------------
#        Timing Point          Flags   Arc   Edge     Cell       Fanout Load Trans Delay Arrival Instance 
#                                                                       (fF)  (ps)  (ps)   (ps)  Location 
#---------------------------------------------------------------------------------------------------------
  u_prbs_core/lfsr_q_reg[6]/CP -       -     R     (arrival)          7    -     0     0       0    (-,-) 
  u_prbs_core/lfsr_q_reg[6]/Q  -       CP->Q R     SDFCNQD1BWP7T      2 16.2   173   506     506    (-,-) 
  u_prbs_core/g121__5107/Z     -       A2->Z F     CKXOR2D1BWP7T      1 10.4   121   396     902    (-,-) 
  u_prbs_core/lfsr_q_reg[0]/D  -       -     F     SDFSNQD1BWP7T      1    -     -     0     902    (-,-) 
#---------------------------------------------------------------------------------------------------------



Path 2: MET (9255 ps) Setup Check with Pin u_prbs_core/lfsr_q_reg[6]/CP->D
           View: WCCOM.setup_view
          Group: clk
     Startpoint: (R) u_prbs_core/lfsr_q_reg[5]/CP
          Clock: (R) clk
       Endpoint: (R) u_prbs_core/lfsr_q_reg[6]/D
          Clock: (R) clk

                     Capture       Launch     
        Clock Edge:+   10000            0     
       Src Latency:+       0            0     
       Net Latency:+       0 (I)        0 (I) 
           Arrival:=   10000            0     
                                              
             Setup:-     222                  
     Required Time:=    9778                  
      Launch Clock:-       0                  
         Data Path:-     522                  
             Slack:=    9255                  

#---------------------------------------------------------------------------------------------------------
#        Timing Point          Flags   Arc   Edge     Cell       Fanout Load Trans Delay Arrival Instance 
#                                                                       (fF)  (ps)  (ps)   (ps)  Location 
#---------------------------------------------------------------------------------------------------------
  u_prbs_core/lfsr_q_reg[5]/CP -       -     R     (arrival)          7    -     0     0       0    (-,-) 
  u_prbs_core/lfsr_q_reg[5]/Q  -       CP->Q R     SDFCNQD1BWP7T      2 19.7   200   522     522    (-,-) 
  u_prbs_core/lfsr_q_reg[6]/D  -       -     R     SDFCNQD1BWP7T      2    -     -     0     522    (-,-) 
#---------------------------------------------------------------------------------------------------------



Path 3: MET (9311 ps) Setup Check with Pin u_prbs_core/lfsr_q_reg[2]/CP->D
           View: WCCOM.setup_view
          Group: clk
     Startpoint: (R) u_prbs_core/lfsr_q_reg[1]/CP
          Clock: (R) clk
       Endpoint: (R) u_prbs_core/lfsr_q_reg[2]/D
          Clock: (R) clk

                     Capture       Launch     
        Clock Edge:+   10000            0     
       Src Latency:+       0            0     
       Net Latency:+       0 (I)        0 (I) 
           Arrival:=   10000            0     
                                              
             Setup:-     209                  
     Required Time:=    9791                  
      Launch Clock:-       0                  
         Data Path:-     480                  
             Slack:=    9311                  

#---------------------------------------------------------------------------------------------------------
#        Timing Point          Flags   Arc   Edge     Cell       Fanout Load Trans Delay Arrival Instance 
#                                                                       (fF)  (ps)  (ps)   (ps)  Location 
#---------------------------------------------------------------------------------------------------------
  u_prbs_core/lfsr_q_reg[1]/CP -       -     R     (arrival)          7    -     0     0       0    (-,-) 
  u_prbs_core/lfsr_q_reg[1]/Q  -       CP->Q R     SDFCNQD1BWP7T      1 10.6   132   480     480    (-,-) 
  u_prbs_core/lfsr_q_reg[2]/D  -       -     R     SDFCNQD1BWP7T      1    -     -     0     480    (-,-) 
#---------------------------------------------------------------------------------------------------------



Path 4: MET (9311 ps) Setup Check with Pin u_prbs_core/lfsr_q_reg[3]/CP->D
           View: WCCOM.setup_view
          Group: clk
     Startpoint: (R) u_prbs_core/lfsr_q_reg[2]/CP
          Clock: (R) clk
       Endpoint: (R) u_prbs_core/lfsr_q_reg[3]/D
          Clock: (R) clk

                     Capture       Launch     
        Clock Edge:+   10000            0     
       Src Latency:+       0            0     
       Net Latency:+       0 (I)        0 (I) 
           Arrival:=   10000            0     
                                              
             Setup:-     209                  
     Required Time:=    9791                  
      Launch Clock:-       0                  
         Data Path:-     480                  
             Slack:=    9311                  

#---------------------------------------------------------------------------------------------------------
#        Timing Point          Flags   Arc   Edge     Cell       Fanout Load Trans Delay Arrival Instance 
#                                                                       (fF)  (ps)  (ps)   (ps)  Location 
#---------------------------------------------------------------------------------------------------------
  u_prbs_core/lfsr_q_reg[2]/CP -       -     R     (arrival)          7    -     0     0       0    (-,-) 
  u_prbs_core/lfsr_q_reg[2]/Q  -       CP->Q R     SDFCNQD1BWP7T      1 10.6   132   480     480    (-,-) 
  u_prbs_core/lfsr_q_reg[3]/D  -       -     R     SDFCNQD1BWP7T      1    -     -     0     480    (-,-) 
#---------------------------------------------------------------------------------------------------------



Path 5: MET (9311 ps) Setup Check with Pin u_prbs_core/lfsr_q_reg[4]/CP->D
           View: WCCOM.setup_view
          Group: clk
     Startpoint: (R) u_prbs_core/lfsr_q_reg[3]/CP
          Clock: (R) clk
       Endpoint: (R) u_prbs_core/lfsr_q_reg[4]/D
          Clock: (R) clk

                     Capture       Launch     
        Clock Edge:+   10000            0     
       Src Latency:+       0            0     
       Net Latency:+       0 (I)        0 (I) 
           Arrival:=   10000            0     
                                              
             Setup:-     209                  
     Required Time:=    9791                  
      Launch Clock:-       0                  
         Data Path:-     480                  
             Slack:=    9311                  

#---------------------------------------------------------------------------------------------------------
#        Timing Point          Flags   Arc   Edge     Cell       Fanout Load Trans Delay Arrival Instance 
#                                                                       (fF)  (ps)  (ps)   (ps)  Location 
#---------------------------------------------------------------------------------------------------------
  u_prbs_core/lfsr_q_reg[3]/CP -       -     R     (arrival)          7    -     0     0       0    (-,-) 
  u_prbs_core/lfsr_q_reg[3]/Q  -       CP->Q R     SDFCNQD1BWP7T      1 10.6   132   480     480    (-,-) 
  u_prbs_core/lfsr_q_reg[4]/D  -       -     R     SDFCNQD1BWP7T      1    -     -     0     480    (-,-) 
#---------------------------------------------------------------------------------------------------------



Path 6: MET (9311 ps) Setup Check with Pin u_prbs_core/lfsr_q_reg[5]/CP->D
           View: WCCOM.setup_view
          Group: clk
     Startpoint: (R) u_prbs_core/lfsr_q_reg[4]/CP
          Clock: (R) clk
       Endpoint: (R) u_prbs_core/lfsr_q_reg[5]/D
          Clock: (R) clk

                     Capture       Launch     
        Clock Edge:+   10000            0     
       Src Latency:+       0            0     
       Net Latency:+       0 (I)        0 (I) 
           Arrival:=   10000            0     
                                              
             Setup:-     209                  
     Required Time:=    9791                  
      Launch Clock:-       0                  
         Data Path:-     480                  
             Slack:=    9311                  

#---------------------------------------------------------------------------------------------------------
#        Timing Point          Flags   Arc   Edge     Cell       Fanout Load Trans Delay Arrival Instance 
#                                                                       (fF)  (ps)  (ps)   (ps)  Location 
#---------------------------------------------------------------------------------------------------------
  u_prbs_core/lfsr_q_reg[4]/CP -       -     R     (arrival)          7    -     0     0       0    (-,-) 
  u_prbs_core/lfsr_q_reg[4]/Q  -       CP->Q R     SDFCNQD1BWP7T      1 10.6   132   480     480    (-,-) 
  u_prbs_core/lfsr_q_reg[5]/D  -       -     R     SDFCNQD1BWP7T      1    -     -     0     480    (-,-) 
#---------------------------------------------------------------------------------------------------------



Path 7: MET (9404 ps) Setup Check with Pin u_prbs_core/lfsr_q_reg[1]/CP->D
           View: WCCOM.setup_view
          Group: clk
     Startpoint: (R) u_prbs_core/lfsr_q_reg[0]/CP
          Clock: (R) clk
       Endpoint: (F) u_prbs_core/lfsr_q_reg[1]/D
          Clock: (R) clk

                     Capture       Launch     
        Clock Edge:+   10000            0     
       Src Latency:+       0            0     
       Net Latency:+       0 (I)        0 (I) 
           Arrival:=   10000            0     
                                              
             Setup:-     175                  
     Required Time:=    9825                  
      Launch Clock:-       0                  
         Data Path:-     420                  
             Slack:=    9404                  

#---------------------------------------------------------------------------------------------------------
#        Timing Point          Flags   Arc   Edge     Cell       Fanout Load Trans Delay Arrival Instance 
#                                                                       (fF)  (ps)  (ps)   (ps)  Location 
#---------------------------------------------------------------------------------------------------------
  u_prbs_core/lfsr_q_reg[0]/CP -       -     R     (arrival)          7    -     0     0       0    (-,-) 
  u_prbs_core/lfsr_q_reg[0]/Q  -       CP->Q F     SDFSNQD1BWP7T      1 10.4    80   420     420    (-,-) 
  u_prbs_core/lfsr_q_reg[1]/D  -       -     F     SDFCNQD1BWP7T      1    -     -     0     420    (-,-) 
#---------------------------------------------------------------------------------------------------------

Some unconstrained paths have not been displayed.
Use -unconstrained or set the root attribute 'timing_report_unconstrained' to 'true' to see only these unconstrained paths.

