#                          Extraction Options Log File
# Design "prbs_ber_pad_top"
#

Option multi_corner_tech_file_00 = "/w/class.1/ee/ee209b/ee209bta/TSMC180PDK/EXTRAS/qrcTechFile"
Option multi_corner_tech_file_01 = "/w/class.1/ee/ee209b/ee209bta/TSMC180PDK/EXTRAS/qrcTechFile"
Option multi_corner_tech_file_02 = "/w/class.1/ee/ee209b/ee209bta/TSMC180PDK/EXTRAS/qrcTechFile"
Option multi_corner_temperature_00 = "125"
Option multi_corner_temperature_01 = "-40"
Option multi_corner_temperature_02 = "25"

Option gray_data = "obs"

Option reduce_output = "false"

Option layout_scale = "1"

Option max_resistor_length = "15.6"

Option dump_options "false"

Option copy_port_to_obs = "true"

Option promote_feedthru_ports = "false"

Option remove_net_pin_overlap = "false"

Option coupled = "true"

Option total_c_threshold = "5"

Option coupling_c_threshold = "3"

Option relative_c_threshold = "0.03"

Option output_cap_filtering_mode = "relative_and_coupling"

Option turboReduce = "auto"

Option enable_metal_fill_effects = "true"
Option metal_fill_type = "floating"

Option compress_cache_files = "true"


Power and ground nets are not extracted.
Port geometries are used as gray geometries (similar to OBS geometries) while extraction.
"max_resistor_length" in IQuantus extraction can vary from design to design.


#
# This file was generated by Innovus v21.19-s058_1 on Sun May  3 12:57:32 2026

