Info: [VCS_SAVE_RESTORE_INFO] ASLR (Address Space Layout Randomization) is detected on the machine. To enable $save functionality, ASLR will be switched off and simv re-executed.
Please use '-no_save' simv switch to avoid re-execution or '-suppress=ASLR_DETECTED_INFO' to suppress this message.
Chronologic VCS simulator copyright 1991-2023
Contains Synopsys proprietary information.
Compiler version V-2023.12-SP2_Full64; Runtime version V-2023.12-SP2_Full64;  Apr  8 16:33 2026
Doing SDF annotation ...... Done
[37000] PASS  (prbs7_seed_load_nonzero): prbs_out=1 ref_lfsr7=1010110
[49000] PASS  (prbs7_run): prbs_out=0 ref_lfsr7=0101101
[53000] PASS  (prbs7_run): prbs_out=1 ref_lfsr7=1011011
[57000] PASS  (prbs7_run): prbs_out=0 ref_lfsr7=0110111
[61000] PASS  (prbs7_run): prbs_out=1 ref_lfsr7=1101111
[65000] PASS  (prbs7_run): prbs_out=1 ref_lfsr7=1011110
[69000] PASS  (prbs7_run): prbs_out=0 ref_lfsr7=0111101
[73000] PASS  (prbs7_run): prbs_out=1 ref_lfsr7=1111011
[77000] PASS  (prbs7_run): prbs_out=1 ref_lfsr7=1110110
[81000] PASS  (prbs7_run): prbs_out=1 ref_lfsr7=1101100
[85000] PASS  (prbs7_run): prbs_out=1 ref_lfsr7=1011000
[89000] PASS  (prbs7_run): prbs_out=0 ref_lfsr7=0110001
[93000] PASS  (prbs7_run): prbs_out=1 ref_lfsr7=1100011
[97000] PASS  (prbs7_run): prbs_out=1 ref_lfsr7=1000110
[101000] PASS  (prbs7_run): prbs_out=0 ref_lfsr7=0001101
[105000] PASS  (prbs7_run): prbs_out=0 ref_lfsr7=0011010
[109000] PASS  (prbs7_run): prbs_out=0 ref_lfsr7=0110100
[113000] PASS  (prbs7_run): prbs_out=1 ref_lfsr7=1101001
[117000] PASS  (prbs7_run): prbs_out=1 ref_lfsr7=1010010
[121000] PASS  (prbs7_run): prbs_out=0 ref_lfsr7=0100101
[125000] PASS  (prbs7_run): prbs_out=1 ref_lfsr7=1001011
[129000] PASS  (prbs7_run): prbs_out=0 ref_lfsr7=0010111
[133000] PASS  (prbs7_run): prbs_out=0 ref_lfsr7=0101110
[137000] PASS  (prbs7_run): prbs_out=1 ref_lfsr7=1011101
[141000] PASS  (prbs7_run): prbs_out=0 ref_lfsr7=0111011
[145000] PASS  (prbs7_run): prbs_out=1 ref_lfsr7=1110111
[149000] PASS  (prbs7_run): prbs_out=1 ref_lfsr7=1101110
[153000] PASS  (prbs7_run): prbs_out=1 ref_lfsr7=1011100
[157000] PASS  (prbs7_run): prbs_out=0 ref_lfsr7=0111001
[161000] PASS  (prbs7_run): prbs_out=1 ref_lfsr7=1110011
[165000] PASS  (prbs7_run): prbs_out=1 ref_lfsr7=1100110
[169000] PASS  (prbs7_run): prbs_out=1 ref_lfsr7=1001100
[173000] PASS  (prbs7_run): prbs_out=0 ref_lfsr7=0011001
[177000] PASS  (prbs7_run): prbs_out=0 ref_lfsr7=0110010
[181000] PASS  (prbs7_run): prbs_out=1 ref_lfsr7=1100101
[185000] PASS  (prbs7_run): prbs_out=1 ref_lfsr7=1001010
[189000] PASS  (prbs7_run): prbs_out=0 ref_lfsr7=0010101
[193000] PASS  (prbs7_run): prbs_out=0 ref_lfsr7=0101010
[197000] PASS  (prbs7_run): prbs_out=1 ref_lfsr7=1010101
[201000] PASS  (prbs7_run): prbs_out=0 ref_lfsr7=0101011
[205000] PASS  (prbs7_run): prbs_out=1 ref_lfsr7=1010111
[209000] PASS  (prbs7_hold_when_disabled): prbs_out=1 ref_lfsr7=1010111
[213000] PASS  (prbs7_hold_when_disabled): prbs_out=1 ref_lfsr7=1010111
[217000] PASS  (prbs7_hold_when_disabled): prbs_out=1 ref_lfsr7=1010111
[221000] PASS  (prbs7_hold_when_disabled): prbs_out=1 ref_lfsr7=1010111
[225000] PASS  (prbs7_hold_when_disabled): prbs_out=1 ref_lfsr7=1010111
[233000] PASS  (prbs7_zero_seed_sanitized): prbs_out=0 ref_lfsr7=0000001
[245000] PASS  (prbs7_run_after_zero_seed): prbs_out=0 ref_lfsr7=0000010
[249000] PASS  (prbs7_run_after_zero_seed): prbs_out=0 ref_lfsr7=0000100
[253000] PASS  (prbs7_run_after_zero_seed): prbs_out=0 ref_lfsr7=0001000
[257000] PASS  (prbs7_run_after_zero_seed): prbs_out=0 ref_lfsr7=0010000
[261000] PASS  (prbs7_run_after_zero_seed): prbs_out=0 ref_lfsr7=0100000
[265000] PASS  (prbs7_run_after_zero_seed): prbs_out=1 ref_lfsr7=1000001
[269000] PASS  (prbs7_run_after_zero_seed): prbs_out=0 ref_lfsr7=0000011
[273000] PASS  (prbs7_run_after_zero_seed): prbs_out=0 ref_lfsr7=0000110
[277000] PASS  (prbs7_run_after_zero_seed): prbs_out=0 ref_lfsr7=0001100
[281000] PASS  (prbs7_run_after_zero_seed): prbs_out=0 ref_lfsr7=0011000
[285000] PASS  (prbs7_run_after_zero_seed): prbs_out=0 ref_lfsr7=0110000
[289000] PASS  (prbs7_run_after_zero_seed): prbs_out=1 ref_lfsr7=1100001
[293000] PASS  (prbs7_run_after_zero_seed): prbs_out=1 ref_lfsr7=1000010
[297000] PASS  (prbs7_run_after_zero_seed): prbs_out=0 ref_lfsr7=0000101
[301000] PASS  (prbs7_run_after_zero_seed): prbs_out=0 ref_lfsr7=0001010
[305000] PASS  (prbs7_run_after_zero_seed): prbs_out=0 ref_lfsr7=0010100
[309000] PASS  (prbs7_run_after_zero_seed): prbs_out=0 ref_lfsr7=0101000
[313000] PASS  (prbs7_run_after_zero_seed): prbs_out=1 ref_lfsr7=1010001
[317000] PASS  (prbs7_run_after_zero_seed): prbs_out=0 ref_lfsr7=0100011
[321000] PASS  (prbs7_run_after_zero_seed): prbs_out=1 ref_lfsr7=1000111
[337000] PASS  (prbs15_seed_load_nonzero): prbs_out=1 ref_lfsr15=101011001110101
[345000] PASS  (prbs15_run): prbs_out=0 ref_lfsr15=010110011101011
[349000] PASS  (prbs15_run): prbs_out=1 ref_lfsr15=101100111010111
[353000] PASS  (prbs15_run): prbs_out=0 ref_lfsr15=011001110101111
[357000] PASS  (prbs15_run): prbs_out=1 ref_lfsr15=110011101011111
[361000] PASS  (prbs15_run): prbs_out=1 ref_lfsr15=100111010111110
[365000] PASS  (prbs15_run): prbs_out=0 ref_lfsr15=001110101111101
[369000] PASS  (prbs15_run): prbs_out=0 ref_lfsr15=011101011111010
[373000] PASS  (prbs15_run): prbs_out=1 ref_lfsr15=111010111110101
[377000] PASS  (prbs15_run): prbs_out=1 ref_lfsr15=110101111101010
[381000] PASS  (prbs15_run): prbs_out=1 ref_lfsr15=101011111010100
[385000] PASS  (prbs15_run): prbs_out=0 ref_lfsr15=010111110101001
[389000] PASS  (prbs15_run): prbs_out=1 ref_lfsr15=101111101010011
[393000] PASS  (prbs15_run): prbs_out=0 ref_lfsr15=011111010100111
[397000] PASS  (prbs15_run): prbs_out=1 ref_lfsr15=111110101001111
[401000] PASS  (prbs15_run): prbs_out=1 ref_lfsr15=111101010011110
[405000] PASS  (prbs15_run): prbs_out=1 ref_lfsr15=111010100111100
[409000] PASS  (prbs15_run): prbs_out=1 ref_lfsr15=110101001111000
[413000] PASS  (prbs15_run): prbs_out=1 ref_lfsr15=101010011110000
[417000] PASS  (prbs15_run): prbs_out=0 ref_lfsr15=010100111100001
[421000] PASS  (prbs15_run): prbs_out=1 ref_lfsr15=101001111000011
[425000] PASS  (prbs15_run): prbs_out=0 ref_lfsr15=010011110000111
[429000] PASS  (prbs15_run): prbs_out=1 ref_lfsr15=100111100001111
[433000] PASS  (prbs15_run): prbs_out=0 ref_lfsr15=001111000011111
[437000] PASS  (prbs15_run): prbs_out=0 ref_lfsr15=011110000111110
[441000] PASS  (prbs15_run): prbs_out=1 ref_lfsr15=111100001111101
[445000] PASS  (prbs15_run): prbs_out=1 ref_lfsr15=111000011111010
[449000] PASS  (prbs15_run): prbs_out=1 ref_lfsr15=110000111110100
[453000] PASS  (prbs15_run): prbs_out=1 ref_lfsr15=100001111101000
[457000] PASS  (prbs15_run): prbs_out=0 ref_lfsr15=000011111010001
[461000] PASS  (prbs15_run): prbs_out=0 ref_lfsr15=000111110100010
[465000] PASS  (prbs15_run): prbs_out=0 ref_lfsr15=001111101000100
[469000] PASS  (prbs15_run): prbs_out=0 ref_lfsr15=011111010001000
[473000] PASS  (prbs15_run): prbs_out=1 ref_lfsr15=111110100010001
[477000] PASS  (prbs15_run): prbs_out=1 ref_lfsr15=111101000100010
[481000] PASS  (prbs15_run): prbs_out=1 ref_lfsr15=111010001000100
[485000] PASS  (prbs15_run): prbs_out=1 ref_lfsr15=110100010001000
[489000] PASS  (prbs15_run): prbs_out=1 ref_lfsr15=101000100010000
[493000] PASS  (prbs15_run): prbs_out=0 ref_lfsr15=010001000100001
[497000] PASS  (prbs15_run): prbs_out=1 ref_lfsr15=100010001000011
[501000] PASS  (prbs15_run): prbs_out=0 ref_lfsr15=000100010000111
[505000] PASS  (prbs15_hold_when_disabled): prbs_out=0 ref_lfsr15=000100010000111
[509000] PASS  (prbs15_hold_when_disabled): prbs_out=0 ref_lfsr15=000100010000111
[513000] PASS  (prbs15_hold_when_disabled): prbs_out=0 ref_lfsr15=000100010000111
[517000] PASS  (prbs15_hold_when_disabled): prbs_out=0 ref_lfsr15=000100010000111
[521000] PASS  (prbs15_hold_when_disabled): prbs_out=0 ref_lfsr15=000100010000111
[529000] PASS  (prbs15_zero_seed_sanitized): prbs_out=0 ref_lfsr15=000000000000001
[537000] PASS  (prbs15_run_after_zero_seed): prbs_out=0 ref_lfsr15=000000000000010
[541000] PASS  (prbs15_run_after_zero_seed): prbs_out=0 ref_lfsr15=000000000000100
[545000] PASS  (prbs15_run_after_zero_seed): prbs_out=0 ref_lfsr15=000000000001000
[549000] PASS  (prbs15_run_after_zero_seed): prbs_out=0 ref_lfsr15=000000000010000
[553000] PASS  (prbs15_run_after_zero_seed): prbs_out=0 ref_lfsr15=000000000100000
[557000] PASS  (prbs15_run_after_zero_seed): prbs_out=0 ref_lfsr15=000000001000000
[561000] PASS  (prbs15_run_after_zero_seed): prbs_out=0 ref_lfsr15=000000010000000
[565000] PASS  (prbs15_run_after_zero_seed): prbs_out=0 ref_lfsr15=000000100000000
[569000] PASS  (prbs15_run_after_zero_seed): prbs_out=0 ref_lfsr15=000001000000000
[573000] PASS  (prbs15_run_after_zero_seed): prbs_out=0 ref_lfsr15=000010000000000
[577000] PASS  (prbs15_run_after_zero_seed): prbs_out=0 ref_lfsr15=000100000000000
[581000] PASS  (prbs15_run_after_zero_seed): prbs_out=0 ref_lfsr15=001000000000000
[585000] PASS  (prbs15_run_after_zero_seed): prbs_out=0 ref_lfsr15=010000000000000
[589000] PASS  (prbs15_run_after_zero_seed): prbs_out=1 ref_lfsr15=100000000000001
[593000] PASS  (prbs15_run_after_zero_seed): prbs_out=0 ref_lfsr15=000000000000011
[597000] PASS  (prbs15_run_after_zero_seed): prbs_out=0 ref_lfsr15=000000000000110
[601000] PASS  (prbs15_run_after_zero_seed): prbs_out=0 ref_lfsr15=000000000001100
[605000] PASS  (prbs15_run_after_zero_seed): prbs_out=0 ref_lfsr15=000000000011000
[609000] PASS  (prbs15_run_after_zero_seed): prbs_out=0 ref_lfsr15=000000000110000
[613000] PASS  (prbs15_run_after_zero_seed): prbs_out=0 ref_lfsr15=000000001100000
========================================
TEST PASSED: all unified PRBS generator checks succeeded.
========================================
$finish called from file "/w/home.09/home/liyuyao864/ee209/prbs_project/tb/prbs_gen_top_tb.sv", line 221.
$finish at simulation time               613000
           V C S   S i m u l a t i o n   R e p o r t 
Time: 613000 ps
CPU Time:      0.250 seconds;       Data structure size:   0.0Mb
Wed Apr  8 16:33:47 2026
