============================================================
  Generated by:           Genus(TM) Synthesis Solution 21.19-s055_1
  Generated on:           Apr 11 2026  11:58:40 am
  Module:                 prbs_ber_top
  Library domain:         WCCOM.setup_cond
    Domain index:         0
    Technology libraries: tcb018gbwp7twc_ccs 270
                          tpd018nvwc 280a
  Operating conditions:   WCCOM 
  Interconnect mode:      global
  Area mode:              physical library
============================================================

      Instance                    Module                Cell Count  Cell Area  Net Area   Total Area 
-----------------------------------------------------------------------------------------------------
prbs_ber_top                                                   370   8060.774  3384.388    11445.162 
  u_prbs_gen_top    prbs_gen_top                               119   2096.416   481.656     2578.072 
    u_prbs7_top     prbs_top                                    39    684.902   124.666      809.568 
      u_prbs_core   prbs_core_LFSR_W7_DEFAULT_SEED1             26    583.923   106.411      690.334 
      u_prbs_ctrl   prbs_ctrl_LFSR_W7_DEFAULT_SEED1             11     87.808    12.170       99.978 
    u_prbs15_top    prbs15_top                                  74   1341.267   240.282     1581.549 
      u_prbs15_core prbs15_core_LFSR_W15_DEFAULT_SEED1          50   1148.090   203.772     1351.861 
      u_prbs15_ctrl prbs15_ctrl_LFSR_W15_DEFAULT_SEED1          22    180.006    30.425      210.432 
