============================================================
  Generated by:           Genus(TM) Synthesis Solution 21.19-s055_1
  Generated on:           Apr 11 2026  11:58:41 am
  Module:                 prbs_ber_top
  Library domain:         WCCOM.setup_cond
    Domain index:         0
    Technology libraries: tcb018gbwp7twc_ccs 270
                          tpd018nvwc 280a
  Operating conditions:   WCCOM 
  Interconnect mode:      global
  Area mode:              physical library
============================================================

Timing
--------

  Analysis view  Clock Period 
------------------------------
WCCOM.setup_view clk   4000.0 


    Analysis             Cost         Critical        Violating 
      View              Group        Path Slack  TNS    Paths   
----------------------------------------------------------------
WCCOM.setup_view cg_enable_group_clk     1522.8  0.0          0 
                                 clk      359.5  0.0          0 
                             default   No paths  0.0          0 
----------------------------------------------------------------
Total                                           -0.0          0 
                                                                

Instance Count
--------------
Leaf Instance Count             370 
Physical Instance count           0 
Sequential Instance Count        90 
Combinational Instance Count    280 
Hierarchical Instance Count      11 

Area
----
Cell Area                          8060.774
Physical Cell Area                 0.000
Total Cell Area (Cell+Physical)    8060.774
Net Area                           3384.388
Total Area (Cell+Physical+Net)     11445.162

Runtime                            0.0 seconds
Elapsed Runtime                    33 seconds
Genus peak memory usage            1404.79 
Innovus peak memory usage          no_value 
Hostname                           eeapps03.labidm.seas.ucla.edu
