============================================================
  Generated by:           Genus(TM) Synthesis Solution 21.19-s055_1
  Generated on:           Apr 11 2026  11:58:41 am
  Module:                 prbs_ber_top
  Library domain:         WCCOM.setup_cond
    Domain index:         0
    Technology libraries: tcb018gbwp7twc_ccs 270
                          tpd018nvwc 280a
  Operating conditions:   WCCOM 
  Interconnect mode:      global
  Area mode:              physical library
============================================================

                                     Leakage                        Library 
     Gate      Instances    Area   Power (nW)        Library         Domain 
----------------------------------------------------------------------------
AN3D1BWP7T             4    52.685      0.884    tcb018gbwp7twc_ccs       0 
AN3XD1BWP7T            2    30.733      0.495    tcb018gbwp7twc_ccs       0 
AN4D0BWP7T             4    61.466      0.545    tcb018gbwp7twc_ccs       0 
AO21D0BWP7T            1    13.171      0.258    tcb018gbwp7twc_ccs       0 
CKAN2D1BWP7T           7    76.832      1.878    tcb018gbwp7twc_ccs       0 
CKLNQD1BWP7T           4   149.274      3.330    tcb018gbwp7twc_ccs       0 
CKMUX2D1BWP7T         23   454.406     12.630    tcb018gbwp7twc_ccs       0 
CKXOR2D1BWP7T         28   553.190     18.669    tcb018gbwp7twc_ccs       0 
DFKCNQD1BWP7T         84  3687.936     88.587    tcb018gbwp7twc_ccs       0 
DFKSND1BWP7T           2   105.370      3.041    tcb018gbwp7twc_ccs       0 
HA1D0BWP7T            32  1053.696     24.999    tcb018gbwp7twc_ccs       0 
HA1D1BWP7T             2    70.246      2.362    tcb018gbwp7twc_ccs       0 
IND2D0BWP7T            1    10.976      0.266    tcb018gbwp7twc_ccs       0 
IND3D0BWP7T            2    26.342      0.688    tcb018gbwp7twc_ccs       0 
IND3D1BWP7T            2    26.342      0.340    tcb018gbwp7twc_ccs       0 
IND4D0BWP7T            1    15.366      0.133    tcb018gbwp7twc_ccs       0 
INR2D0BWP7T            2    21.952      0.439    tcb018gbwp7twc_ccs       0 
INR2D1BWP7T           62   680.512     15.804    tcb018gbwp7twc_ccs       0 
INR2XD0BWP7T           2    21.952      0.359    tcb018gbwp7twc_ccs       0 
INVD0BWP7T             1     6.586      0.119    tcb018gbwp7twc_ccs       0 
INVD1BWP7T             9    59.270      1.706    tcb018gbwp7twc_ccs       0 
INVD2BWP7T             1     8.781      0.422    tcb018gbwp7twc_ccs       0 
MUX2D1BWP7T            1    19.757      0.569    tcb018gbwp7twc_ccs       0 
ND2D1BWP7T            10    87.808      1.172    tcb018gbwp7twc_ccs       0 
ND2D2BWP7T             2    30.733      0.318    tcb018gbwp7twc_ccs       0 
ND3D0BWP7T             2    21.952      0.069    tcb018gbwp7twc_ccs       0 
ND3D2BWP7T             2    39.514      0.239    tcb018gbwp7twc_ccs       0 
NR2D0BWP7T             2    17.562      0.237    tcb018gbwp7twc_ccs       0 
NR2D1BWP7T             2    17.562      0.113    tcb018gbwp7twc_ccs       0 
NR2D3BWP7T             4    79.027      0.680    tcb018gbwp7twc_ccs       0 
NR2XD0BWP7T            2    17.562      0.340    tcb018gbwp7twc_ccs       0 
NR2XD1BWP7T            2    30.733      0.265    tcb018gbwp7twc_ccs       0 
NR4D0BWP7T             4    52.685      0.378    tcb018gbwp7twc_ccs       0 
OA21D0BWP7T            2    26.342      0.649    tcb018gbwp7twc_ccs       0 
OR2D0BWP7T             2    21.952      0.519    tcb018gbwp7twc_ccs       0 
OR2D1BWP7T             1    10.976      0.388    tcb018gbwp7twc_ccs       0 
TIELBWP7T             54   355.622      0.000    tcb018gbwp7twc_ccs       0 
XOR2D1BWP7T            2    43.904      1.816    tcb018gbwp7twc_ccs       0 
----------------------------------------------------------------------------
total                370  8060.774    185.704                       


                                                         Leakage  Leakage 
            Type             Instances   Area   Area % Power (nW) Power % 
--------------------------------------------------------------------------
sequential                          86 3793.306   47.1     91.628    49.3 
inverter                            11   74.637    0.9      2.246     1.2 
clock_gating_integrated_cell         4  149.274    1.9      3.330     1.8 
logic                              269 4043.558   50.2     88.500    47.7 
physical_cells                       0    0.000    0.0      0.000     0.0 
--------------------------------------------------------------------------
total                              370 8060.774  100.0    185.704   100.0 

