============================================================
  Generated by:           Genus(TM) Synthesis Solution 21.19-s055_1
  Generated on:           Apr 17 2026  06:11:48 pm
  Module:                 prbs_ber_chip_top
  Library domain:         WCCOM.setup_cond
    Domain index:         0
    Technology libraries: tcb018gbwp7twc_ccs 270
                          tpd018nvwc 280a
  Operating conditions:   WCCOM 
  Interconnect mode:      global
  Area mode:              physical library
============================================================

       Instance                     Module                Cell Count  Cell Area  Net Area   Total Area 
-------------------------------------------------------------------------------------------------------
prbs_ber_chip_top                                                854  18191.622  8643.756    26835.378 
  u_csr_regbank       csr_regbank                                213   6357.299  1275.991     7633.290 
  u_measure_ctrl      measure_ctrl                               264   3624.275  2023.674     5647.949 
  u_prbs_ber_top      prbs_ber_top                               374   8177.120  1909.150    10086.270 
    u_prbs_gen_top    prbs_gen_top                               117   2092.026   466.522     2558.547 
      u_prbs7_top     prbs_top                                    39    684.902   124.666      809.568 
        u_prbs_core   prbs_core_LFSR_W7_DEFAULT_SEED1             26    583.923   106.411      690.334 
        u_prbs_ctrl   prbs_ctrl_LFSR_W7_DEFAULT_SEED1             11     87.808    12.170       99.978 
      u_prbs15_top    prbs15_top                                  73   1336.877   234.197     1571.074 
        u_prbs15_core prbs15_core_LFSR_W15_DEFAULT_SEED1          50   1145.894   203.772     1349.666 
        u_prbs15_ctrl prbs15_ctrl_LFSR_W15_DEFAULT_SEED1          21    177.811    24.340      202.151 
