

Working Directory = /w/home.09/home/liyuyao864/ee209/prbs_project/build_prbs_ber_chip/syn-rundir
QoS Summary for prbs_ber_chip_top
================================================================================
Metric                          final          
================================================================================
Slack (ps):                       258
  R2R (ps):                       258
  I2R (ps):                  no_value
  R2O (ps):                  no_value
  I2O (ps):                  no_value
  CG  (ps):                     1,302
TNS (ps):                           0
  R2R (ps):                         0
  I2R (ps):                  no_value
  R2O (ps):                  no_value
  I2O (ps):                  no_value
  CG  (ps):                         0
Failing Paths:                      0
Cell Area:                     18,192
Total Cell Area:               18,192
Leaf Instances:                   854
Total Instances:                  854
Utilization (%):                 0.00
Tot. Net Length (um):        no_value
Avg. Net Length (um):        no_value
Route Overflow H (%):        no_value
Route Overflow V (%):        no_value
MBCI(%) (bits/gate) :            0.00
Norm Cong Hotspot Area:
  Max Cong:                  no_value
  Tot Cong:                  no_value
================================================================================
CPU  Runtime (h:m:s):        00:00:51
Real Runtime (h:m:s):        00:00:36
CPU  Elapsed (h:m:s):        00:00:56
Real Elapsed (h:m:s):        00:00:38
Memory (MB):                  1421.58
================================================================================
================================================================================
Flow Settings:
================================================================================
Total Runtime (h:m:s): 00:00:36
Total Memory (MB):     1421.58
Executable Version:    21.19-s055_1
================================================================================
Total Cell Area =  Cell Area + Physical Cell Area
Total Instances =  Leaf Instances + Physical Instances


