============================================================
  Generated by:           Genus(TM) Synthesis Solution 21.19-s055_1
  Generated on:           Apr 17 2026  06:11:48 pm
  Module:                 prbs_ber_chip_top
  Library domain:         WCCOM.setup_cond
    Domain index:         0
    Technology libraries: tcb018gbwp7twc_ccs 270
                          tpd018nvwc 280a
  Operating conditions:   WCCOM 
  Interconnect mode:      global
  Area mode:              physical library
============================================================

                                       Leakage                        Library 
     Gate       Instances    Area    Power (nW)        Library         Domain 
------------------------------------------------------------------------------
AN2D1BWP7T              1     10.976      0.273    tcb018gbwp7twc_ccs       0 
AN2XD1BWP7T             1     13.171      0.268    tcb018gbwp7twc_ccs       0 
AN3D1BWP7T              5     65.856      1.091    tcb018gbwp7twc_ccs       0 
AN3D4BWP7T              1     32.928      0.845    tcb018gbwp7twc_ccs       0 
AN3XD1BWP7T             1     15.366      0.243    tcb018gbwp7twc_ccs       0 
AN4D0BWP7T              4     61.466      0.533    tcb018gbwp7twc_ccs       0 
AN4D1BWP7T              1     15.366      0.210    tcb018gbwp7twc_ccs       0 
AO211D0BWP7T            1     15.366      0.390    tcb018gbwp7twc_ccs       0 
AO21D0BWP7T             2     26.342      0.560    tcb018gbwp7twc_ccs       0 
AO21D1BWP7T             2     30.733      1.185    tcb018gbwp7twc_ccs       0 
AO221D0BWP7T           27    533.434     11.283    tcb018gbwp7twc_ccs       0 
AO222D0BWP7T           25    603.680      9.090    tcb018gbwp7twc_ccs       0 
AO31D1BWP7T             2     35.123      0.850    tcb018gbwp7twc_ccs       0 
AOI211XD0BWP7T          2     26.342      0.574    tcb018gbwp7twc_ccs       0 
AOI21D0BWP7T            1     10.976      0.041    tcb018gbwp7twc_ccs       0 
AOI222D0BWP7T           4     79.027      1.207    tcb018gbwp7twc_ccs       0 
AOI22D0BWP7T           14    184.397      2.259    tcb018gbwp7twc_ccs       0 
AOI32D1BWP7T            2     35.123      0.286    tcb018gbwp7twc_ccs       0 
CKAN2D1BWP7T           10    109.760      2.708    tcb018gbwp7twc_ccs       0 
CKLNQD1BWP7T            8    298.547      6.647    tcb018gbwp7twc_ccs       0 
CKMUX2D1BWP7T           4     79.027      2.078    tcb018gbwp7twc_ccs       0 
CKND2D1BWP7T            1      8.781      0.220    tcb018gbwp7twc_ccs       0 
CKXOR2D1BWP7T          27    533.434     17.921    tcb018gbwp7twc_ccs       0 
DEL01BWP7T              2     17.562      0.815    tcb018gbwp7twc_ccs       0 
DFKCNQD1BWP7T         184   8078.336    197.050    tcb018gbwp7twc_ccs       0 
DFKSND0BWP7T            1     52.685      1.249    tcb018gbwp7twc_ccs       0 
DFKSND1BWP7T            4    210.739      5.752    tcb018gbwp7twc_ccs       0 
DFXD0BWP7T              1     57.075      1.263    tcb018gbwp7twc_ccs       0 
DFXQD1BWP7T             1     54.880      1.307    tcb018gbwp7twc_ccs       0 
EDFKCNQD1BWP7T          1     59.270      1.249    tcb018gbwp7twc_ccs       0 
HA1D0BWP7T             32   1053.696     24.744    tcb018gbwp7twc_ccs       0 
HA1D1BWP7T              3    105.370      3.508    tcb018gbwp7twc_ccs       0 
IINR4D0BWP7T            2     39.514      0.551    tcb018gbwp7twc_ccs       0 
IND2D0BWP7T             3     32.928      0.550    tcb018gbwp7twc_ccs       0 
IND2D1BWP7T            32    351.232     13.226    tcb018gbwp7twc_ccs       0 
IND2D2BWP7T             3     52.685      1.037    tcb018gbwp7twc_ccs       0 
IND2D4BWP7T             1     32.928      0.689    tcb018gbwp7twc_ccs       0 
IND3D1BWP7T            15    197.568      3.210    tcb018gbwp7twc_ccs       0 
IND4D0BWP7T             1     15.366      0.099    tcb018gbwp7twc_ccs       0 
INR2D0BWP7T             6     65.856      1.105    tcb018gbwp7twc_ccs       0 
INR2D1BWP7T            66    724.416     19.699    tcb018gbwp7twc_ccs       0 
INR2D2BWP7T             1     17.562      0.400    tcb018gbwp7twc_ccs       0 
INR2XD0BWP7T           11    120.736      2.471    tcb018gbwp7twc_ccs       0 
INR2XD1BWP7T            1     17.562      0.334    tcb018gbwp7twc_ccs       0 
INR3D0BWP7T             4     61.466      0.646    tcb018gbwp7twc_ccs       0 
INR4D0BWP7T             1     17.562      0.154    tcb018gbwp7twc_ccs       0 
INVD0BWP7T             11     72.442      1.260    tcb018gbwp7twc_ccs       0 
INVD1BWP7T             43    283.181      8.531    tcb018gbwp7twc_ccs       0 
INVD1P5BWP7T            1      8.781      0.341    tcb018gbwp7twc_ccs       0 
INVD2BWP7T              2     17.562      0.810    tcb018gbwp7twc_ccs       0 
INVD3BWP7T              1     13.171      0.559    tcb018gbwp7twc_ccs       0 
IOA21D0BWP7T            3     39.514      0.894    tcb018gbwp7twc_ccs       0 
IOA21D1BWP7T           11    144.883      4.415    tcb018gbwp7twc_ccs       0 
IOA21D2BWP7T            1     19.757      0.778    tcb018gbwp7twc_ccs       0 
MAOI222D1BWP7T          1     17.562      0.333    tcb018gbwp7twc_ccs       0 
MAOI22D0BWP7T           1     15.366      0.206    tcb018gbwp7twc_ccs       0 
MOAI22D0BWP7T           2     30.733      0.628    tcb018gbwp7twc_ccs       0 
MOAI22D1BWP7T           1     17.562      0.519    tcb018gbwp7twc_ccs       0 
MUX2D1BWP7T            19    375.379     10.738    tcb018gbwp7twc_ccs       0 
MUX2ND0BWP7T            1     17.562      0.368    tcb018gbwp7twc_ccs       0 
ND2D0BWP7T              9     79.027      0.734    tcb018gbwp7twc_ccs       0 
ND2D1BWP7T             34    298.547      6.393    tcb018gbwp7twc_ccs       0 
ND2D2BWP7T              4     61.466      0.915    tcb018gbwp7twc_ccs       0 
ND2D3BWP7T              3     59.270      0.717    tcb018gbwp7twc_ccs       0 
ND2D4BWP7T              1     26.342      0.318    tcb018gbwp7twc_ccs       0 
ND2D5BWP7T              1     32.928      0.398    tcb018gbwp7twc_ccs       0 
ND3D0BWP7T              3     32.928      0.108    tcb018gbwp7twc_ccs       0 
ND3D2BWP7T              2     39.514      0.218    tcb018gbwp7twc_ccs       0 
ND4D0BWP7T             14    184.397      2.281    tcb018gbwp7twc_ccs       0 
ND4D1BWP7T              1     15.366      0.043    tcb018gbwp7twc_ccs       0 
NR2D0BWP7T              3     26.342      0.253    tcb018gbwp7twc_ccs       0 
NR2D1BWP7T              5     43.904      0.410    tcb018gbwp7twc_ccs       0 
NR2D2BWP7T              5     76.832      0.559    tcb018gbwp7twc_ccs       0 
NR2D3BWP7T              3     59.270      0.501    tcb018gbwp7twc_ccs       0 
NR2XD0BWP7T             6     52.685      0.803    tcb018gbwp7twc_ccs       0 
NR2XD1BWP7T            12    184.397      1.575    tcb018gbwp7twc_ccs       0 
NR2XD2BWP7T             2     52.685      0.444    tcb018gbwp7twc_ccs       0 
NR2XD3BWP7T             4    131.712      1.367    tcb018gbwp7twc_ccs       0 
NR2XD8BWP7T             1     76.832      0.908    tcb018gbwp7twc_ccs       0 
NR3D0BWP7T              5     54.880      0.415    tcb018gbwp7twc_ccs       0 
NR3D1BWP7T              1     17.562      0.177    tcb018gbwp7twc_ccs       0 
NR4D0BWP7T              9    118.541      0.248    tcb018gbwp7twc_ccs       0 
OA21D0BWP7T             2     26.342      0.664    tcb018gbwp7twc_ccs       0 
OA221D0BWP7T            3     59.270      0.894    tcb018gbwp7twc_ccs       0 
OA221D1BWP7T            1     21.952      0.489    tcb018gbwp7twc_ccs       0 
OAI211D1BWP7T           6     79.027      1.861    tcb018gbwp7twc_ccs       0 
OAI21D0BWP7T            2     21.952      0.358    tcb018gbwp7twc_ccs       0 
OAI21D1BWP7T            7     92.198      2.874    tcb018gbwp7twc_ccs       0 
OAI21D2BWP7T            1     19.757      0.877    tcb018gbwp7twc_ccs       0 
OR2D0BWP7T              1     10.976      0.203    tcb018gbwp7twc_ccs       0 
OR2D1BWP7T              9     98.784      2.773    tcb018gbwp7twc_ccs       0 
OR2D2BWP7T              2     30.733      1.109    tcb018gbwp7twc_ccs       0 
OR2D4BWP7T              2     52.685      1.975    tcb018gbwp7twc_ccs       0 
OR3D0BWP7T              1     15.366      0.182    tcb018gbwp7twc_ccs       0 
OR3D1BWP7T              1     15.366      0.256    tcb018gbwp7twc_ccs       0 
SDFQD0BWP7T             1     52.685      1.104    tcb018gbwp7twc_ccs       0 
TIELBWP7T              61    401.722      0.000    tcb018gbwp7twc_ccs       0 
XNR2D1BWP7T             2     39.514      1.378    tcb018gbwp7twc_ccs       0 
XNR2D2BWP7T             1     26.342      1.191    tcb018gbwp7twc_ccs       0 
XOR2D1BWP7T             3     65.856      2.734    tcb018gbwp7twc_ccs       0 
------------------------------------------------------------------------------
total                 854  18191.622    412.956                       


                                                          Leakage  Leakage 
            Type             Instances    Area   Area % Power (nW) Power % 
---------------------------------------------------------------------------
sequential                         193  8565.670   47.1    208.974    50.6 
inverter                            58   395.136    2.2     11.502     2.8 
buffer                               2    17.562    0.1      0.815     0.2 
clock_gating_integrated_cell         8   298.547    1.6      6.647     1.6 
logic                              593  8914.707   49.0    185.018    44.8 
physical_cells                       0     0.000    0.0      0.000     0.0 
---------------------------------------------------------------------------
total                              854 18191.622  100.0    412.956   100.0 

