============================================================
  Generated by:           Genus(TM) Synthesis Solution 21.19-s055_1
  Generated on:           Apr 17 2026  06:11:49 pm
  Module:                 prbs_ber_chip_top
  Library domain:         WCCOM.setup_cond
    Domain index:         0
    Technology libraries: tcb018gbwp7twc_ccs 270
                          tpd018nvwc 280a
  Operating conditions:   WCCOM 
  Interconnect mode:      global
  Area mode:              physical library
============================================================

Timing
--------

  Analysis view  Clock Period 
------------------------------
WCCOM.setup_view clk   4000.0 


    Analysis             Cost         Critical        Violating 
      View              Group        Path Slack  TNS    Paths   
----------------------------------------------------------------
WCCOM.setup_view cg_enable_group_clk     1302.5  0.0          0 
                                 clk      258.2  0.0          0 
                             default   No paths  0.0          0 
----------------------------------------------------------------
Total                                           -0.0          0 
                                                                

Instance Count
--------------
Leaf Instance Count             854 
Physical Instance count           0 
Sequential Instance Count       201 
Combinational Instance Count    653 
Hierarchical Instance Count      18 

Area
----
Cell Area                          18191.622
Physical Cell Area                 0.000
Total Cell Area (Cell+Physical)    18191.622
Net Area                           8643.756
Total Area (Cell+Physical+Net)     26835.378

Runtime                            0.0 seconds
Elapsed Runtime                    43 seconds
Genus peak memory usage            1421.58 
Innovus peak memory usage          no_value 
Hostname                           eeapps03.labidm.seas.ucla.edu
