============================================================
  Generated by:           Genus(TM) Synthesis Solution 21.19-s055_1
  Generated on:           Apr 01 2026  01:49:14 pm
  Module:                 prbs15_top
  Operating conditions:   WCCOM 
  Interconnect mode:      global
  Area mode:              physical library
============================================================


Path 1: MET (8745 ps) Setup Check with Pin u_prbs15_core/lfsr_q_reg[0]/CP->D
           View: WCCOM.setup_view
          Group: clk
     Startpoint: (R) u_prbs15_core/lfsr_q_reg[14]/CP
          Clock: (R) clk
       Endpoint: (F) u_prbs15_core/lfsr_q_reg[0]/D
          Clock: (R) clk

                     Capture       Launch     
        Clock Edge:+   10000            0     
       Src Latency:+       0            0     
       Net Latency:+       0 (I)        0 (I) 
           Arrival:=   10000            0     
                                              
             Setup:-     234                  
     Required Time:=    9766                  
      Launch Clock:-       0                  
         Data Path:-    1020                  
             Slack:=    8745                  

#------------------------------------------------------------------------------------------------------------
#          Timing Point           Flags   Arc   Edge     Cell       Fanout Load Trans Delay Arrival Instance 
#                                                                          (fF)  (ps)  (ps)   (ps)  Location 
#------------------------------------------------------------------------------------------------------------
  u_prbs15_core/lfsr_q_reg[14]/CP -       -     R     (arrival)         15    -     0     0       0    (-,-) 
  u_prbs15_core/lfsr_q_reg[14]/Q  -       CP->Q R     DFKCNQD1BWP7T      2 16.2   164   373     373    (-,-) 
  u_prbs15_core/g215__5115/Z      -       A2->Z F     CKXOR2D1BWP7T      1  8.9   113   387     760    (-,-) 
  u_prbs15_core/g214__1881/Z      -       I0->Z F     CKMUX2D1BWP7T      1 10.1   114   260    1020    (-,-) 
  u_prbs15_core/lfsr_q_reg[0]/D   -       -     F     DFKSND1BWP7T       1    -     -     0    1020    (-,-) 
#------------------------------------------------------------------------------------------------------------



Path 2: MET (9114 ps) Setup Check with Pin u_prbs15_core/lfsr_q_reg[14]/CP->D
           View: WCCOM.setup_view
          Group: clk
     Startpoint: (R) u_prbs15_core/lfsr_q_reg[13]/CP
          Clock: (R) clk
       Endpoint: (F) u_prbs15_core/lfsr_q_reg[14]/D
          Clock: (R) clk

                     Capture       Launch     
        Clock Edge:+   10000            0     
       Src Latency:+       0            0     
       Net Latency:+       0 (I)        0 (I) 
           Arrival:=   10000            0     
                                              
             Setup:-     222                  
     Required Time:=    9778                  
      Launch Clock:-       0                  
         Data Path:-     664                  
             Slack:=    9114                  

#------------------------------------------------------------------------------------------------------------
#          Timing Point           Flags   Arc   Edge     Cell       Fanout Load Trans Delay Arrival Instance 
#                                                                          (fF)  (ps)  (ps)   (ps)  Location 
#------------------------------------------------------------------------------------------------------------
  u_prbs15_core/lfsr_q_reg[13]/CP -       -     R     (arrival)         15    -     0     0       0    (-,-) 
  u_prbs15_core/lfsr_q_reg[13]/Q  -       CP->Q F     DFKCNQD1BWP7T      2 17.8   103   410     410    (-,-) 
  u_prbs15_core/g324__2398/Z      -       I0->Z F     CKMUX2D1BWP7T      1  9.3   110   254     664    (-,-) 
  u_prbs15_core/lfsr_q_reg[14]/D  -       -     F     DFKCNQD1BWP7T      1    -     -     0     664    (-,-) 
#------------------------------------------------------------------------------------------------------------



Path 3: MET (9135 ps) Setup Check with Pin u_prbs15_core/lfsr_q_reg[1]/CP->D
           View: WCCOM.setup_view
          Group: clk
     Startpoint: (R) u_prbs15_core/lfsr_q_reg[0]/CP
          Clock: (R) clk
       Endpoint: (F) u_prbs15_core/lfsr_q_reg[1]/D
          Clock: (R) clk

                     Capture       Launch     
        Clock Edge:+   10000            0     
       Src Latency:+       0            0     
       Net Latency:+       0 (I)        0 (I) 
           Arrival:=   10000            0     
                                              
             Setup:-     222                  
     Required Time:=    9778                  
      Launch Clock:-       0                  
         Data Path:-     643                  
             Slack:=    9135                  

#-----------------------------------------------------------------------------------------------------------
#         Timing Point           Flags   Arc   Edge     Cell       Fanout Load Trans Delay Arrival Instance 
#                                                                         (fF)  (ps)  (ps)   (ps)  Location 
#-----------------------------------------------------------------------------------------------------------
  u_prbs15_core/lfsr_q_reg[0]/CP -       -     R     (arrival)         15    -     0     0       0    (-,-) 
  u_prbs15_core/lfsr_q_reg[0]/Q  -       CP->Q F     DFKSND1BWP7T       1  8.9    74   394     394    (-,-) 
  u_prbs15_core/g351__6131/Z     -       I0->Z F     CKMUX2D1BWP7T      1  9.3   110   248     643    (-,-) 
  u_prbs15_core/lfsr_q_reg[1]/D  -       -     F     DFKCNQD1BWP7T      1    -     -     0     643    (-,-) 
#-----------------------------------------------------------------------------------------------------------



Path 4: MET (9146 ps) Setup Check with Pin u_prbs15_core/lfsr_q_reg[2]/CP->D
           View: WCCOM.setup_view
          Group: clk
     Startpoint: (R) u_prbs15_core/lfsr_q_reg[1]/CP
          Clock: (R) clk
       Endpoint: (F) u_prbs15_core/lfsr_q_reg[2]/D
          Clock: (R) clk

                     Capture       Launch     
        Clock Edge:+   10000            0     
       Src Latency:+       0            0     
       Net Latency:+       0 (I)        0 (I) 
           Arrival:=   10000            0     
                                              
             Setup:-     222                  
     Required Time:=    9778                  
      Launch Clock:-       0                  
         Data Path:-     632                  
             Slack:=    9146                  

#-----------------------------------------------------------------------------------------------------------
#         Timing Point           Flags   Arc   Edge     Cell       Fanout Load Trans Delay Arrival Instance 
#                                                                         (fF)  (ps)  (ps)   (ps)  Location 
#-----------------------------------------------------------------------------------------------------------
  u_prbs15_core/lfsr_q_reg[1]/CP -       -     R     (arrival)         15    -     0     0       0    (-,-) 
  u_prbs15_core/lfsr_q_reg[1]/Q  -       CP->Q F     DFKCNQD1BWP7T      1  8.9    71   384     384    (-,-) 
  u_prbs15_core/g348__8246/Z     -       I0->Z F     CKMUX2D1BWP7T      1  9.3   110   248     632    (-,-) 
  u_prbs15_core/lfsr_q_reg[2]/D  -       -     F     DFKCNQD1BWP7T      1    -     -     0     632    (-,-) 
#-----------------------------------------------------------------------------------------------------------



Path 5: MET (9146 ps) Setup Check with Pin u_prbs15_core/lfsr_q_reg[3]/CP->D
           View: WCCOM.setup_view
          Group: clk
     Startpoint: (R) u_prbs15_core/lfsr_q_reg[2]/CP
          Clock: (R) clk
       Endpoint: (F) u_prbs15_core/lfsr_q_reg[3]/D
          Clock: (R) clk

                     Capture       Launch     
        Clock Edge:+   10000            0     
       Src Latency:+       0            0     
       Net Latency:+       0 (I)        0 (I) 
           Arrival:=   10000            0     
                                              
             Setup:-     222                  
     Required Time:=    9778                  
      Launch Clock:-       0                  
         Data Path:-     632                  
             Slack:=    9146                  

#-----------------------------------------------------------------------------------------------------------
#         Timing Point           Flags   Arc   Edge     Cell       Fanout Load Trans Delay Arrival Instance 
#                                                                         (fF)  (ps)  (ps)   (ps)  Location 
#-----------------------------------------------------------------------------------------------------------
  u_prbs15_core/lfsr_q_reg[2]/CP -       -     R     (arrival)         15    -     0     0       0    (-,-) 
  u_prbs15_core/lfsr_q_reg[2]/Q  -       CP->Q F     DFKCNQD1BWP7T      1  8.9    71   384     384    (-,-) 
  u_prbs15_core/g346__5122/Z     -       I0->Z F     CKMUX2D1BWP7T      1  9.3   110   248     632    (-,-) 
  u_prbs15_core/lfsr_q_reg[3]/D  -       -     F     DFKCNQD1BWP7T      1    -     -     0     632    (-,-) 
#-----------------------------------------------------------------------------------------------------------



Path 6: MET (9146 ps) Setup Check with Pin u_prbs15_core/lfsr_q_reg[4]/CP->D
           View: WCCOM.setup_view
          Group: clk
     Startpoint: (R) u_prbs15_core/lfsr_q_reg[3]/CP
          Clock: (R) clk
       Endpoint: (F) u_prbs15_core/lfsr_q_reg[4]/D
          Clock: (R) clk

                     Capture       Launch     
        Clock Edge:+   10000            0     
       Src Latency:+       0            0     
       Net Latency:+       0 (I)        0 (I) 
           Arrival:=   10000            0     
                                              
             Setup:-     222                  
     Required Time:=    9778                  
      Launch Clock:-       0                  
         Data Path:-     632                  
             Slack:=    9146                  

#-----------------------------------------------------------------------------------------------------------
#         Timing Point           Flags   Arc   Edge     Cell       Fanout Load Trans Delay Arrival Instance 
#                                                                         (fF)  (ps)  (ps)   (ps)  Location 
#-----------------------------------------------------------------------------------------------------------
  u_prbs15_core/lfsr_q_reg[3]/CP -       -     R     (arrival)         15    -     0     0       0    (-,-) 
  u_prbs15_core/lfsr_q_reg[3]/Q  -       CP->Q F     DFKCNQD1BWP7T      1  8.9    71   384     384    (-,-) 
  u_prbs15_core/g344__1705/Z     -       I0->Z F     CKMUX2D1BWP7T      1  9.3   110   248     632    (-,-) 
  u_prbs15_core/lfsr_q_reg[4]/D  -       -     F     DFKCNQD1BWP7T      1    -     -     0     632    (-,-) 
#-----------------------------------------------------------------------------------------------------------



Path 7: MET (9146 ps) Setup Check with Pin u_prbs15_core/lfsr_q_reg[5]/CP->D
           View: WCCOM.setup_view
          Group: clk
     Startpoint: (R) u_prbs15_core/lfsr_q_reg[4]/CP
          Clock: (R) clk
       Endpoint: (F) u_prbs15_core/lfsr_q_reg[5]/D
          Clock: (R) clk

                     Capture       Launch     
        Clock Edge:+   10000            0     
       Src Latency:+       0            0     
       Net Latency:+       0 (I)        0 (I) 
           Arrival:=   10000            0     
                                              
             Setup:-     222                  
     Required Time:=    9778                  
      Launch Clock:-       0                  
         Data Path:-     632                  
             Slack:=    9146                  

#-----------------------------------------------------------------------------------------------------------
#         Timing Point           Flags   Arc   Edge     Cell       Fanout Load Trans Delay Arrival Instance 
#                                                                         (fF)  (ps)  (ps)   (ps)  Location 
#-----------------------------------------------------------------------------------------------------------
  u_prbs15_core/lfsr_q_reg[4]/CP -       -     R     (arrival)         15    -     0     0       0    (-,-) 
  u_prbs15_core/lfsr_q_reg[4]/Q  -       CP->Q F     DFKCNQD1BWP7T      1  8.9    71   384     384    (-,-) 
  u_prbs15_core/g342__2802/Z     -       I0->Z F     CKMUX2D1BWP7T      1  9.3   110   248     632    (-,-) 
  u_prbs15_core/lfsr_q_reg[5]/D  -       -     F     DFKCNQD1BWP7T      1    -     -     0     632    (-,-) 
#-----------------------------------------------------------------------------------------------------------



Path 8: MET (9146 ps) Setup Check with Pin u_prbs15_core/lfsr_q_reg[6]/CP->D
           View: WCCOM.setup_view
          Group: clk
     Startpoint: (R) u_prbs15_core/lfsr_q_reg[5]/CP
          Clock: (R) clk
       Endpoint: (F) u_prbs15_core/lfsr_q_reg[6]/D
          Clock: (R) clk

                     Capture       Launch     
        Clock Edge:+   10000            0     
       Src Latency:+       0            0     
       Net Latency:+       0 (I)        0 (I) 
           Arrival:=   10000            0     
                                              
             Setup:-     222                  
     Required Time:=    9778                  
      Launch Clock:-       0                  
         Data Path:-     632                  
             Slack:=    9146                  

#-----------------------------------------------------------------------------------------------------------
#         Timing Point           Flags   Arc   Edge     Cell       Fanout Load Trans Delay Arrival Instance 
#                                                                         (fF)  (ps)  (ps)   (ps)  Location 
#-----------------------------------------------------------------------------------------------------------
  u_prbs15_core/lfsr_q_reg[5]/CP -       -     R     (arrival)         15    -     0     0       0    (-,-) 
  u_prbs15_core/lfsr_q_reg[5]/Q  -       CP->Q F     DFKCNQD1BWP7T      1  8.9    71   384     384    (-,-) 
  u_prbs15_core/g340__1617/Z     -       I0->Z F     CKMUX2D1BWP7T      1  9.3   110   248     632    (-,-) 
  u_prbs15_core/lfsr_q_reg[6]/D  -       -     F     DFKCNQD1BWP7T      1    -     -     0     632    (-,-) 
#-----------------------------------------------------------------------------------------------------------



Path 9: MET (9146 ps) Setup Check with Pin u_prbs15_core/lfsr_q_reg[7]/CP->D
           View: WCCOM.setup_view
          Group: clk
     Startpoint: (R) u_prbs15_core/lfsr_q_reg[6]/CP
          Clock: (R) clk
       Endpoint: (F) u_prbs15_core/lfsr_q_reg[7]/D
          Clock: (R) clk

                     Capture       Launch     
        Clock Edge:+   10000            0     
       Src Latency:+       0            0     
       Net Latency:+       0 (I)        0 (I) 
           Arrival:=   10000            0     
                                              
             Setup:-     222                  
     Required Time:=    9778                  
      Launch Clock:-       0                  
         Data Path:-     632                  
             Slack:=    9146                  

#-----------------------------------------------------------------------------------------------------------
#         Timing Point           Flags   Arc   Edge     Cell       Fanout Load Trans Delay Arrival Instance 
#                                                                         (fF)  (ps)  (ps)   (ps)  Location 
#-----------------------------------------------------------------------------------------------------------
  u_prbs15_core/lfsr_q_reg[6]/CP -       -     R     (arrival)         15    -     0     0       0    (-,-) 
  u_prbs15_core/lfsr_q_reg[6]/Q  -       CP->Q F     DFKCNQD1BWP7T      1  8.9    71   384     384    (-,-) 
  u_prbs15_core/g338__3680/Z     -       I0->Z F     CKMUX2D1BWP7T      1  9.3   110   248     632    (-,-) 
  u_prbs15_core/lfsr_q_reg[7]/D  -       -     F     DFKCNQD1BWP7T      1    -     -     0     632    (-,-) 
#-----------------------------------------------------------------------------------------------------------



Path 10: MET (9146 ps) Setup Check with Pin u_prbs15_core/lfsr_q_reg[8]/CP->D
           View: WCCOM.setup_view
          Group: clk
     Startpoint: (R) u_prbs15_core/lfsr_q_reg[7]/CP
          Clock: (R) clk
       Endpoint: (F) u_prbs15_core/lfsr_q_reg[8]/D
          Clock: (R) clk

                     Capture       Launch     
        Clock Edge:+   10000            0     
       Src Latency:+       0            0     
       Net Latency:+       0 (I)        0 (I) 
           Arrival:=   10000            0     
                                              
             Setup:-     222                  
     Required Time:=    9778                  
      Launch Clock:-       0                  
         Data Path:-     632                  
             Slack:=    9146                  

#-----------------------------------------------------------------------------------------------------------
#         Timing Point           Flags   Arc   Edge     Cell       Fanout Load Trans Delay Arrival Instance 
#                                                                         (fF)  (ps)  (ps)   (ps)  Location 
#-----------------------------------------------------------------------------------------------------------
  u_prbs15_core/lfsr_q_reg[7]/CP -       -     R     (arrival)         15    -     0     0       0    (-,-) 
  u_prbs15_core/lfsr_q_reg[7]/Q  -       CP->Q F     DFKCNQD1BWP7T      1  8.9    71   384     384    (-,-) 
  u_prbs15_core/g336__6783/Z     -       I0->Z F     CKMUX2D1BWP7T      1  9.3   110   248     632    (-,-) 
  u_prbs15_core/lfsr_q_reg[8]/D  -       -     F     DFKCNQD1BWP7T      1    -     -     0     632    (-,-) 
#-----------------------------------------------------------------------------------------------------------



Path 11: MET (9146 ps) Setup Check with Pin u_prbs15_core/lfsr_q_reg[9]/CP->D
           View: WCCOM.setup_view
          Group: clk
     Startpoint: (R) u_prbs15_core/lfsr_q_reg[8]/CP
          Clock: (R) clk
       Endpoint: (F) u_prbs15_core/lfsr_q_reg[9]/D
          Clock: (R) clk

                     Capture       Launch     
        Clock Edge:+   10000            0     
       Src Latency:+       0            0     
       Net Latency:+       0 (I)        0 (I) 
           Arrival:=   10000            0     
                                              
             Setup:-     222                  
     Required Time:=    9778                  
      Launch Clock:-       0                  
         Data Path:-     632                  
             Slack:=    9146                  

#-----------------------------------------------------------------------------------------------------------
#         Timing Point           Flags   Arc   Edge     Cell       Fanout Load Trans Delay Arrival Instance 
#                                                                         (fF)  (ps)  (ps)   (ps)  Location 
#-----------------------------------------------------------------------------------------------------------
  u_prbs15_core/lfsr_q_reg[8]/CP -       -     R     (arrival)         15    -     0     0       0    (-,-) 
  u_prbs15_core/lfsr_q_reg[8]/Q  -       CP->Q F     DFKCNQD1BWP7T      1  8.9    71   384     384    (-,-) 
  u_prbs15_core/g334__5526/Z     -       I0->Z F     CKMUX2D1BWP7T      1  9.3   110   248     632    (-,-) 
  u_prbs15_core/lfsr_q_reg[9]/D  -       -     F     DFKCNQD1BWP7T      1    -     -     0     632    (-,-) 
#-----------------------------------------------------------------------------------------------------------



Path 12: MET (9146 ps) Setup Check with Pin u_prbs15_core/lfsr_q_reg[10]/CP->D
           View: WCCOM.setup_view
          Group: clk
     Startpoint: (R) u_prbs15_core/lfsr_q_reg[9]/CP
          Clock: (R) clk
       Endpoint: (F) u_prbs15_core/lfsr_q_reg[10]/D
          Clock: (R) clk

                     Capture       Launch     
        Clock Edge:+   10000            0     
       Src Latency:+       0            0     
       Net Latency:+       0 (I)        0 (I) 
           Arrival:=   10000            0     
                                              
             Setup:-     222                  
     Required Time:=    9778                  
      Launch Clock:-       0                  
         Data Path:-     632                  
             Slack:=    9146                  

#-----------------------------------------------------------------------------------------------------------
#         Timing Point           Flags   Arc   Edge     Cell       Fanout Load Trans Delay Arrival Instance 
#                                                                         (fF)  (ps)  (ps)   (ps)  Location 
#-----------------------------------------------------------------------------------------------------------
  u_prbs15_core/lfsr_q_reg[9]/CP -       -     R     (arrival)         15    -     0     0       0    (-,-) 
  u_prbs15_core/lfsr_q_reg[9]/Q  -       CP->Q F     DFKCNQD1BWP7T      1  8.9    71   384     384    (-,-) 
  u_prbs15_core/g332__8428/Z     -       I0->Z F     CKMUX2D1BWP7T      1  9.3   110   248     632    (-,-) 
  u_prbs15_core/lfsr_q_reg[10]/D -       -     F     DFKCNQD1BWP7T      1    -     -     0     632    (-,-) 
#-----------------------------------------------------------------------------------------------------------



Path 13: MET (9146 ps) Setup Check with Pin u_prbs15_core/lfsr_q_reg[11]/CP->D
           View: WCCOM.setup_view
          Group: clk
     Startpoint: (R) u_prbs15_core/lfsr_q_reg[10]/CP
          Clock: (R) clk
       Endpoint: (F) u_prbs15_core/lfsr_q_reg[11]/D
          Clock: (R) clk

                     Capture       Launch     
        Clock Edge:+   10000            0     
       Src Latency:+       0            0     
       Net Latency:+       0 (I)        0 (I) 
           Arrival:=   10000            0     
                                              
             Setup:-     222                  
     Required Time:=    9778                  
      Launch Clock:-       0                  
         Data Path:-     632                  
             Slack:=    9146                  

#------------------------------------------------------------------------------------------------------------
#          Timing Point           Flags   Arc   Edge     Cell       Fanout Load Trans Delay Arrival Instance 
#                                                                          (fF)  (ps)  (ps)   (ps)  Location 
#------------------------------------------------------------------------------------------------------------
  u_prbs15_core/lfsr_q_reg[10]/CP -       -     R     (arrival)         15    -     0     0       0    (-,-) 
  u_prbs15_core/lfsr_q_reg[10]/Q  -       CP->Q F     DFKCNQD1BWP7T      1  8.9    71   384     384    (-,-) 
  u_prbs15_core/g330__4319/Z      -       I0->Z F     CKMUX2D1BWP7T      1  9.3   110   248     632    (-,-) 
  u_prbs15_core/lfsr_q_reg[11]/D  -       -     F     DFKCNQD1BWP7T      1    -     -     0     632    (-,-) 
#------------------------------------------------------------------------------------------------------------



Path 14: MET (9146 ps) Setup Check with Pin u_prbs15_core/lfsr_q_reg[12]/CP->D
           View: WCCOM.setup_view
          Group: clk
     Startpoint: (R) u_prbs15_core/lfsr_q_reg[11]/CP
          Clock: (R) clk
       Endpoint: (F) u_prbs15_core/lfsr_q_reg[12]/D
          Clock: (R) clk

                     Capture       Launch     
        Clock Edge:+   10000            0     
       Src Latency:+       0            0     
       Net Latency:+       0 (I)        0 (I) 
           Arrival:=   10000            0     
                                              
             Setup:-     222                  
     Required Time:=    9778                  
      Launch Clock:-       0                  
         Data Path:-     632                  
             Slack:=    9146                  

#------------------------------------------------------------------------------------------------------------
#          Timing Point           Flags   Arc   Edge     Cell       Fanout Load Trans Delay Arrival Instance 
#                                                                          (fF)  (ps)  (ps)   (ps)  Location 
#------------------------------------------------------------------------------------------------------------
  u_prbs15_core/lfsr_q_reg[11]/CP -       -     R     (arrival)         15    -     0     0       0    (-,-) 
  u_prbs15_core/lfsr_q_reg[11]/Q  -       CP->Q F     DFKCNQD1BWP7T      1  8.9    71   384     384    (-,-) 
  u_prbs15_core/g328__6260/Z      -       I0->Z F     CKMUX2D1BWP7T      1  9.3   110   248     632    (-,-) 
  u_prbs15_core/lfsr_q_reg[12]/D  -       -     F     DFKCNQD1BWP7T      1    -     -     0     632    (-,-) 
#------------------------------------------------------------------------------------------------------------



Path 15: MET (9146 ps) Setup Check with Pin u_prbs15_core/lfsr_q_reg[13]/CP->D
           View: WCCOM.setup_view
          Group: clk
     Startpoint: (R) u_prbs15_core/lfsr_q_reg[12]/CP
          Clock: (R) clk
       Endpoint: (F) u_prbs15_core/lfsr_q_reg[13]/D
          Clock: (R) clk

                     Capture       Launch     
        Clock Edge:+   10000            0     
       Src Latency:+       0            0     
       Net Latency:+       0 (I)        0 (I) 
           Arrival:=   10000            0     
                                              
             Setup:-     222                  
     Required Time:=    9778                  
      Launch Clock:-       0                  
         Data Path:-     632                  
             Slack:=    9146                  

#------------------------------------------------------------------------------------------------------------
#          Timing Point           Flags   Arc   Edge     Cell       Fanout Load Trans Delay Arrival Instance 
#                                                                          (fF)  (ps)  (ps)   (ps)  Location 
#------------------------------------------------------------------------------------------------------------
  u_prbs15_core/lfsr_q_reg[12]/CP -       -     R     (arrival)         15    -     0     0       0    (-,-) 
  u_prbs15_core/lfsr_q_reg[12]/Q  -       CP->Q F     DFKCNQD1BWP7T      1  8.9    71   384     384    (-,-) 
  u_prbs15_core/g326__5107/Z      -       I0->Z F     CKMUX2D1BWP7T      1  9.3   110   248     632    (-,-) 
  u_prbs15_core/lfsr_q_reg[13]/D  -       -     F     DFKCNQD1BWP7T      1    -     -     0     632    (-,-) 
#------------------------------------------------------------------------------------------------------------

Some unconstrained paths have not been displayed.
Use -unconstrained or set the root attribute 'timing_report_unconstrained' to 'true' to see only these unconstrained paths.

