============================================================
  Generated by:           Genus(TM) Synthesis Solution 21.19-s055_1
  Generated on:           Apr 01 2026  01:49:15 pm
  Module:                 prbs15_top
  Library domain:         WCCOM.setup_cond
    Domain index:         0
    Technology libraries: tcb018gbwp7twc_ccs 270
                          tpd018nvwc 280a
  Operating conditions:   WCCOM 
  Interconnect mode:      global
  Area mode:              physical library
============================================================

                                     Leakage                        Library 
     Gate      Instances    Area   Power (nW)        Library         Domain 
----------------------------------------------------------------------------
CKLNQD1BWP7T           1    37.318      0.833    tcb018gbwp7twc_ccs       0 
CKMUX2D1BWP7T         15   296.352      8.469    tcb018gbwp7twc_ccs       0 
CKXOR2D1BWP7T          1    19.757      0.737    tcb018gbwp7twc_ccs       0 
DFKCNQD1BWP7T         14   614.656     14.524    tcb018gbwp7twc_ccs       0 
DFKSND1BWP7T           1    52.685      1.530    tcb018gbwp7twc_ccs       0 
IND3D0BWP7T            1    13.171      0.254    tcb018gbwp7twc_ccs       0 
IND4D0BWP7T            1    15.366      0.133    tcb018gbwp7twc_ccs       0 
INVD2BWP7T             1     8.781      0.405    tcb018gbwp7twc_ccs       0 
NR2D0BWP7T             1     8.781      0.118    tcb018gbwp7twc_ccs       0 
NR4D0BWP7T             3    39.514      0.273    tcb018gbwp7twc_ccs       0 
OR2D0BWP7T             1    10.976      0.282    tcb018gbwp7twc_ccs       0 
TIELBWP7T             34   223.910      0.000    tcb018gbwp7twc_ccs       0 
----------------------------------------------------------------------------
total                 74  1341.267     27.557                       


                                                         Leakage  Leakage 
            Type             Instances   Area   Area % Power (nW) Power % 
--------------------------------------------------------------------------
sequential                          15  667.341   49.8     16.053    58.3 
inverter                             1    8.781    0.7      0.405     1.5 
clock_gating_integrated_cell         1   37.318    2.8      0.833     3.0 
logic                               57  627.827   46.8     10.265    37.3 
physical_cells                       0    0.000    0.0      0.000     0.0 
--------------------------------------------------------------------------
total                               74 1341.267  100.0     27.557   100.0 

