============================================================
  Generated by:           Genus(TM) Synthesis Solution 21.19-s055_1
  Generated on:           Apr 01 2026  01:49:15 pm
  Module:                 prbs15_top
  Library domain:         WCCOM.setup_cond
    Domain index:         0
    Technology libraries: tcb018gbwp7twc_ccs 270
                          tpd018nvwc 280a
  Operating conditions:   WCCOM 
  Interconnect mode:      global
  Area mode:              physical library
============================================================

Timing
--------

  Analysis view  Clock  Period 
-------------------------------
WCCOM.setup_view clk   10000.0 


    Analysis             Cost         Critical        Violating 
      View              Group        Path Slack  TNS    Paths   
----------------------------------------------------------------
WCCOM.setup_view cg_enable_group_clk   No paths  0.0          0 
                                 clk     8745.4  0.0          0 
                             default   No paths  0.0          0 
----------------------------------------------------------------
Total                                           -0.0          0 
                                                                

Instance Count
--------------
Leaf Instance Count             74 
Physical Instance count          0 
Sequential Instance Count       16 
Combinational Instance Count    58 
Hierarchical Instance Count      3 

Area
----
Cell Area                          1341.267
Physical Cell Area                 0.000
Total Cell Area (Cell+Physical)    1341.267
Net Area                           489.302
Total Area (Cell+Physical+Net)     1830.569

Runtime                            0.0 seconds
Elapsed Runtime                    27 seconds
Genus peak memory usage            1388.99 
Innovus peak memory usage          no_value 
Hostname                           eeapps03.labidm.seas.ucla.edu
