-------------------------------------------------------------------------------
Name     : Shielded net name
Length   : Shielded net length
Shield   : Total length of shielding wire
Ratio    : Average shielding ratio
-------------------------------------------------------------------------------
Name          Length    Shield    Ratio   
                                         Layer:      Length     Shield  Ratio
-------------------------------------------------------------------------------
clk:   preferred: METAL3 - METAL4
               684.3     801.8    0.586
                                         METAL3:      439.0      477.8  0.544
                                         METAL4:      245.3      324.0  0.660
u_prbs_ber_chip_top/u_prbs_ber_top/CTS_2:   preferred: METAL3 - METAL4
                77.0     135.7    0.881
                                         METAL2:       10.4        4.1  0.198
                                         METAL3:        9.5       17.9  0.941
                                         METAL4:       29.7       58.8  0.990
                                         METAL5:       27.4       54.9  1.000
u_prbs_ber_chip_top/u_csr_regbank/CTS_2:   preferred: METAL3 - METAL4
                96.3     173.3    0.899
                                         METAL2:        6.7        7.8  0.580
                                         METAL3:       72.2      133.1  0.921
                                         METAL4:       17.4       32.4  0.933
CTS_3:   preferred: METAL3 - METAL4
               120.4     217.2    0.902
                                         METAL2:        3.4        5.6  0.833
                                         METAL3:       49.8       78.0  0.783
                                         METAL4:       67.2      133.6  0.994
u_prbs_ber_chip_top/u_csr_regbank/CTS_37:   preferred: METAL3 - METAL4
               115.9     209.6    0.904
                                         METAL2:        4.5        0.0  0.000
                                         METAL3:       99.7      186.0  0.933
                                         METAL4:       11.8       23.5  1.000
u_cfg_serial_if/CTS_2:   preferred: METAL3 - METAL4
               138.0     256.6    0.930
                                         METAL1:        2.2        2.2  0.500
                                         METAL2:        7.0        4.8  0.342
                                         METAL3:      128.8      249.6  0.969
u_prbs_ber_chip_top/u_prbs_ber_top/u_prbs_gen_top/u_prbs15_top/u_prbs15_core/CTS_3:   preferred: METAL3 - METAL4
                25.2      48.4    0.959
                                         METAL2:        1.1        0.2  0.085
                                         METAL3:        9.5       19.0  1.000
                                         METAL4:       14.6       29.1  1.000
CTS_6:   preferred: METAL3 - METAL4
               138.9     267.8    0.964
                                         METAL1:        0.6        0.6  0.500
                                         METAL2:        7.3        9.7  0.663
                                         METAL3:       43.7       82.8  0.948
                                         METAL4:       87.4      174.7  1.000
u_prbs_ber_chip_top/u_csr_regbank/CTS_42:   preferred: METAL3 - METAL4
               150.6     291.2    0.967
                                         METAL2:        2.2        2.2  0.500
                                         METAL3:      105.8      203.8  0.963
                                         METAL4:       42.6       85.1  1.000
u_cfg_serial_if/CTS_7:   preferred: METAL3 - METAL4
               111.5     215.8    0.967
                                         METAL1:        3.3        2.2  0.343
                                         METAL2:        1.3        2.4  0.931
                                         METAL3:        5.0        7.8  0.778
                                         METAL4:       14.0       27.4  0.980
                                         METAL5:       87.9      175.8  1.000
u_prbs_ber_chip_top/u_csr_regbank/CTS_22:   preferred: METAL3 - METAL4
               186.5     362.2    0.971
                                         METAL2:        1.7        0.0  0.000
                                         METAL3:      104.2      205.4  0.986
                                         METAL4:       80.6      156.8  0.972
u_cfg_serial_if/CTS_12:   preferred: METAL3 - METAL4
               125.4     243.9    0.972
                                         METAL2:        4.5        4.5  0.500
                                         METAL3:      105.8      209.2  0.988
                                         METAL4:       15.1       30.2  1.000
u_prbs_ber_chip_top/u_prbs_ber_top/CTS_7:   preferred: METAL3 - METAL4
               190.4     370.5    0.973
                                         METAL2:        6.7        6.6  0.489
                                         METAL3:      173.6      343.8  0.990
                                         METAL4:       10.1       20.2  1.000
CTS_2:   preferred: METAL3 - METAL4
               226.4     440.5    0.973
                                         METAL2:        9.7       11.0  0.570
                                         METAL3:       83.4      163.0  0.977
                                         METAL4:      133.3      266.6  1.000
u_prbs_ber_chip_top/u_csr_regbank/CTS_27:   preferred: METAL3 - METAL4
               165.2     322.8    0.977
                                         METAL2:        6.2        5.6  0.455
                                         METAL3:       12.9       25.8  1.000
                                         METAL4:        9.5       18.1  0.951
                                         METAL5:      136.6      273.3  1.000
CTS_1:   preferred: METAL3 - METAL4
               171.9     336.6    0.979
                                         METAL2:        1.7        3.4  1.000
                                         METAL3:       42.6       77.8  0.914
                                         METAL4:      127.7      255.4  1.000
u_prbs_ber_chip_top/u_csr_regbank/CTS_17:   preferred: METAL3 - METAL4
               145.0     284.9    0.982
                                         METAL3:      133.8      262.6  0.981
                                         METAL4:       11.2       22.3  0.994
u_prbs_ber_chip_top/u_csr_regbank/CTS_32:   preferred: METAL3 - METAL4
               257.0     511.4    0.995
                                         METAL1:        0.6        0.6  0.500
                                         METAL2:        1.1        1.7  0.750
                                         METAL3:      194.3      388.0  0.998
                                         METAL4:       61.0      121.1  0.992
u_prbs_ber_chip_top/u_csr_regbank/CTS_7:   preferred: METAL3 - METAL4
               155.1     309.7    0.998
                                         METAL2:        0.6        0.6  0.500
                                         METAL3:      125.4      250.9  1.000
                                         METAL4:       29.1       58.2  1.000
u_prbs_ber_chip_top/u_csr_regbank/CTS_12:   preferred: METAL3 - METAL4
               175.8     351.1    0.998
                                         METAL2:        4.5        8.3  0.932
                                         METAL3:      140.0      280.0  1.000
                                         METAL4:       31.4       62.7  1.000
-------------------------------------------------------------------------------

 Average ratio:                   0.890
                                         METAL1:          0.3        0.3  0.422
                                         METAL2:          4.0        3.9  0.488
                                         METAL3:        104.0      183.1  0.881
                                         METAL4:         51.9       95.0  0.915
                                         METAL5:         12.6       25.2  1.000


