============================================================
  Generated by:           Genus(TM) Synthesis Solution 21.19-s055_1
  Generated on:           Apr 08 2026  04:33:22 pm
  Module:                 prbs_gen_top
  Library domain:         WCCOM.setup_cond
    Domain index:         0
    Technology libraries: tcb018gbwp7twc_ccs 270
                          tpd018nvwc 280a
  Operating conditions:   WCCOM 
  Interconnect mode:      global
  Area mode:              physical library
============================================================

                                     Leakage                        Library 
     Gate      Instances    Area   Power (nW)        Library         Domain 
----------------------------------------------------------------------------
AO21D0BWP7T            1    13.171      0.258    tcb018gbwp7twc_ccs       0 
CKAN2D1BWP7T           2    21.952      0.609    tcb018gbwp7twc_ccs       0 
CKLNQD1BWP7T           2    74.637      1.664    tcb018gbwp7twc_ccs       0 
CKMUX2D1BWP7T         22   434.650     12.065    tcb018gbwp7twc_ccs       0 
CKXOR2D1BWP7T          2    39.514      1.474    tcb018gbwp7twc_ccs       0 
DFKCNQD1BWP7T         20   878.080     21.127    tcb018gbwp7twc_ccs       0 
DFKSND1BWP7T           2   105.370      3.041    tcb018gbwp7twc_ccs       0 
IND3D0BWP7T            2    26.342      0.688    tcb018gbwp7twc_ccs       0 
IND4D0BWP7T            1    15.366      0.133    tcb018gbwp7twc_ccs       0 
INR2D0BWP7T            2    21.952      0.439    tcb018gbwp7twc_ccs       0 
INVD0BWP7T             1     6.586      0.119    tcb018gbwp7twc_ccs       0 
INVD1BWP7T             1     6.586      0.204    tcb018gbwp7twc_ccs       0 
INVD2BWP7T             1     8.781      0.422    tcb018gbwp7twc_ccs       0 
MUX2D0BWP7T            1    19.757      0.409    tcb018gbwp7twc_ccs       0 
NR2D0BWP7T             2    17.562      0.237    tcb018gbwp7twc_ccs       0 
NR4D0BWP7T             4    52.685      0.378    tcb018gbwp7twc_ccs       0 
OR2D0BWP7T             1    10.976      0.282    tcb018gbwp7twc_ccs       0 
TIELBWP7T             52   342.451      0.000    tcb018gbwp7twc_ccs       0 
----------------------------------------------------------------------------
total                119  2096.416     43.547                       


                                                         Leakage  Leakage 
            Type             Instances   Area   Area % Power (nW) Power % 
--------------------------------------------------------------------------
sequential                          22  983.450   46.9     24.168    55.5 
inverter                             3   21.952    1.0      0.744     1.7 
clock_gating_integrated_cell         2   74.637    3.6      1.664     3.8 
logic                               92 1016.378   48.5     16.971    39.0 
physical_cells                       0    0.000    0.0      0.000     0.0 
--------------------------------------------------------------------------
total                              119 2096.416  100.0     43.547   100.0 

