============================================================
  Generated by:           Genus(TM) Synthesis Solution 21.19-s055_1
  Generated on:           Apr 08 2026  04:33:22 pm
  Module:                 prbs_gen_top
  Operating conditions:   WCCOM 
  Interconnect mode:      global
  Area mode:              physical library
============================================================


Path 1: MET (2748 ps) Setup Check with Pin u_prbs15_top/u_prbs15_core/lfsr_q_reg[0]/CP->D
           View: WCCOM.setup_view
          Group: clk
     Startpoint: (R) u_prbs15_top/u_prbs15_core/lfsr_q_reg[13]/CP
          Clock: (R) clk
       Endpoint: (F) u_prbs15_top/u_prbs15_core/lfsr_q_reg[0]/D
          Clock: (R) clk

                     Capture       Launch     
        Clock Edge:+    4000            0     
       Src Latency:+       0            0     
       Net Latency:+       0 (I)        0 (I) 
           Arrival:=    4000            0     
                                              
             Setup:-     239                  
     Required Time:=    3761                  
      Launch Clock:-       0                  
         Data Path:-    1012                  
             Slack:=    2748                  

#-------------------------------------------------------------------------------------------------------------------------
#                Timing Point                  Flags   Arc   Edge     Cell       Fanout Load Trans Delay Arrival Instance 
#                                                                                       (fF)  (ps)  (ps)   (ps)  Location 
#-------------------------------------------------------------------------------------------------------------------------
  u_prbs15_top/u_prbs15_core/lfsr_q_reg[13]/CP -       -     R     (arrival)         15    -     0     0       0    (-,-) 
  u_prbs15_top/u_prbs15_core/lfsr_q_reg[13]/Q  -       CP->Q R     DFKCNQD1BWP7T      2 14.9   154   367     367    (-,-) 
  u_prbs15_top/u_prbs15_core/g216__6417/Z      -       A2->Z F     CKXOR2D1BWP7T      1  8.9   113   385     752    (-,-) 
  u_prbs15_top/u_prbs15_core/g215__7410/Z      -       I0->Z F     CKMUX2D1BWP7T      1 10.1   136   260    1012    (-,-) 
  u_prbs15_top/u_prbs15_core/lfsr_q_reg[0]/D   -       -     F     DFKSND1BWP7T       1    -     -     0    1012    (-,-) 
#-------------------------------------------------------------------------------------------------------------------------



Path 2: MET (2751 ps) Setup Check with Pin u_prbs7_top/u_prbs_core/lfsr_q_reg[0]/CP->D
           View: WCCOM.setup_view
          Group: clk
     Startpoint: (R) u_prbs7_top/u_prbs_core/lfsr_q_reg[5]/CP
          Clock: (R) clk
       Endpoint: (F) u_prbs7_top/u_prbs_core/lfsr_q_reg[0]/D
          Clock: (R) clk

                     Capture       Launch     
        Clock Edge:+    4000            0     
       Src Latency:+       0            0     
       Net Latency:+       0 (I)        0 (I) 
           Arrival:=    4000            0     
                                              
             Setup:-     236                  
     Required Time:=    3764                  
      Launch Clock:-       0                  
         Data Path:-    1012                  
             Slack:=    2751                  

#---------------------------------------------------------------------------------------------------------------------
#              Timing Point                Flags   Arc   Edge     Cell       Fanout Load Trans Delay Arrival Instance 
#                                                                                   (fF)  (ps)  (ps)   (ps)  Location 
#---------------------------------------------------------------------------------------------------------------------
  u_prbs7_top/u_prbs_core/lfsr_q_reg[5]/CP -       -     R     (arrival)          7    -     0     0       0    (-,-) 
  u_prbs7_top/u_prbs_core/lfsr_q_reg[5]/Q  -       CP->Q R     DFKCNQD1BWP7T      2 14.9   154   367     367    (-,-) 
  u_prbs7_top/u_prbs_core/g136__6783/Z     -       A2->Z F     CKXOR2D1BWP7T      1  8.9   113   385     752    (-,-) 
  u_prbs7_top/u_prbs_core/g135__5526/Z     -       I0->Z F     CKMUX2D1BWP7T      1 10.1   123   260    1012    (-,-) 
  u_prbs7_top/u_prbs_core/lfsr_q_reg[0]/D  -       -     F     DFKSND1BWP7T       1    -     -     0    1012    (-,-) 
#---------------------------------------------------------------------------------------------------------------------



Path 3: MET (3121 ps) Setup Check with Pin u_prbs15_top/u_prbs15_core/lfsr_q_reg[14]/CP->D
           View: WCCOM.setup_view
          Group: clk
     Startpoint: (R) u_prbs15_top/u_prbs15_core/lfsr_q_reg[13]/CP
          Clock: (R) clk
       Endpoint: (F) u_prbs15_top/u_prbs15_core/lfsr_q_reg[14]/D
          Clock: (R) clk

                     Capture       Launch     
        Clock Edge:+    4000            0     
       Src Latency:+       0            0     
       Net Latency:+       0 (I)        0 (I) 
           Arrival:=    4000            0     
                                              
             Setup:-     226                  
     Required Time:=    3774                  
      Launch Clock:-       0                  
         Data Path:-     653                  
             Slack:=    3121                  

#-------------------------------------------------------------------------------------------------------------------------
#                Timing Point                  Flags   Arc   Edge     Cell       Fanout Load Trans Delay Arrival Instance 
#                                                                                       (fF)  (ps)  (ps)   (ps)  Location 
#-------------------------------------------------------------------------------------------------------------------------
  u_prbs15_top/u_prbs15_core/lfsr_q_reg[13]/CP -       -     R     (arrival)         15    -     0     0       0    (-,-) 
  u_prbs15_top/u_prbs15_core/lfsr_q_reg[13]/Q  -       CP->Q F     DFKCNQD1BWP7T      2 14.8    92   401     401    (-,-) 
  u_prbs15_top/u_prbs15_core/g219__2398/Z      -       I0->Z F     CKMUX2D1BWP7T      1  9.3   132   252     653    (-,-) 
  u_prbs15_top/u_prbs15_core/lfsr_q_reg[14]/D  -       -     F     DFKCNQD1BWP7T      1    -     -     0     653    (-,-) 
#-------------------------------------------------------------------------------------------------------------------------



Path 4: MET (3124 ps) Setup Check with Pin u_prbs7_top/u_prbs_core/lfsr_q_reg[6]/CP->D
           View: WCCOM.setup_view
          Group: clk
     Startpoint: (R) u_prbs7_top/u_prbs_core/lfsr_q_reg[5]/CP
          Clock: (R) clk
       Endpoint: (F) u_prbs7_top/u_prbs_core/lfsr_q_reg[6]/D
          Clock: (R) clk

                     Capture       Launch     
        Clock Edge:+    4000            0     
       Src Latency:+       0            0     
       Net Latency:+       0 (I)        0 (I) 
           Arrival:=    4000            0     
                                              
             Setup:-     223                  
     Required Time:=    3777                  
      Launch Clock:-       0                  
         Data Path:-     653                  
             Slack:=    3124                  

#---------------------------------------------------------------------------------------------------------------------
#              Timing Point                Flags   Arc   Edge     Cell       Fanout Load Trans Delay Arrival Instance 
#                                                                                   (fF)  (ps)  (ps)   (ps)  Location 
#---------------------------------------------------------------------------------------------------------------------
  u_prbs7_top/u_prbs_core/lfsr_q_reg[5]/CP -       -     R     (arrival)          7    -     0     0       0    (-,-) 
  u_prbs7_top/u_prbs_core/lfsr_q_reg[5]/Q  -       CP->Q F     DFKCNQD1BWP7T      2 14.8    92   401     401    (-,-) 
  u_prbs7_top/u_prbs_core/g139__1617/Z     -       I0->Z F     CKMUX2D1BWP7T      1  9.3   119   252     653    (-,-) 
  u_prbs7_top/u_prbs_core/lfsr_q_reg[6]/D  -       -     F     DFKCNQD1BWP7T      1    -     -     0     653    (-,-) 
#---------------------------------------------------------------------------------------------------------------------



Path 5: MET (3131 ps) Setup Check with Pin u_prbs15_top/u_prbs15_core/lfsr_q_reg[1]/CP->D
           View: WCCOM.setup_view
          Group: clk
     Startpoint: (R) u_prbs15_top/u_prbs15_core/lfsr_q_reg[0]/CP
          Clock: (R) clk
       Endpoint: (F) u_prbs15_top/u_prbs15_core/lfsr_q_reg[1]/D
          Clock: (R) clk

                     Capture       Launch     
        Clock Edge:+    4000            0     
       Src Latency:+       0            0     
       Net Latency:+       0 (I)        0 (I) 
           Arrival:=    4000            0     
                                              
             Setup:-     226                  
     Required Time:=    3774                  
      Launch Clock:-       0                  
         Data Path:-     643                  
             Slack:=    3131                  

#------------------------------------------------------------------------------------------------------------------------
#                Timing Point                 Flags   Arc   Edge     Cell       Fanout Load Trans Delay Arrival Instance 
#                                                                                      (fF)  (ps)  (ps)   (ps)  Location 
#------------------------------------------------------------------------------------------------------------------------
  u_prbs15_top/u_prbs15_core/lfsr_q_reg[0]/CP -       -     R     (arrival)         15    -     0     0       0    (-,-) 
  u_prbs15_top/u_prbs15_core/lfsr_q_reg[0]/Q  -       CP->Q F     DFKSND1BWP7T       1  8.9    74   394     394    (-,-) 
  u_prbs15_top/u_prbs15_core/g331__1666/Z     -       I0->Z F     CKMUX2D1BWP7T      1  9.3   132   248     643    (-,-) 
  u_prbs15_top/u_prbs15_core/lfsr_q_reg[1]/D  -       -     F     DFKCNQD1BWP7T      1    -     -     0     643    (-,-) 
#------------------------------------------------------------------------------------------------------------------------



Path 6: MET (3134 ps) Setup Check with Pin u_prbs7_top/u_prbs_core/lfsr_q_reg[1]/CP->D
           View: WCCOM.setup_view
          Group: clk
     Startpoint: (R) u_prbs7_top/u_prbs_core/lfsr_q_reg[0]/CP
          Clock: (R) clk
       Endpoint: (F) u_prbs7_top/u_prbs_core/lfsr_q_reg[1]/D
          Clock: (R) clk

                     Capture       Launch     
        Clock Edge:+    4000            0     
       Src Latency:+       0            0     
       Net Latency:+       0 (I)        0 (I) 
           Arrival:=    4000            0     
                                              
             Setup:-     223                  
     Required Time:=    3777                  
      Launch Clock:-       0                  
         Data Path:-     643                  
             Slack:=    3134                  

#---------------------------------------------------------------------------------------------------------------------
#              Timing Point                Flags   Arc   Edge     Cell       Fanout Load Trans Delay Arrival Instance 
#                                                                                   (fF)  (ps)  (ps)   (ps)  Location 
#---------------------------------------------------------------------------------------------------------------------
  u_prbs7_top/u_prbs_core/lfsr_q_reg[0]/CP -       -     R     (arrival)          7    -     0     0       0    (-,-) 
  u_prbs7_top/u_prbs_core/lfsr_q_reg[0]/Q  -       CP->Q F     DFKSND1BWP7T       1  8.9    74   394     394    (-,-) 
  u_prbs7_top/u_prbs_core/g168__8428/Z     -       I0->Z F     CKMUX2D1BWP7T      1  9.3   119   248     643    (-,-) 
  u_prbs7_top/u_prbs_core/lfsr_q_reg[1]/D  -       -     F     DFKCNQD1BWP7T      1    -     -     0     643    (-,-) 
#---------------------------------------------------------------------------------------------------------------------



Path 7: MET (3142 ps) Setup Check with Pin u_prbs15_top/u_prbs15_core/lfsr_q_reg[13]/CP->D
           View: WCCOM.setup_view
          Group: clk
     Startpoint: (R) u_prbs15_top/u_prbs15_core/lfsr_q_reg[12]/CP
          Clock: (R) clk
       Endpoint: (F) u_prbs15_top/u_prbs15_core/lfsr_q_reg[13]/D
          Clock: (R) clk

                     Capture       Launch     
        Clock Edge:+    4000            0     
       Src Latency:+       0            0     
       Net Latency:+       0 (I)        0 (I) 
           Arrival:=    4000            0     
                                              
             Setup:-     226                  
     Required Time:=    3774                  
      Launch Clock:-       0                  
         Data Path:-     632                  
             Slack:=    3142                  

#-------------------------------------------------------------------------------------------------------------------------
#                Timing Point                  Flags   Arc   Edge     Cell       Fanout Load Trans Delay Arrival Instance 
#                                                                                       (fF)  (ps)  (ps)   (ps)  Location 
#-------------------------------------------------------------------------------------------------------------------------
  u_prbs15_top/u_prbs15_core/lfsr_q_reg[12]/CP -       -     R     (arrival)         15    -     0     0       0    (-,-) 
  u_prbs15_top/u_prbs15_core/lfsr_q_reg[12]/Q  -       CP->Q F     DFKCNQD1BWP7T      1  8.9    71   384     384    (-,-) 
  u_prbs15_top/u_prbs15_core/g218__5477/Z      -       I0->Z F     CKMUX2D1BWP7T      1  9.3   132   248     632    (-,-) 
  u_prbs15_top/u_prbs15_core/lfsr_q_reg[13]/D  -       -     F     DFKCNQD1BWP7T      1    -     -     0     632    (-,-) 
#-------------------------------------------------------------------------------------------------------------------------



Path 8: MET (3142 ps) Setup Check with Pin u_prbs15_top/u_prbs15_core/lfsr_q_reg[2]/CP->D
           View: WCCOM.setup_view
          Group: clk
     Startpoint: (R) u_prbs15_top/u_prbs15_core/lfsr_q_reg[1]/CP
          Clock: (R) clk
       Endpoint: (F) u_prbs15_top/u_prbs15_core/lfsr_q_reg[2]/D
          Clock: (R) clk

                     Capture       Launch     
        Clock Edge:+    4000            0     
       Src Latency:+       0            0     
       Net Latency:+       0 (I)        0 (I) 
           Arrival:=    4000            0     
                                              
             Setup:-     226                  
     Required Time:=    3774                  
      Launch Clock:-       0                  
         Data Path:-     632                  
             Slack:=    3142                  

#------------------------------------------------------------------------------------------------------------------------
#                Timing Point                 Flags   Arc   Edge     Cell       Fanout Load Trans Delay Arrival Instance 
#                                                                                      (fF)  (ps)  (ps)   (ps)  Location 
#------------------------------------------------------------------------------------------------------------------------
  u_prbs15_top/u_prbs15_core/lfsr_q_reg[1]/CP -       -     R     (arrival)         15    -     0     0       0    (-,-) 
  u_prbs15_top/u_prbs15_core/lfsr_q_reg[1]/Q  -       CP->Q F     DFKCNQD1BWP7T      1  8.9    71   384     384    (-,-) 
  u_prbs15_top/u_prbs15_core/g328__2883/Z     -       I0->Z F     CKMUX2D1BWP7T      1  9.3   132   248     632    (-,-) 
  u_prbs15_top/u_prbs15_core/lfsr_q_reg[2]/D  -       -     F     DFKCNQD1BWP7T      1    -     -     0     632    (-,-) 
#------------------------------------------------------------------------------------------------------------------------



Path 9: MET (3142 ps) Setup Check with Pin u_prbs15_top/u_prbs15_core/lfsr_q_reg[3]/CP->D
           View: WCCOM.setup_view
          Group: clk
     Startpoint: (R) u_prbs15_top/u_prbs15_core/lfsr_q_reg[2]/CP
          Clock: (R) clk
       Endpoint: (F) u_prbs15_top/u_prbs15_core/lfsr_q_reg[3]/D
          Clock: (R) clk

                     Capture       Launch     
        Clock Edge:+    4000            0     
       Src Latency:+       0            0     
       Net Latency:+       0 (I)        0 (I) 
           Arrival:=    4000            0     
                                              
             Setup:-     226                  
     Required Time:=    3774                  
      Launch Clock:-       0                  
         Data Path:-     632                  
             Slack:=    3142                  

#------------------------------------------------------------------------------------------------------------------------
#                Timing Point                 Flags   Arc   Edge     Cell       Fanout Load Trans Delay Arrival Instance 
#                                                                                      (fF)  (ps)  (ps)   (ps)  Location 
#------------------------------------------------------------------------------------------------------------------------
  u_prbs15_top/u_prbs15_core/lfsr_q_reg[2]/CP -       -     R     (arrival)         15    -     0     0       0    (-,-) 
  u_prbs15_top/u_prbs15_core/lfsr_q_reg[2]/Q  -       CP->Q F     DFKCNQD1BWP7T      1  8.9    71   384     384    (-,-) 
  u_prbs15_top/u_prbs15_core/g326__9945/Z     -       I0->Z F     CKMUX2D1BWP7T      1  9.3   132   248     632    (-,-) 
  u_prbs15_top/u_prbs15_core/lfsr_q_reg[3]/D  -       -     F     DFKCNQD1BWP7T      1    -     -     0     632    (-,-) 
#------------------------------------------------------------------------------------------------------------------------



Path 10: MET (3142 ps) Setup Check with Pin u_prbs15_top/u_prbs15_core/lfsr_q_reg[4]/CP->D
           View: WCCOM.setup_view
          Group: clk
     Startpoint: (R) u_prbs15_top/u_prbs15_core/lfsr_q_reg[3]/CP
          Clock: (R) clk
       Endpoint: (F) u_prbs15_top/u_prbs15_core/lfsr_q_reg[4]/D
          Clock: (R) clk

                     Capture       Launch     
        Clock Edge:+    4000            0     
       Src Latency:+       0            0     
       Net Latency:+       0 (I)        0 (I) 
           Arrival:=    4000            0     
                                              
             Setup:-     226                  
     Required Time:=    3774                  
      Launch Clock:-       0                  
         Data Path:-     632                  
             Slack:=    3142                  

#------------------------------------------------------------------------------------------------------------------------
#                Timing Point                 Flags   Arc   Edge     Cell       Fanout Load Trans Delay Arrival Instance 
#                                                                                      (fF)  (ps)  (ps)   (ps)  Location 
#------------------------------------------------------------------------------------------------------------------------
  u_prbs15_top/u_prbs15_core/lfsr_q_reg[3]/CP -       -     R     (arrival)         15    -     0     0       0    (-,-) 
  u_prbs15_top/u_prbs15_core/lfsr_q_reg[3]/Q  -       CP->Q F     DFKCNQD1BWP7T      1  8.9    71   384     384    (-,-) 
  u_prbs15_top/u_prbs15_core/g324__9315/Z     -       I0->Z F     CKMUX2D1BWP7T      1  9.3   132   248     632    (-,-) 
  u_prbs15_top/u_prbs15_core/lfsr_q_reg[4]/D  -       -     F     DFKCNQD1BWP7T      1    -     -     0     632    (-,-) 
#------------------------------------------------------------------------------------------------------------------------



Path 11: MET (3142 ps) Setup Check with Pin u_prbs15_top/u_prbs15_core/lfsr_q_reg[5]/CP->D
           View: WCCOM.setup_view
          Group: clk
     Startpoint: (R) u_prbs15_top/u_prbs15_core/lfsr_q_reg[4]/CP
          Clock: (R) clk
       Endpoint: (F) u_prbs15_top/u_prbs15_core/lfsr_q_reg[5]/D
          Clock: (R) clk

                     Capture       Launch     
        Clock Edge:+    4000            0     
       Src Latency:+       0            0     
       Net Latency:+       0 (I)        0 (I) 
           Arrival:=    4000            0     
                                              
             Setup:-     226                  
     Required Time:=    3774                  
      Launch Clock:-       0                  
         Data Path:-     632                  
             Slack:=    3142                  

#------------------------------------------------------------------------------------------------------------------------
#                Timing Point                 Flags   Arc   Edge     Cell       Fanout Load Trans Delay Arrival Instance 
#                                                                                      (fF)  (ps)  (ps)   (ps)  Location 
#------------------------------------------------------------------------------------------------------------------------
  u_prbs15_top/u_prbs15_core/lfsr_q_reg[4]/CP -       -     R     (arrival)         15    -     0     0       0    (-,-) 
  u_prbs15_top/u_prbs15_core/lfsr_q_reg[4]/Q  -       CP->Q F     DFKCNQD1BWP7T      1  8.9    71   384     384    (-,-) 
  u_prbs15_top/u_prbs15_core/g322__6161/Z     -       I0->Z F     CKMUX2D1BWP7T      1  9.3   132   248     632    (-,-) 
  u_prbs15_top/u_prbs15_core/lfsr_q_reg[5]/D  -       -     F     DFKCNQD1BWP7T      1    -     -     0     632    (-,-) 
#------------------------------------------------------------------------------------------------------------------------



Path 12: MET (3142 ps) Setup Check with Pin u_prbs15_top/u_prbs15_core/lfsr_q_reg[6]/CP->D
           View: WCCOM.setup_view
          Group: clk
     Startpoint: (R) u_prbs15_top/u_prbs15_core/lfsr_q_reg[5]/CP
          Clock: (R) clk
       Endpoint: (F) u_prbs15_top/u_prbs15_core/lfsr_q_reg[6]/D
          Clock: (R) clk

                     Capture       Launch     
        Clock Edge:+    4000            0     
       Src Latency:+       0            0     
       Net Latency:+       0 (I)        0 (I) 
           Arrival:=    4000            0     
                                              
             Setup:-     226                  
     Required Time:=    3774                  
      Launch Clock:-       0                  
         Data Path:-     632                  
             Slack:=    3142                  

#------------------------------------------------------------------------------------------------------------------------
#                Timing Point                 Flags   Arc   Edge     Cell       Fanout Load Trans Delay Arrival Instance 
#                                                                                      (fF)  (ps)  (ps)   (ps)  Location 
#------------------------------------------------------------------------------------------------------------------------
  u_prbs15_top/u_prbs15_core/lfsr_q_reg[5]/CP -       -     R     (arrival)         15    -     0     0       0    (-,-) 
  u_prbs15_top/u_prbs15_core/lfsr_q_reg[5]/Q  -       CP->Q F     DFKCNQD1BWP7T      1  8.9    71   384     384    (-,-) 
  u_prbs15_top/u_prbs15_core/g320__4733/Z     -       I0->Z F     CKMUX2D1BWP7T      1  9.3   132   248     632    (-,-) 
  u_prbs15_top/u_prbs15_core/lfsr_q_reg[6]/D  -       -     F     DFKCNQD1BWP7T      1    -     -     0     632    (-,-) 
#------------------------------------------------------------------------------------------------------------------------



Path 13: MET (3142 ps) Setup Check with Pin u_prbs15_top/u_prbs15_core/lfsr_q_reg[7]/CP->D
           View: WCCOM.setup_view
          Group: clk
     Startpoint: (R) u_prbs15_top/u_prbs15_core/lfsr_q_reg[6]/CP
          Clock: (R) clk
       Endpoint: (F) u_prbs15_top/u_prbs15_core/lfsr_q_reg[7]/D
          Clock: (R) clk

                     Capture       Launch     
        Clock Edge:+    4000            0     
       Src Latency:+       0            0     
       Net Latency:+       0 (I)        0 (I) 
           Arrival:=    4000            0     
                                              
             Setup:-     226                  
     Required Time:=    3774                  
      Launch Clock:-       0                  
         Data Path:-     632                  
             Slack:=    3142                  

#------------------------------------------------------------------------------------------------------------------------
#                Timing Point                 Flags   Arc   Edge     Cell       Fanout Load Trans Delay Arrival Instance 
#                                                                                      (fF)  (ps)  (ps)   (ps)  Location 
#------------------------------------------------------------------------------------------------------------------------
  u_prbs15_top/u_prbs15_core/lfsr_q_reg[6]/CP -       -     R     (arrival)         15    -     0     0       0    (-,-) 
  u_prbs15_top/u_prbs15_core/lfsr_q_reg[6]/Q  -       CP->Q F     DFKCNQD1BWP7T      1  8.9    71   384     384    (-,-) 
  u_prbs15_top/u_prbs15_core/g318__7482/Z     -       I0->Z F     CKMUX2D1BWP7T      1  9.3   132   248     632    (-,-) 
  u_prbs15_top/u_prbs15_core/lfsr_q_reg[7]/D  -       -     F     DFKCNQD1BWP7T      1    -     -     0     632    (-,-) 
#------------------------------------------------------------------------------------------------------------------------



Path 14: MET (3142 ps) Setup Check with Pin u_prbs15_top/u_prbs15_core/lfsr_q_reg[8]/CP->D
           View: WCCOM.setup_view
          Group: clk
     Startpoint: (R) u_prbs15_top/u_prbs15_core/lfsr_q_reg[7]/CP
          Clock: (R) clk
       Endpoint: (F) u_prbs15_top/u_prbs15_core/lfsr_q_reg[8]/D
          Clock: (R) clk

                     Capture       Launch     
        Clock Edge:+    4000            0     
       Src Latency:+       0            0     
       Net Latency:+       0 (I)        0 (I) 
           Arrival:=    4000            0     
                                              
             Setup:-     226                  
     Required Time:=    3774                  
      Launch Clock:-       0                  
         Data Path:-     632                  
             Slack:=    3142                  

#------------------------------------------------------------------------------------------------------------------------
#                Timing Point                 Flags   Arc   Edge     Cell       Fanout Load Trans Delay Arrival Instance 
#                                                                                      (fF)  (ps)  (ps)   (ps)  Location 
#------------------------------------------------------------------------------------------------------------------------
  u_prbs15_top/u_prbs15_core/lfsr_q_reg[7]/CP -       -     R     (arrival)         15    -     0     0       0    (-,-) 
  u_prbs15_top/u_prbs15_core/lfsr_q_reg[7]/Q  -       CP->Q F     DFKCNQD1BWP7T      1  8.9    71   384     384    (-,-) 
  u_prbs15_top/u_prbs15_core/g316__5115/Z     -       I0->Z F     CKMUX2D1BWP7T      1  9.3   132   248     632    (-,-) 
  u_prbs15_top/u_prbs15_core/lfsr_q_reg[8]/D  -       -     F     DFKCNQD1BWP7T      1    -     -     0     632    (-,-) 
#------------------------------------------------------------------------------------------------------------------------



Path 15: MET (3142 ps) Setup Check with Pin u_prbs15_top/u_prbs15_core/lfsr_q_reg[9]/CP->D
           View: WCCOM.setup_view
          Group: clk
     Startpoint: (R) u_prbs15_top/u_prbs15_core/lfsr_q_reg[8]/CP
          Clock: (R) clk
       Endpoint: (F) u_prbs15_top/u_prbs15_core/lfsr_q_reg[9]/D
          Clock: (R) clk

                     Capture       Launch     
        Clock Edge:+    4000            0     
       Src Latency:+       0            0     
       Net Latency:+       0 (I)        0 (I) 
           Arrival:=    4000            0     
                                              
             Setup:-     226                  
     Required Time:=    3774                  
      Launch Clock:-       0                  
         Data Path:-     632                  
             Slack:=    3142                  

#------------------------------------------------------------------------------------------------------------------------
#                Timing Point                 Flags   Arc   Edge     Cell       Fanout Load Trans Delay Arrival Instance 
#                                                                                      (fF)  (ps)  (ps)   (ps)  Location 
#------------------------------------------------------------------------------------------------------------------------
  u_prbs15_top/u_prbs15_core/lfsr_q_reg[8]/CP -       -     R     (arrival)         15    -     0     0       0    (-,-) 
  u_prbs15_top/u_prbs15_core/lfsr_q_reg[8]/Q  -       CP->Q F     DFKCNQD1BWP7T      1  8.9    71   384     384    (-,-) 
  u_prbs15_top/u_prbs15_core/g314__1881/Z     -       I0->Z F     CKMUX2D1BWP7T      1  9.3   132   248     632    (-,-) 
  u_prbs15_top/u_prbs15_core/lfsr_q_reg[9]/D  -       -     F     DFKCNQD1BWP7T      1    -     -     0     632    (-,-) 
#------------------------------------------------------------------------------------------------------------------------



Path 16: MET (3142 ps) Setup Check with Pin u_prbs15_top/u_prbs15_core/lfsr_q_reg[10]/CP->D
           View: WCCOM.setup_view
          Group: clk
     Startpoint: (R) u_prbs15_top/u_prbs15_core/lfsr_q_reg[9]/CP
          Clock: (R) clk
       Endpoint: (F) u_prbs15_top/u_prbs15_core/lfsr_q_reg[10]/D
          Clock: (R) clk

                     Capture       Launch     
        Clock Edge:+    4000            0     
       Src Latency:+       0            0     
       Net Latency:+       0 (I)        0 (I) 
           Arrival:=    4000            0     
                                              
             Setup:-     226                  
     Required Time:=    3774                  
      Launch Clock:-       0                  
         Data Path:-     632                  
             Slack:=    3142                  

#------------------------------------------------------------------------------------------------------------------------
#                Timing Point                 Flags   Arc   Edge     Cell       Fanout Load Trans Delay Arrival Instance 
#                                                                                      (fF)  (ps)  (ps)   (ps)  Location 
#------------------------------------------------------------------------------------------------------------------------
  u_prbs15_top/u_prbs15_core/lfsr_q_reg[9]/CP -       -     R     (arrival)         15    -     0     0       0    (-,-) 
  u_prbs15_top/u_prbs15_core/lfsr_q_reg[9]/Q  -       CP->Q F     DFKCNQD1BWP7T      1  8.9    71   384     384    (-,-) 
  u_prbs15_top/u_prbs15_core/g312__6131/Z     -       I0->Z F     CKMUX2D1BWP7T      1  9.3   132   248     632    (-,-) 
  u_prbs15_top/u_prbs15_core/lfsr_q_reg[10]/D -       -     F     DFKCNQD1BWP7T      1    -     -     0     632    (-,-) 
#------------------------------------------------------------------------------------------------------------------------



Path 17: MET (3142 ps) Setup Check with Pin u_prbs15_top/u_prbs15_core/lfsr_q_reg[11]/CP->D
           View: WCCOM.setup_view
          Group: clk
     Startpoint: (R) u_prbs15_top/u_prbs15_core/lfsr_q_reg[10]/CP
          Clock: (R) clk
       Endpoint: (F) u_prbs15_top/u_prbs15_core/lfsr_q_reg[11]/D
          Clock: (R) clk

                     Capture       Launch     
        Clock Edge:+    4000            0     
       Src Latency:+       0            0     
       Net Latency:+       0 (I)        0 (I) 
           Arrival:=    4000            0     
                                              
             Setup:-     226                  
     Required Time:=    3774                  
      Launch Clock:-       0                  
         Data Path:-     632                  
             Slack:=    3142                  

#-------------------------------------------------------------------------------------------------------------------------
#                Timing Point                  Flags   Arc   Edge     Cell       Fanout Load Trans Delay Arrival Instance 
#                                                                                       (fF)  (ps)  (ps)   (ps)  Location 
#-------------------------------------------------------------------------------------------------------------------------
  u_prbs15_top/u_prbs15_core/lfsr_q_reg[10]/CP -       -     R     (arrival)         15    -     0     0       0    (-,-) 
  u_prbs15_top/u_prbs15_core/lfsr_q_reg[10]/Q  -       CP->Q F     DFKCNQD1BWP7T      1  8.9    71   384     384    (-,-) 
  u_prbs15_top/u_prbs15_core/g310__7098/Z      -       I0->Z F     CKMUX2D1BWP7T      1  9.3   132   248     632    (-,-) 
  u_prbs15_top/u_prbs15_core/lfsr_q_reg[11]/D  -       -     F     DFKCNQD1BWP7T      1    -     -     0     632    (-,-) 
#-------------------------------------------------------------------------------------------------------------------------



Path 18: MET (3142 ps) Setup Check with Pin u_prbs15_top/u_prbs15_core/lfsr_q_reg[12]/CP->D
           View: WCCOM.setup_view
          Group: clk
     Startpoint: (R) u_prbs15_top/u_prbs15_core/lfsr_q_reg[11]/CP
          Clock: (R) clk
       Endpoint: (F) u_prbs15_top/u_prbs15_core/lfsr_q_reg[12]/D
          Clock: (R) clk

                     Capture       Launch     
        Clock Edge:+    4000            0     
       Src Latency:+       0            0     
       Net Latency:+       0 (I)        0 (I) 
           Arrival:=    4000            0     
                                              
             Setup:-     226                  
     Required Time:=    3774                  
      Launch Clock:-       0                  
         Data Path:-     632                  
             Slack:=    3142                  

#-------------------------------------------------------------------------------------------------------------------------
#                Timing Point                  Flags   Arc   Edge     Cell       Fanout Load Trans Delay Arrival Instance 
#                                                                                       (fF)  (ps)  (ps)   (ps)  Location 
#-------------------------------------------------------------------------------------------------------------------------
  u_prbs15_top/u_prbs15_core/lfsr_q_reg[11]/CP -       -     R     (arrival)         15    -     0     0       0    (-,-) 
  u_prbs15_top/u_prbs15_core/lfsr_q_reg[11]/Q  -       CP->Q F     DFKCNQD1BWP7T      1  8.9    71   384     384    (-,-) 
  u_prbs15_top/u_prbs15_core/g308__8246/Z      -       I0->Z F     CKMUX2D1BWP7T      1  9.3   132   248     632    (-,-) 
  u_prbs15_top/u_prbs15_core/lfsr_q_reg[12]/D  -       -     F     DFKCNQD1BWP7T      1    -     -     0     632    (-,-) 
#-------------------------------------------------------------------------------------------------------------------------



Path 19: MET (3144 ps) Setup Check with Pin u_prbs7_top/u_prbs_core/lfsr_q_reg[5]/CP->D
           View: WCCOM.setup_view
          Group: clk
     Startpoint: (R) u_prbs7_top/u_prbs_core/lfsr_q_reg[4]/CP
          Clock: (R) clk
       Endpoint: (F) u_prbs7_top/u_prbs_core/lfsr_q_reg[5]/D
          Clock: (R) clk

                     Capture       Launch     
        Clock Edge:+    4000            0     
       Src Latency:+       0            0     
       Net Latency:+       0 (I)        0 (I) 
           Arrival:=    4000            0     
                                              
             Setup:-     223                  
     Required Time:=    3777                  
      Launch Clock:-       0                  
         Data Path:-     632                  
             Slack:=    3144                  

#---------------------------------------------------------------------------------------------------------------------
#              Timing Point                Flags   Arc   Edge     Cell       Fanout Load Trans Delay Arrival Instance 
#                                                                                   (fF)  (ps)  (ps)   (ps)  Location 
#---------------------------------------------------------------------------------------------------------------------
  u_prbs7_top/u_prbs_core/lfsr_q_reg[4]/CP -       -     R     (arrival)          7    -     0     0       0    (-,-) 
  u_prbs7_top/u_prbs_core/lfsr_q_reg[4]/Q  -       CP->Q F     DFKCNQD1BWP7T      1  8.9    71   384     384    (-,-) 
  u_prbs7_top/u_prbs_core/g138__3680/Z     -       I0->Z F     CKMUX2D1BWP7T      1  9.3   119   248     632    (-,-) 
  u_prbs7_top/u_prbs_core/lfsr_q_reg[5]/D  -       -     F     DFKCNQD1BWP7T      1    -     -     0     632    (-,-) 
#---------------------------------------------------------------------------------------------------------------------



Path 20: MET (3144 ps) Setup Check with Pin u_prbs7_top/u_prbs_core/lfsr_q_reg[2]/CP->D
           View: WCCOM.setup_view
          Group: clk
     Startpoint: (R) u_prbs7_top/u_prbs_core/lfsr_q_reg[1]/CP
          Clock: (R) clk
       Endpoint: (F) u_prbs7_top/u_prbs_core/lfsr_q_reg[2]/D
          Clock: (R) clk

                     Capture       Launch     
        Clock Edge:+    4000            0     
       Src Latency:+       0            0     
       Net Latency:+       0 (I)        0 (I) 
           Arrival:=    4000            0     
                                              
             Setup:-     223                  
     Required Time:=    3777                  
      Launch Clock:-       0                  
         Data Path:-     632                  
             Slack:=    3144                  

#---------------------------------------------------------------------------------------------------------------------
#              Timing Point                Flags   Arc   Edge     Cell       Fanout Load Trans Delay Arrival Instance 
#                                                                                   (fF)  (ps)  (ps)   (ps)  Location 
#---------------------------------------------------------------------------------------------------------------------
  u_prbs7_top/u_prbs_core/lfsr_q_reg[1]/CP -       -     R     (arrival)          7    -     0     0       0    (-,-) 
  u_prbs7_top/u_prbs_core/lfsr_q_reg[1]/Q  -       CP->Q F     DFKCNQD1BWP7T      1  8.9    71   384     384    (-,-) 
  u_prbs7_top/u_prbs_core/g165__6260/Z     -       I0->Z F     CKMUX2D1BWP7T      1  9.3   119   248     632    (-,-) 
  u_prbs7_top/u_prbs_core/lfsr_q_reg[2]/D  -       -     F     DFKCNQD1BWP7T      1    -     -     0     632    (-,-) 
#---------------------------------------------------------------------------------------------------------------------



Path 21: MET (3144 ps) Setup Check with Pin u_prbs7_top/u_prbs_core/lfsr_q_reg[3]/CP->D
           View: WCCOM.setup_view
          Group: clk
     Startpoint: (R) u_prbs7_top/u_prbs_core/lfsr_q_reg[2]/CP
          Clock: (R) clk
       Endpoint: (F) u_prbs7_top/u_prbs_core/lfsr_q_reg[3]/D
          Clock: (R) clk

                     Capture       Launch     
        Clock Edge:+    4000            0     
       Src Latency:+       0            0     
       Net Latency:+       0 (I)        0 (I) 
           Arrival:=    4000            0     
                                              
             Setup:-     223                  
     Required Time:=    3777                  
      Launch Clock:-       0                  
         Data Path:-     632                  
             Slack:=    3144                  

#---------------------------------------------------------------------------------------------------------------------
#              Timing Point                Flags   Arc   Edge     Cell       Fanout Load Trans Delay Arrival Instance 
#                                                                                   (fF)  (ps)  (ps)   (ps)  Location 
#---------------------------------------------------------------------------------------------------------------------
  u_prbs7_top/u_prbs_core/lfsr_q_reg[2]/CP -       -     R     (arrival)          7    -     0     0       0    (-,-) 
  u_prbs7_top/u_prbs_core/lfsr_q_reg[2]/Q  -       CP->Q F     DFKCNQD1BWP7T      1  8.9    71   384     384    (-,-) 
  u_prbs7_top/u_prbs_core/g163__5107/Z     -       I0->Z F     CKMUX2D1BWP7T      1  9.3   119   248     632    (-,-) 
  u_prbs7_top/u_prbs_core/lfsr_q_reg[3]/D  -       -     F     DFKCNQD1BWP7T      1    -     -     0     632    (-,-) 
#---------------------------------------------------------------------------------------------------------------------



Path 22: MET (3144 ps) Setup Check with Pin u_prbs7_top/u_prbs_core/lfsr_q_reg[4]/CP->D
           View: WCCOM.setup_view
          Group: clk
     Startpoint: (R) u_prbs7_top/u_prbs_core/lfsr_q_reg[3]/CP
          Clock: (R) clk
       Endpoint: (F) u_prbs7_top/u_prbs_core/lfsr_q_reg[4]/D
          Clock: (R) clk

                     Capture       Launch     
        Clock Edge:+    4000            0     
       Src Latency:+       0            0     
       Net Latency:+       0 (I)        0 (I) 
           Arrival:=    4000            0     
                                              
             Setup:-     223                  
     Required Time:=    3777                  
      Launch Clock:-       0                  
         Data Path:-     632                  
             Slack:=    3144                  

#---------------------------------------------------------------------------------------------------------------------
#              Timing Point                Flags   Arc   Edge     Cell       Fanout Load Trans Delay Arrival Instance 
#                                                                                   (fF)  (ps)  (ps)   (ps)  Location 
#---------------------------------------------------------------------------------------------------------------------
  u_prbs7_top/u_prbs_core/lfsr_q_reg[3]/CP -       -     R     (arrival)          7    -     0     0       0    (-,-) 
  u_prbs7_top/u_prbs_core/lfsr_q_reg[3]/Q  -       CP->Q F     DFKCNQD1BWP7T      1  8.9    71   384     384    (-,-) 
  u_prbs7_top/u_prbs_core/g161__2398/Z     -       I0->Z F     CKMUX2D1BWP7T      1  9.3   119   248     632    (-,-) 
  u_prbs7_top/u_prbs_core/lfsr_q_reg[4]/D  -       -     F     DFKCNQD1BWP7T      1    -     -     0     632    (-,-) 
#---------------------------------------------------------------------------------------------------------------------

Some unconstrained paths have not been displayed.
Use -unconstrained or set the root attribute 'timing_report_unconstrained' to 'true' to see only these unconstrained paths.

