============================================================
  Generated by:           Genus(TM) Synthesis Solution 21.19-s055_1
  Generated on:           Apr 08 2026  04:33:22 pm
  Module:                 prbs_gen_top
  Library domain:         WCCOM.setup_cond
    Domain index:         0
    Technology libraries: tcb018gbwp7twc_ccs 270
                          tpd018nvwc 280a
  Operating conditions:   WCCOM 
  Interconnect mode:      global
  Area mode:              physical library
============================================================

Timing
--------

  Analysis view  Clock Period 
------------------------------
WCCOM.setup_view clk   4000.0 


    Analysis             Cost         Critical        Violating 
      View              Group        Path Slack  TNS    Paths   
----------------------------------------------------------------
WCCOM.setup_view cg_enable_group_clk   No paths  0.0          0 
                                 clk     2748.2  0.0          0 
                             default   No paths  0.0          0 
----------------------------------------------------------------
Total                                           -0.0          0 
                                                                

Instance Count
--------------
Leaf Instance Count             119 
Physical Instance count           0 
Sequential Instance Count        24 
Combinational Instance Count     95 
Hierarchical Instance Count       8 

Area
----
Cell Area                          2096.416
Physical Cell Area                 0.000
Total Cell Area (Cell+Physical)    2096.416
Net Area                           766.406
Total Area (Cell+Physical+Net)     2862.822

Runtime                            0.0 seconds
Elapsed Runtime                    28 seconds
Genus peak memory usage            1391.56 
Innovus peak memory usage          no_value 
Hostname                           eeapps03.labidm.seas.ucla.edu
