-------------------------------------------------------------------------------
Name     : Shielded net name
Length   : Shielded net length
Shield   : Total length of shielding wire
Ratio    : Average shielding ratio
-------------------------------------------------------------------------------
Name          Length    Shield    Ratio   
                                         Layer:      Length     Shield  Ratio
-------------------------------------------------------------------------------
u_prbs_ber_chip_top/u_prbs_ber_top/u_prbs_gen_top/u_prbs15_top/u_prbs15_core/CTS_3:   preferred: METAL3 - METAL4
                17.9      30.8    0.858
                                         METAL2:        0.6        0.6  0.500
                                         METAL3:        2.2        2.2  0.500
                                         METAL4:       15.1       27.9  0.924
u_prbs_ber_chip_top/u_csr_regbank/CTS_12:   preferred: METAL3 - METAL4
                83.4     146.6    0.878
                                         METAL2:        5.6        1.1  0.100
                                         METAL3:       43.1       76.8  0.890
                                         METAL4:       19.6       38.5  0.981
                                         METAL5:       15.1       30.2  1.000
CTS_3:   preferred: METAL3 - METAL4
               140.6     252.3    0.898
                                         METAL2:        8.4        9.5  0.567
                                         METAL3:       43.1       64.7  0.751
                                         METAL4:       78.4      156.8  1.000
                                         METAL5:       10.6       21.3  1.000
u_prbs_ber_chip_top/u_csr_regbank/CTS_7:   preferred: METAL3 - METAL4
               202.2     366.7    0.907
                                         METAL2:       12.3        9.5  0.386
                                         METAL3:      184.2      346.0  0.939
                                         METAL4:        5.6       11.2  1.000
u_prbs_ber_chip_top/u_prbs_ber_top/CTS_2:   preferred: METAL3 - METAL4
               104.2     191.8    0.920
                                         METAL2:        7.8        6.2  0.399
                                         METAL3:       65.5      123.9  0.946
                                         METAL4:       30.8       61.6  1.000
u_prbs_ber_chip_top/u_csr_regbank/CTS_2:   preferred: METAL3 - METAL4
               136.6     252.5    0.924
                                         METAL2:       10.6       15.6  0.732
                                         METAL3:      117.6      220.1  0.936
                                         METAL4:        8.4       16.8  1.000
u_prbs_ber_chip_top/u_csr_regbank/CTS_37:   preferred: METAL3 - METAL4
               134.4     249.0    0.926
                                         METAL2:        7.8       10.0  0.636
                                         METAL3:      117.6      221.1  0.940
                                         METAL4:        9.0       17.9  1.000
u_prbs_ber_chip_top/u_csr_regbank/CTS_32:   preferred: METAL3 - METAL4
               103.6     193.7    0.935
                                         METAL2:        4.5        3.4  0.375
                                         METAL3:       87.9      168.0  0.955
                                         METAL4:       11.2       22.4  0.998
CTS_4:   preferred: METAL3 - METAL4
               180.4     339.4    0.941
                                         METAL1:        0.1        0.0  0.000
                                         METAL2:        9.5        8.1  0.426
                                         METAL3:       32.5       54.7  0.842
                                         METAL4:      138.3      276.6  1.000
CTS_2:   preferred: METAL3 - METAL4
               163.5     307.9    0.942
                                         METAL2:       14.0       12.0  0.428
                                         METAL3:      107.5      212.0  0.986
                                         METAL4:       42.0       84.0  1.000
u_prbs_ber_chip_top/u_csr_regbank/CTS_17:   preferred: METAL3 - METAL4
               238.0     450.8    0.947
                                         METAL1:        2.2        2.2  0.500
                                         METAL2:        5.6        3.9  0.350
                                         METAL3:      174.2      332.7  0.955
                                         METAL4:       56.0      112.0  1.000
u_prbs_ber_chip_top/CTS_4:   preferred: METAL3 - METAL4
               144.5     273.7    0.947
                                         METAL2:        4.5        5.5  0.614
                                         METAL3:       89.6      167.4  0.934
                                         METAL4:       50.4      100.8  1.000
u_prbs_ber_chip_top/u_csr_regbank/CTS_22:   preferred: METAL3 - METAL4
               171.4     328.9    0.960
                                         METAL2:        0.6        1.1  1.000
                                         METAL3:      154.6      295.3  0.955
                                         METAL4:       16.2       32.5  1.000
u_cfg_serial_if/CTS_13:   preferred: METAL3 - METAL4
               161.0     310.9    0.966
                                         METAL1:        0.3        0.0  0.000
                                         METAL2:        1.1        1.1  0.500
                                         METAL3:      142.8      277.0  0.970
                                         METAL4:       16.8       32.8  0.976
u_cfg_serial_if/CTS_7:   preferred: METAL3 - METAL4
               194.3     375.6    0.966
                                         METAL2:        8.4       10.3  0.611
                                         METAL3:      166.3      326.1  0.980
                                         METAL4:       19.6       39.2  1.000
u_prbs_ber_chip_top/u_csr_regbank/CTS_27:   preferred: METAL3 - METAL4
               261.0     506.3    0.970
                                         METAL2:       11.2       16.9  0.756
                                         METAL3:      246.4      482.6  0.979
                                         METAL4:        3.4        6.7  1.000
u_prbs_ber_chip_top/u_csr_regbank/CTS_42:   preferred: METAL3 - METAL4
               129.4     252.1    0.974
                                         METAL2:        0.6        0.0  0.000
                                         METAL3:       88.5      171.4  0.969
                                         METAL4:       40.3       80.6  1.000
u_cfg_serial_if/CTS_2:   preferred: METAL3 - METAL4
               238.6     470.0    0.985
                                         METAL1:        1.1        2.2  1.000
                                         METAL2:        2.8        5.6  1.000
                                         METAL3:      191.0      379.8  0.995
                                         METAL4:       43.7       82.3  0.942
u_prbs_ber_chip_top/u_prbs_ber_top/CTS_7:   preferred: METAL3 - METAL4
               105.3     207.8    0.987
                                         METAL1:        0.6        0.6  0.500
                                         METAL2:        1.1        1.1  0.500
                                         METAL3:       75.6      150.1  0.993
                                         METAL4:       28.0       56.0  1.000
clk:   preferred: METAL3 - METAL4
               272.2     540.1    0.992
                                         METAL2:        2.2        2.2  0.500
                                         METAL3:      200.5      399.0  0.995
                                         METAL4:       69.4      138.9  1.000
-------------------------------------------------------------------------------

 Average ratio:                   0.950
                                         METAL1:          0.2        0.3  0.587
                                         METAL2:          6.0        6.2  0.519
                                         METAL3:        116.5      223.5  0.959
                                         METAL4:         35.1       69.8  0.994
                                         METAL5:          1.3        2.6  1.000


