Hinst Name                                                                                                   Module Name                               Inst Count           Total Area               Buffer             Inverter        Combinational                 Flop                Latch           Clock Gate                Macro             Physical
-----------------------------------------------------------------------------------------------------------------------------------------------------------------------------------------------------------------------------------------------------------------------------------------------------------------------------------------------------------------------
prbs_ber_pad_top                                                                                                                                             1953            44145.472              913.203              586.118            17601.114            25045.037                0.000              906.618                0.000                0.000
 u_cfg_serial_if                                                                                             cfg_serial_if_mapped                             273             8163.949              210.739               46.099             1457.613             6449.498                0.000              237.082                0.000                0.000
  u_cfg_serial_if/CLKGATE_RC_CG_HIER_INST0                                                                   CLKGATE_RC_CG_MOD_mapped                           1               37.318                0.000                0.000                0.000               37.318                0.000               37.318                0.000                0.000
  u_cfg_serial_if/CLKGATE_RC_CG_HIER_INST1                                                                   CLKGATE_RC_CG_MOD_1_mapped                         1               41.709                0.000                0.000                0.000               41.709                0.000               41.709                0.000                0.000
  u_cfg_serial_if/CLKGATE_RC_CG_HIER_INST2                                                                   CLKGATE_RC_CG_MOD_2_mapped                         1               41.709                0.000                0.000                0.000               41.709                0.000               41.709                0.000                0.000
  u_cfg_serial_if/CLKGATE_RC_CG_HIER_INST3                                                                   CLKGATE_RC_CG_MOD_3_mapped                         1               41.709                0.000                0.000                0.000               41.709                0.000               41.709                0.000                0.000
  u_cfg_serial_if/CLKGATE_RC_CG_HIER_INST4                                                                   CLKGATE_RC_CG_MOD_4_mapped                         1               37.318                0.000                0.000                0.000               37.318                0.000               37.318                0.000                0.000
  u_cfg_serial_if/CLKGATE_RC_CG_HIER_INST5                                                                   CLKGATE_RC_CG_MOD_5_mapped                         1               37.318                0.000                0.000                0.000               37.318                0.000               37.318                0.000                0.000
 u_prbs_ber_chip_top                                                                                         prbs_ber_chip_top_mapped                        1663            35770.784              491.725              540.019            16143.501            18595.539                0.000              669.536                0.000                0.000
  u_prbs_ber_chip_top/u_csr_regbank                                                                          csr_regbank_mapped                              1051            24603.802              346.842              138.298             9858.643            14260.019                0.000              469.773                0.000                0.000
   u_prbs_ber_chip_top/u_csr_regbank/CLKGATE_RC_CG_HIER_INST10                                               CLKGATE_RC_CG_MOD_10_mapped                        1               37.318                0.000                0.000                0.000               37.318                0.000               37.318                0.000                0.000
   u_prbs_ber_chip_top/u_csr_regbank/CLKGATE_RC_CG_HIER_INST11                                               CLKGATE_RC_CG_MOD_11_mapped                        1               37.318                0.000                0.000                0.000               37.318                0.000               37.318                0.000                0.000
   u_prbs_ber_chip_top/u_csr_regbank/CLKGATE_RC_CG_HIER_INST12                                               CLKGATE_RC_CG_MOD_12_mapped                        1               37.318                0.000                0.000                0.000               37.318                0.000               37.318                0.000                0.000
   u_prbs_ber_chip_top/u_csr_regbank/CLKGATE_RC_CG_HIER_INST13                                               CLKGATE_RC_CG_MOD_13_mapped                        1               52.685                0.000                0.000                0.000               52.685                0.000               52.685                0.000                0.000
   u_prbs_ber_chip_top/u_csr_regbank/CLKGATE_RC_CG_HIER_INST14                                               CLKGATE_RC_CG_MOD_14_mapped                        1               63.661                0.000                0.000                0.000               63.661                0.000               63.661                0.000                0.000
   u_prbs_ber_chip_top/u_csr_regbank/CLKGATE_RC_CG_HIER_INST15                                               CLKGATE_RC_CG_MOD_15_mapped                        1               41.709                0.000                0.000                0.000               41.709                0.000               41.709                0.000                0.000
   u_prbs_ber_chip_top/u_csr_regbank/CLKGATE_RC_CG_HIER_INST16                                               CLKGATE_RC_CG_MOD_16_mapped                        1               37.318                0.000                0.000                0.000               37.318                0.000               37.318                0.000                0.000
   u_prbs_ber_chip_top/u_csr_regbank/CLKGATE_RC_CG_HIER_INST17                                               CLKGATE_RC_CG_MOD_17_mapped                        1               41.709                0.000                0.000                0.000               41.709                0.000               41.709                0.000                0.000
   u_prbs_ber_chip_top/u_csr_regbank/CLKGATE_RC_CG_HIER_INST6                                                CLKGATE_RC_CG_MOD_6_mapped                         1               41.709                0.000                0.000                0.000               41.709                0.000               41.709                0.000                0.000
   u_prbs_ber_chip_top/u_csr_regbank/CLKGATE_RC_CG_HIER_INST8                                                CLKGATE_RC_CG_MOD_8_mapped                         1               41.709                0.000                0.000                0.000               41.709                0.000               41.709                0.000                0.000
   u_prbs_ber_chip_top/u_csr_regbank/CLKGATE_RC_CG_HIER_INST9                                                CLKGATE_RC_CG_MOD_9_mapped                         1               37.318                0.000                0.000                0.000               37.318                0.000               37.318                0.000                0.000
  u_prbs_ber_chip_top/u_measure_ctrl                                                                         measure_ctrl_mapped                              269             3200.602                0.000              335.866             2561.798              302.938                0.000               37.318                0.000                0.000
   u_prbs_ber_chip_top/u_measure_ctrl/CLKGATE_RC_CG_HIER_INST18                                              CLKGATE_RC_CG_MOD_18_mapped                        1               37.318                0.000                0.000                0.000               37.318                0.000               37.318                0.000                0.000
  u_prbs_ber_chip_top/u_prbs_ber_top                                                                         prbs_ber_top_mapped                              338             7904.915              109.760               65.856             3696.717             4032.582                0.000              162.445                0.000                0.000
   u_prbs_ber_chip_top/u_prbs_ber_top/CLKGATE_RC_CG_HIER_INST19                                              CLKGATE_RC_CG_MOD_19_mapped                        1               41.709                0.000                0.000                0.000               41.709                0.000               41.709                0.000                0.000
   u_prbs_ber_chip_top/u_prbs_ber_top/CLKGATE_RC_CG_HIER_INST20                                              CLKGATE_RC_CG_MOD_20_mapped                        1               41.709                0.000                0.000                0.000               41.709                0.000               41.709                0.000                0.000
   u_prbs_ber_chip_top/u_prbs_ber_top/u_prbs_gen_top                                                         prbs_gen_top_mapped                               71             1784.698               21.952               26.342              684.902             1051.501                0.000               79.027                0.000                0.000
    u_prbs_ber_chip_top/u_prbs_ber_top/u_prbs_gen_top/u_prbs15_top                                           prbs15_top_mapped                                 43             1141.504               21.952               13.171              408.307              698.074                0.000               41.709                0.000                0.000
     u_prbs_ber_chip_top/u_prbs_ber_top/u_prbs_gen_top/u_prbs15_top/u_prbs15_core                            prbs15_core_LFSR_W15_DEFAULT_SEED1_mapped         38             1069.062               21.952               13.171              335.866              698.074                0.000               41.709                0.000                0.000
      u_prbs_ber_chip_top/u_prbs_ber_top/u_prbs_gen_top/u_prbs15_top/u_prbs15_core/CLKGATE_RC_CG_HIER_INST22 CLKGATE_RC_CG_MOD_22_mapped                        1               41.709                0.000                0.000                0.000               41.709                0.000               41.709                0.000                0.000
     u_prbs_ber_chip_top/u_prbs_ber_top/u_prbs_gen_top/u_prbs15_top/u_prbs15_ctrl                            prbs15_ctrl_LFSR_W15_DEFAULT_SEED1_mapped          5               72.442                0.000                0.000               72.442                0.000                0.000                0.000                0.000                0.000
    u_prbs_ber_chip_top/u_prbs_ber_top/u_prbs_gen_top/u_prbs7_top                                            prbs_top_mapped                                   22              572.947                0.000                6.586              212.934              353.427                0.000               37.318                0.000                0.000
     u_prbs_ber_chip_top/u_prbs_ber_top/u_prbs_gen_top/u_prbs7_top/u_prbs_core                               prbs_core_LFSR_W7_DEFAULT_SEED1_mapped            19              537.824                0.000                6.586              177.811              353.427                0.000               37.318                0.000                0.000
      u_prbs_ber_chip_top/u_prbs_ber_top/u_prbs_gen_top/u_prbs7_top/u_prbs_core/CLKGATE_RC_CG_HIER_INST21    CLKGATE_RC_CG_MOD_21_mapped                        1               37.318                0.000                0.000                0.000               37.318                0.000               37.318                0.000                0.000
     u_prbs_ber_chip_top/u_prbs_ber_top/u_prbs_gen_top/u_prbs7_top/u_prbs_ctrl                               prbs_ctrl_LFSR_W7_DEFAULT_SEED1_mapped             3               35.123                0.000                0.000               35.123                0.000                0.000                0.000                0.000                0.000
