                         Chronologic VCS (TM)
       Version V-2023.12-SP2_Full64 -- Wed Apr  1 13:50:06 2026

                    Copyright (c) 1991 - 2024 Synopsys, Inc.
   This software and the associated documentation are proprietary to Synopsys,
 Inc. This software may only be used in accordance with the terms and conditions
 of a written license agreement with Synopsys, Inc. All other use, reproduction,
   or distribution of this software is strictly prohibited.  Licensed Products
     communicate with Synopsys servers for the purpose of providing software
    updates, detecting software piracy and verifying that customers are using
    Licensed Products in conformity with the applicable License Key for such
  Licensed Products. Synopsys will use information gathered in connection with
    this process to deliver software updates and pursue software pirates and
                                   infringers.

 Inclusivity & Diversity - Visit SolvNetPlus to read the "Synopsys Statement on
            Inclusivity and Diversity" (Refer to article 000036315 at
                        https://solvnetplus.synopsys.com)

Parsing design file '/w/home.09/home/liyuyao864/ee209/prbs_project/build_prbs15/syn-rundir/prbs15_top.mapped.v'
Parsing design file '/w/home.09/home/liyuyao864/ee209/prbs_project/tb/prbs15_top_tb.sv'
Parsing design file '/w/class.1/ee/ee209b/ee209bta/TSMC180PDK/Standard_Cells_and_IO/180_G_Standard_Cell/core_cell_library/core_cell_library/7-track/tcb018gbwp7t_290a/TSMCHOME/digital/Front_End/verilog/tcb018gbwp7t_270a/tcb018gbwp7t.v'
Top Level Modules:
       prbs15_top_tb
TimeScale is 1 ps / 1 ps

   ***   $sdf_annotate() version 1.2R
   ***    SDF file: "/w/home.09/home/liyuyao864/ee209/prbs_project/build_prbs15/syn-rundir/prbs15_top.mapped.sdf"
   ***    Annotation scope: prbs15_top_tb.dut
   ***    MTM selection: "MAXIMUM"
   ***    No SCALE FACTORS argument specified
   ***    No SCALE TYPE argument specified
   ***    SCALE FACTORS defaulted to "1.0:1.0:1.0":
   ***    SCALE TYPE defaulted to: "FROM_MTM"
   ***    Turnoff delay: "FROM_FILE"
   ***    Approximation (mipd) policy: "MAXIMUM"

   ***    SDF annotation begin: Wed Apr  1 13:50:08 2026


SDF Info: +pulse_r/100, +pulse_e/100 in effect

          Total errors: 0
          Total warnings: 0
   ***    SDF annotation completed: Wed Apr  1 13:50:08 2026


Starting vcs inline pass...
18 modules and 4 UDPs read.
recompiling module SdfDummyMod
recompiling module CLKGATE_RC_CG_MOD_mapped
recompiling module prbs15_core_LFSR_W15_DEFAULT_SEED1_mapped
recompiling module prbs15_ctrl_LFSR_W15_DEFAULT_SEED1_mapped
recompiling module prbs15_top
recompiling module prbs15_top_tb
recompiling module CKLNQD1BWP7T
recompiling module CKMUX2D1BWP7T
recompiling module CKXOR2D1BWP7T
recompiling module DFKCNQD1BWP7T
recompiling module DFKSND1BWP7T
recompiling module IND3D0BWP7T
recompiling module IND4D0BWP7T
recompiling module INVD2BWP7T
recompiling module NR2D0BWP7T
recompiling module NR4D0BWP7T
recompiling module OR2D0BWP7T
recompiling module TIELBWP7T
All of 18 modules done
make[1]: Entering directory '/w/home.09/home/liyuyao864/ee209/prbs_project/build_prbs15/sim-syn-rundir'
rm -f _cuarc*.so _csrc*.so pre_vcsobj_*.so share_vcsobj_*.so
if [ -x /w/home.09/home/liyuyao864/ee209/prbs_project/build_prbs15/sim-syn-rundir/simv ]; then chmod a-x /w/home.09/home/liyuyao864/ee209/prbs_project/build_prbs15/sim-syn-rundir/simv; fi
g++  -o /w/home.09/home/liyuyao864/ee209/prbs_project/build_prbs15/sim-syn-rundir/simv      -rdynamic  -Wl,-rpath='$ORIGIN'/simv.daidir -Wl,-rpath=./simv.daidir -Wl,-rpath=/w/apps4/Synopsys/verdi/V-2023.12-SP2/platform/verdi_supp/V-2023.12-SP2/linux64/lib -L/w/apps4/Synopsys/verdi/V-2023.12-SP2/platform/verdi_supp/V-2023.12-SP2/linux64/lib  -Wl,-rpath-link=./   objs/amcQw_d.o   _1831220_archive_1.so objs/udps/HWVx0.o objs/udps/m6zeg.o objs/udps/JvR1L.o objs/udps/df3ii.o   SIM_l.o       rmapats_mop.o rmapats.o rmar.o rmar_nd.o  rmar_llvm_0_1.o rmar_llvm_0_0.o            -lnuma -lvirsim -lerrorinf -lsnpsmalloc -lvfs    -lvcsnew -lsimprofile -luclinative /w/apps4/Synopsys/verdi/V-2023.12-SP2/platform/verdi_supp/V-2023.12-SP2/linux64/lib/vcs_tls.o   -Wl,-whole-archive  -lvcsucli    -Wl,-no-whole-archive        _vcs_pli_stub_.o   /w/apps4/Synopsys/verdi/V-2023.12-SP2/platform/verdi_supp/V-2023.12-SP2/linux64/lib/vcs_save_restore_new.o /w/apps4/Synopsys/verdi/V-2023.12-SP2/share/PLI/VCS/LINUX64/pli.a -ldl  -lc -lm -lpthread -ldl 
/w/home.09/home/liyuyao864/ee209/prbs_project/build_prbs15/sim-syn-rundir/simv up to date
make[1]: Leaving directory '/w/home.09/home/liyuyao864/ee209/prbs_project/build_prbs15/sim-syn-rundir'
CPU time: 1.071 seconds to compile + .211 seconds to elab + .378 seconds to link
Verdi KDB elaboration done and the database successfully generated: 0 error(s), 0 warning(s)
