*----------------------------------------------------------------------------------------
*	Innovus 21.19-s058_1 (64bit) 04/04/2024 09:59 (Linux 3.10.0-693.el7.x86_64)
*	
*
* 	Date & Time:	2026-May-03 12:58:53 (2026-May-03 19:58:53 GMT)
*
*----------------------------------------------------------------------------------------
*
*	Design: prbs_ber_pad_top
*
*	Liberty Libraries used: 
*	        WCCOM.setup_view: /w/class.1/ee/ee209b/ee209bta/TSMC180PDK/Standard_Cells_and_IO/180_G_Standard_Cell/core_cell_library/core_cell_library/7-track/tcb018gbwp7t_290a/TSMCHOME/digital/Front_End/timing_power_noise/CCS/tcb018gbwp7t_270a/tcb018gbwp7twc_ccs.lib
*	        WCCOM.setup_view: /w/class.1/ee/ee209b/ee209bta/TSMC180PDK/Standard_Cells_and_IO/180_G_Standard_IO/Standard_IO/Standard_IO/tpd018nv_280a/TSMCHOME/digital/Front_End/timing_power_noise/NLDM/tpd018nv_280a/tpd018nvwc.lib
*
*	Power Domain used: 
*              Rail:        VDD      Voltage:       1.62 
*
*       Power View : WCCOM.setup_view
*
*       User-Defined Activity : N.A.
*
*       Activity File: N.A.
*
*       Hierarchical Global Activity: N.A.
*
*       Global Activity: N.A.
*
*       Sequential Element Activity: 0.200000
*
*       Primary Input Activity: 0.200000
*
*       Default icg ratio: N.A.
*
*       Global Comb ClockGate Ratio: N.A.
*
*	Power Units = 1mW
*
*	Time Units = 1e-09 secs 
*
*       report_power -outfile prbs_ber_pad_top_power.rpt -hierarchy all
*
-----------------------------------------------------------------------------------------


Total Power 
-----------------------------------------------------------------------------------------
Total Internal Power:       10.87229870 	   79.2426%
Total Switching Power:       2.84694510 	   20.7499%
Total Leakage Power:         0.00103375 	    0.0075%
Total Power:                13.72027754 
-----------------------------------------------------------------------------------------


Group                           Internal   Switching     Leakage       Total  Percentage 
                                Power      Power         Power         Power  (%)        
-----------------------------------------------------------------------------------------
Sequential                         8.736      0.6653   0.0005652       9.402       68.52 
Macro                                  0           0           0           0           0 
IO                                     0           0   1.353e-13   1.353e-13    9.86e-13 
Combinational                      1.135      0.7726   0.0004194       1.908       13.91 
Clock (Combinational)             0.4997       1.145   2.711e-05       1.645       11.99 
Clock (Sequential)                0.5018      0.2638    2.21e-05      0.7656        5.58 
-----------------------------------------------------------------------------------------
Total                              10.87       2.847    0.001034       13.72         100 
-----------------------------------------------------------------------------------------


Clock                           Internal   Switching     Leakage       Total  Percentage 
                                Power      Power         Power         Power  (%)        
-----------------------------------------------------------------------------------------
clk                                1.002       1.409   4.921e-05       2.411       17.57 
-----------------------------------------------------------------------------------------
Total (excluding duplicates)       1.002       1.409   4.921e-05       2.411       17.57 
-----------------------------------------------------------------------------------------
Clock: clk
Clock Period: 0.004000 usec 
Clock Toggle Rate:   500.0000 Mhz 
Clock Static Probability:  0.5000



Rail                  Voltage   Internal   Switching     Leakage       Total  Percentage 
                                Power      Power         Power         Power  (%)        
-----------------------------------------------------------------------------------------
VDD                      1.62      10.87       2.847    0.001034       13.72         100 


Total Power 
-----------------------------------------------------------------------------------------
Total Internal Power:       10.87229870 	   79.2426%
Total Switching Power:       2.84694510 	   20.7499%
Total Leakage Power:         0.00103375 	    0.0075%
Total Power:                13.72027754 
-----------------------------------------------------------------------------------------


Hierarchy                       Internal   Switching     Leakage       Total  Percentage 
                                Power      Power         Power         Power  (%)        
-----------------------------------------------------------------------------------------
u_cfg_serial_if                    1.127      0.2623   0.0001827        1.39       10.13  
u_prbs_ber_chip_top                 9.61        2.15   0.0008407       11.76       85.72  
u_prbs_ber_chip_top/u_csr_regbank
                                    6.57        1.32   0.0005718       7.891       57.51  
u_prbs_ber_chip_top/u_measure_ctrl
                                  0.3717      0.1495   7.328e-05      0.5213       3.799  
u_prbs_ber_chip_top/u_prbs_ber_top
                                   2.646      0.6167   0.0001942       3.262       23.78  
u_cfg_serial_if/CLKGATE_RC_CG_HIER_INST0
                                 0.01648   6.129e-06   8.298e-07     0.01649      0.1202  
u_cfg_serial_if/CLKGATE_RC_CG_HIER_INST1
                                 0.01644   1.134e-05   8.298e-07     0.01645      0.1199  
u_cfg_serial_if/CLKGATE_RC_CG_HIER_INST2
                                 0.01726    0.001454     8.3e-07     0.01872      0.1364  
u_cfg_serial_if/CLKGATE_RC_CG_HIER_INST3
                                 0.01979    0.004925   1.042e-06     0.02472      0.1802  
u_cfg_serial_if/CLKGATE_RC_CG_HIER_INST4
                                 0.01844    0.002721   8.305e-07     0.02117      0.1543  
u_cfg_serial_if/CLKGATE_RC_CG_HIER_INST5
                                 0.02174    0.005672   8.329e-07     0.02741      0.1998  
u_prbs_ber_chip_top/u_prbs_ber_top/u_prbs_gen_top
                                   0.602     0.09197   4.347e-05       0.694       5.058  
u_prbs_ber_chip_top/u_csr_regbank/CLKGATE_RC_CG_HIER_INST6
                                 0.02303     0.01657   1.052e-06      0.0396      0.2886  
u_prbs_ber_chip_top/u_csr_regbank/CLKGATE_RC_CG_HIER_INST8
                                  0.0324     0.02225   1.505e-06     0.05465      0.3983  
u_prbs_ber_chip_top/u_csr_regbank/CLKGATE_RC_CG_HIER_INST9
                                 0.02062     0.01298   8.324e-07     0.03361      0.2449  
u_prbs_ber_chip_top/u_csr_regbank/CLKGATE_RC_CG_HIER_INST10
                                 0.02099    0.006809   8.328e-07      0.0278      0.2026  
u_prbs_ber_chip_top/u_csr_regbank/CLKGATE_RC_CG_HIER_INST11
                                 0.02108     0.01558   8.328e-07     0.03666      0.2672  
u_prbs_ber_chip_top/u_csr_regbank/CLKGATE_RC_CG_HIER_INST12
                                 0.02103     0.01672   8.328e-07     0.03775      0.2752  
u_prbs_ber_chip_top/u_csr_regbank/CLKGATE_RC_CG_HIER_INST13
                                 0.02896     0.02296     1.5e-06     0.05193      0.3785  
u_prbs_ber_chip_top/u_csr_regbank/CLKGATE_RC_CG_HIER_INST14
                                   0.029     0.01742     1.5e-06     0.04642      0.3384  
u_prbs_ber_chip_top/u_csr_regbank/CLKGATE_RC_CG_HIER_INST15
                                 0.02303     0.01489   1.052e-06     0.03792      0.2764  
u_prbs_ber_chip_top/u_csr_regbank/CLKGATE_RC_CG_HIER_INST16
                                 0.02107     0.01363   8.328e-07     0.03471       0.253  
u_prbs_ber_chip_top/u_csr_regbank/CLKGATE_RC_CG_HIER_INST17
                                 0.02302     0.01422   1.052e-06     0.03723      0.2714  
u_prbs_ber_chip_top/u_measure_ctrl/CLKGATE_RC_CG_HIER_INST18
                                 0.02095    0.006916   8.342e-07     0.02787      0.2031  
u_prbs_ber_chip_top/u_prbs_ber_top/CLKGATE_RC_CG_HIER_INST19
                                 0.02603     0.02077   1.062e-06      0.0468      0.3411  
u_prbs_ber_chip_top/u_prbs_ber_top/CLKGATE_RC_CG_HIER_INST20
                                 0.03822     0.02841   1.518e-06     0.06664      0.4857  
u_prbs_ber_chip_top/u_prbs_ber_top/u_prbs_gen_top/u_prbs7_top
                                   0.195     0.02177   1.393e-05      0.2168        1.58  
u_prbs_ber_chip_top/u_prbs_ber_top/u_prbs_gen_top/u_prbs15_top
                                  0.4018      0.0532    2.76e-05       0.455       3.316  
u_prbs_ber_chip_top/u_prbs_ber_top/u_prbs_gen_top/u_prbs7_top/u_prbs_core
                                  0.1925     0.02108   1.336e-05      0.2136       1.557  
u_prbs_ber_chip_top/u_prbs_ber_top/u_prbs_gen_top/u_prbs15_top/u_prbs15_core
                                  0.3968     0.05228   2.665e-05      0.4491       3.273  
u_prbs_ber_chip_top/u_prbs_ber_top/u_prbs_gen_top/u_prbs7_top/u_prbs_ctrl
                                0.002475   0.0006951   5.734e-07    0.003171     0.02311  
u_prbs_ber_chip_top/u_prbs_ber_top/u_prbs_gen_top/u_prbs15_top/u_prbs15_ctrl
                                0.004991   0.0009202   9.521e-07    0.005912     0.04309  
u_prbs_ber_chip_top/u_prbs_ber_top/u_prbs_gen_top/u_prbs7_top/u_prbs_core/CLKGATE_RC_CG_HIER_INST21
                                 0.02114     0.01329   8.331e-07     0.03443      0.2509  
u_prbs_ber_chip_top/u_prbs_ber_top/u_prbs_gen_top/u_prbs15_top/u_prbs15_core/CLKGATE_RC_CG_HIER_INST22
                                 0.02107    0.005601   8.331e-07     0.02667      0.1944  


-----------------------------------------------------------------------------------------
*	Power Distribution Summary: 
*                Highest Average Power:       CTS_ccl_a_buf_00065 (CKBD6BWP7T):          0.09264 
*                Highest Leakage Power: u_prbs_ber_chip_top/u_prbs_ber_top/CLKGATE_RC_CG_HIER_INST20/RC_CGIC_INST (CKLNQD4BWP7T):        1.518e-06 
*          Total Cap:      3.25288e-11 F
*          Total instances in design:  1960
*          Total instances in design with no power:     2
*          Total instances in design with no activity:     2
*          Total Fillers and Decap:     0
-----------------------------------------------------------------------------------------

