-------------------------------------------------------------------------------
Name     : Shielded net name
Length   : Shielded net length
Shield   : Total length of shielding wire
Ratio    : Average shielding ratio
-------------------------------------------------------------------------------
Name          Length    Shield    Ratio   
                                         Layer:      Length     Shield  Ratio
-------------------------------------------------------------------------------
u_prbs_ber_chip_top/u_csr_regbank/CTS_12:   preferred: METAL3 - METAL4
                14.6      23.5    0.808
                                         METAL2:        4.5        5.7  0.632
                                         METAL3:       10.1       17.9  0.886
u_prbs_ber_chip_top/u_prbs_ber_top/u_prbs_gen_top/u_prbs15_top/u_prbs15_core/CTS_3:   preferred: METAL3 - METAL4
                13.4      21.9    0.816
                                         METAL2:        0.6        0.6  0.500
                                         METAL3:        4.5        4.6  0.510
                                         METAL4:        8.4       16.8  1.000
u_cfg_serial_if/CTS_7:   preferred: METAL3 - METAL4
               104.7     187.5    0.895
                                         METAL1:        0.6        0.6  0.500
                                         METAL2:        3.4        3.4  0.500
                                         METAL3:      100.8      183.6  0.911
u_prbs_ber_chip_top/u_csr_regbank/CTS_32:   preferred: METAL3 - METAL4
               122.4     224.1    0.916
                                         METAL1:        0.3        0.0  0.000
                                         METAL2:        3.9        2.8  0.351
                                         METAL3:      107.5      200.0  0.930
                                         METAL4:       10.6       21.3  1.000
u_prbs_ber_chip_top/u_csr_regbank/CTS_37:   preferred: METAL3 - METAL4
                98.0     181.7    0.927
                                         METAL1:        3.9        3.9  0.500
                                         METAL2:        2.8        1.5  0.268
                                         METAL3:       79.5      152.7  0.960
                                         METAL4:       11.8       23.5  1.000
u_prbs_ber_chip_top/u_csr_regbank/CTS_22:   preferred: METAL3 - METAL4
               133.8     254.4    0.950
                                         METAL1:        0.6        0.0  0.000
                                         METAL2:        2.2        1.7  0.375
                                         METAL3:      117.6      225.8  0.960
                                         METAL4:       13.4       26.9  1.000
CTS_2:   preferred: METAL3 - METAL4
               155.7     296.3    0.952
                                         METAL2:        9.0       12.0  0.669
                                         METAL3:       10.1       15.1  0.748
                                         METAL4:      109.2      214.4  0.982
                                         METAL5:       27.4       54.9  1.000
u_prbs_ber_chip_top/u_csr_regbank/CTS_2:   preferred: METAL3 - METAL4
               196.6     374.5    0.953
                                         METAL2:        1.1        1.0  0.455
                                         METAL3:      166.9      317.1  0.950
                                         METAL4:       28.6       56.3  0.986
u_prbs_ber_chip_top/u_csr_regbank/CTS_47:   preferred: METAL3 - METAL4
               165.2     316.4    0.958
                                         METAL2:        5.6        2.2  0.200
                                         METAL3:      103.6      202.2  0.976
                                         METAL4:       56.0      112.0  1.000
u_prbs_ber_chip_top/u_csr_regbank/CTS_17:   preferred: METAL3 - METAL4
               203.8     390.8    0.959
                                         METAL2:        3.4        1.7  0.250
                                         METAL3:      161.8      311.9  0.964
                                         METAL4:       38.6       77.3  1.000
u_cfg_serial_if/CTS_2:   preferred: METAL3 - METAL4
               150.6     289.1    0.960
                                         METAL2:        4.5        3.9  0.432
                                         METAL3:      126.0      246.0  0.976
                                         METAL4:        2.2        3.4  0.750
                                         METAL5:       17.9       35.8  1.000
u_prbs_ber_chip_top/u_csr_regbank/CTS_42:   preferred: METAL3 - METAL4
               182.0     350.0    0.962
                                         METAL1:        0.6        0.0  0.000
                                         METAL2:        6.2        1.7  0.136
                                         METAL3:        7.3       12.3  0.846
                                         METAL4:       32.5       65.0  1.000
                                         METAL5:      135.5      271.0  1.000
CTS_4:   preferred: METAL3 - METAL4
               171.5     330.6    0.964
                                         METAL2:        0.7        0.4  0.300
                                         METAL3:       14.6       19.8  0.680
                                         METAL4:      128.8      255.6  0.992
                                         METAL5:       27.4       54.9  1.000
u_cfg_serial_if/CTS_12:   preferred: METAL3 - METAL4
               112.8     217.7    0.965
                                         METAL1:        0.3        0.0  0.000
                                         METAL2:        2.2        3.3  0.739
                                         METAL3:       95.2      184.2  0.967
                                         METAL4:       15.1       30.2  1.000
CTS_6:   preferred: METAL3 - METAL4
               192.1     371.5    0.967
                                         METAL1:        2.8        2.2  0.400
                                         METAL2:        3.9        5.0  0.643
                                         METAL3:       53.2      101.0  0.950
                                         METAL4:      132.2      263.2  0.996
u_prbs_ber_chip_top/u_prbs_ber_top/CTS_7:   preferred: METAL3 - METAL4
               106.4     206.4    0.970
                                         METAL2:        1.1        0.6  0.250
                                         METAL3:       84.0      163.2  0.972
                                         METAL4:       21.3       42.6  1.000
clk:   preferred: METAL3 - METAL4
               413.8     815.6    0.986
                                         METAL1:        2.2        2.2  0.500
                                         METAL2:        0.6        0.6  0.500
                                         METAL3:      266.6      527.0  0.988
                                         METAL4:      144.4      285.9  0.990
u_prbs_ber_chip_top/u_csr_regbank/CTS_27:   preferred: METAL3 - METAL4
               149.5     296.0    0.990
                                         METAL2:        0.6        0.6  0.500
                                         METAL3:      140.6      278.7  0.991
                                         METAL4:        8.4       16.8  1.000
u_prbs_ber_chip_top/u_prbs_ber_top/CTS_2:   preferred: METAL3 - METAL4
               187.6     371.9    0.991
                                         METAL2:        2.2        3.9  0.864
                                         METAL3:      169.1      335.6  0.992
                                         METAL4:       16.2       32.5  1.000
u_prbs_ber_chip_top/u_csr_regbank/CTS_7:   preferred: METAL3 - METAL4
               299.0     593.9    0.993
                                         METAL2:        4.5        7.9  0.885
                                         METAL3:      247.5      492.8  0.995
                                         METAL4:       47.0       93.2  0.991
CTS_1:   preferred: METAL3 - METAL4
               265.4     528.6    0.996
                                         METAL3:       93.0      183.7  0.988
                                         METAL4:      172.5      345.0  1.000
-------------------------------------------------------------------------------

 Average ratio:                   0.966
                                         METAL1:          0.5        0.4  0.400
                                         METAL2:          3.0        2.9  0.479
                                         METAL3:        102.8      198.8  0.967
                                         METAL4:         47.5       94.4  0.994
                                         METAL5:          9.9       19.8  1.000


