Hinst Name                                                                                                   Module Name                               Inst Count           Total Area               Buffer             Inverter        Combinational                 Flop                Latch           Clock Gate                Macro             Physical
-----------------------------------------------------------------------------------------------------------------------------------------------------------------------------------------------------------------------------------------------------------------------------------------------------------------------------------------------------------------------
prbs_ber_pad_top                                                                                                                                             1960            44217.914              970.278              575.142            17629.651            25042.842                0.000              904.422                0.000                0.000
 u_cfg_serial_if                                                                                             cfg_serial_if_mapped                             274             8144.192              201.958               46.099             1455.418             6440.717                0.000              228.301                0.000                0.000
  u_cfg_serial_if/CLKGATE_RC_CG_HIER_INST0                                                                   CLKGATE_RC_CG_MOD_mapped                           1               37.318                0.000                0.000                0.000               37.318                0.000               37.318                0.000                0.000
  u_cfg_serial_if/CLKGATE_RC_CG_HIER_INST1                                                                   CLKGATE_RC_CG_MOD_1_mapped                         1               37.318                0.000                0.000                0.000               37.318                0.000               37.318                0.000                0.000
  u_cfg_serial_if/CLKGATE_RC_CG_HIER_INST2                                                                   CLKGATE_RC_CG_MOD_2_mapped                         1               37.318                0.000                0.000                0.000               37.318                0.000               37.318                0.000                0.000
  u_cfg_serial_if/CLKGATE_RC_CG_HIER_INST3                                                                   CLKGATE_RC_CG_MOD_3_mapped                         1               41.709                0.000                0.000                0.000               41.709                0.000               41.709                0.000                0.000
  u_cfg_serial_if/CLKGATE_RC_CG_HIER_INST4                                                                   CLKGATE_RC_CG_MOD_4_mapped                         1               37.318                0.000                0.000                0.000               37.318                0.000               37.318                0.000                0.000
  u_cfg_serial_if/CLKGATE_RC_CG_HIER_INST5                                                                   CLKGATE_RC_CG_MOD_5_mapped                         1               37.318                0.000                0.000                0.000               37.318                0.000               37.318                0.000                0.000
 u_prbs_ber_chip_top                                                                                         prbs_ber_chip_top_mapped                        1668            35841.030              535.629              529.043            16174.234            18602.125                0.000              676.122                0.000                0.000
  u_prbs_ber_chip_top/u_csr_regbank                                                                          csr_regbank_mapped                              1056            24674.048              397.331              149.274             9867.424            14260.019                0.000              469.773                0.000                0.000
   u_prbs_ber_chip_top/u_csr_regbank/CLKGATE_RC_CG_HIER_INST10                                               CLKGATE_RC_CG_MOD_10_mapped                        1               37.318                0.000                0.000                0.000               37.318                0.000               37.318                0.000                0.000
   u_prbs_ber_chip_top/u_csr_regbank/CLKGATE_RC_CG_HIER_INST11                                               CLKGATE_RC_CG_MOD_11_mapped                        1               37.318                0.000                0.000                0.000               37.318                0.000               37.318                0.000                0.000
   u_prbs_ber_chip_top/u_csr_regbank/CLKGATE_RC_CG_HIER_INST12                                               CLKGATE_RC_CG_MOD_12_mapped                        1               37.318                0.000                0.000                0.000               37.318                0.000               37.318                0.000                0.000
   u_prbs_ber_chip_top/u_csr_regbank/CLKGATE_RC_CG_HIER_INST13                                               CLKGATE_RC_CG_MOD_13_mapped                        1               52.685                0.000                0.000                0.000               52.685                0.000               52.685                0.000                0.000
   u_prbs_ber_chip_top/u_csr_regbank/CLKGATE_RC_CG_HIER_INST14                                               CLKGATE_RC_CG_MOD_14_mapped                        1               52.685                0.000                0.000                0.000               52.685                0.000               52.685                0.000                0.000
   u_prbs_ber_chip_top/u_csr_regbank/CLKGATE_RC_CG_HIER_INST15                                               CLKGATE_RC_CG_MOD_15_mapped                        1               41.709                0.000                0.000                0.000               41.709                0.000               41.709                0.000                0.000
   u_prbs_ber_chip_top/u_csr_regbank/CLKGATE_RC_CG_HIER_INST16                                               CLKGATE_RC_CG_MOD_16_mapped                        1               37.318                0.000                0.000                0.000               37.318                0.000               37.318                0.000                0.000
   u_prbs_ber_chip_top/u_csr_regbank/CLKGATE_RC_CG_HIER_INST17                                               CLKGATE_RC_CG_MOD_17_mapped                        1               41.709                0.000                0.000                0.000               41.709                0.000               41.709                0.000                0.000
   u_prbs_ber_chip_top/u_csr_regbank/CLKGATE_RC_CG_HIER_INST6                                                CLKGATE_RC_CG_MOD_6_mapped                         1               41.709                0.000                0.000                0.000               41.709                0.000               41.709                0.000                0.000
   u_prbs_ber_chip_top/u_csr_regbank/CLKGATE_RC_CG_HIER_INST8                                                CLKGATE_RC_CG_MOD_8_mapped                         1               52.685                0.000                0.000                0.000               52.685                0.000               52.685                0.000                0.000
   u_prbs_ber_chip_top/u_csr_regbank/CLKGATE_RC_CG_HIER_INST9                                                CLKGATE_RC_CG_MOD_9_mapped                         1               37.318                0.000                0.000                0.000               37.318                0.000               37.318                0.000                0.000
  u_prbs_ber_chip_top/u_measure_ctrl                                                                         measure_ctrl_mapped                              267             3187.430                0.000              320.499             2563.994              302.938                0.000               37.318                0.000                0.000
   u_prbs_ber_chip_top/u_measure_ctrl/CLKGATE_RC_CG_HIER_INST18                                              CLKGATE_RC_CG_MOD_18_mapped                        1               37.318                0.000                0.000                0.000               37.318                0.000               37.318                0.000                0.000
  u_prbs_ber_chip_top/u_prbs_ber_top                                                                         prbs_ber_top_mapped                              342             7940.038              120.736               59.270             3720.864             4039.168                0.000              169.030                0.000                0.000
   u_prbs_ber_chip_top/u_prbs_ber_top/CLKGATE_RC_CG_HIER_INST19                                              CLKGATE_RC_CG_MOD_19_mapped                        1               41.709                0.000                0.000                0.000               41.709                0.000               41.709                0.000                0.000
   u_prbs_ber_chip_top/u_prbs_ber_top/CLKGATE_RC_CG_HIER_INST20                                              CLKGATE_RC_CG_MOD_20_mapped                        1               52.685                0.000                0.000                0.000               52.685                0.000               52.685                0.000                0.000
   u_prbs_ber_chip_top/u_prbs_ber_top/u_prbs_gen_top                                                         prbs_gen_top_mapped                               72             1780.307               21.952               19.757              691.488             1047.110                0.000               74.637                0.000                0.000
    u_prbs_ber_chip_top/u_prbs_ber_top/u_prbs_gen_top/u_prbs15_top                                           prbs15_top_mapped                                 43             1137.114               21.952               13.171              408.307              693.683                0.000               37.318                0.000                0.000
     u_prbs_ber_chip_top/u_prbs_ber_top/u_prbs_gen_top/u_prbs15_top/u_prbs15_core                            prbs15_core_LFSR_W15_DEFAULT_SEED1_mapped         38             1064.672               21.952               13.171              335.866              693.683                0.000               37.318                0.000                0.000
      u_prbs_ber_chip_top/u_prbs_ber_top/u_prbs_gen_top/u_prbs15_top/u_prbs15_core/CLKGATE_RC_CG_HIER_INST22 CLKGATE_RC_CG_MOD_22_mapped                        1               37.318                0.000                0.000                0.000               37.318                0.000               37.318                0.000                0.000
     u_prbs_ber_chip_top/u_prbs_ber_top/u_prbs_gen_top/u_prbs15_top/u_prbs15_ctrl                            prbs15_ctrl_LFSR_W15_DEFAULT_SEED1_mapped          5               72.442                0.000                0.000               72.442                0.000                0.000                0.000                0.000                0.000
    u_prbs_ber_chip_top/u_prbs_ber_top/u_prbs_gen_top/u_prbs7_top                                            prbs_top_mapped                                   22              572.947                0.000                6.586              212.934              353.427                0.000               37.318                0.000                0.000
     u_prbs_ber_chip_top/u_prbs_ber_top/u_prbs_gen_top/u_prbs7_top/u_prbs_core                               prbs_core_LFSR_W7_DEFAULT_SEED1_mapped            19              537.824                0.000                6.586              177.811              353.427                0.000               37.318                0.000                0.000
      u_prbs_ber_chip_top/u_prbs_ber_top/u_prbs_gen_top/u_prbs7_top/u_prbs_core/CLKGATE_RC_CG_HIER_INST21    CLKGATE_RC_CG_MOD_21_mapped                        1               37.318                0.000                0.000                0.000               37.318                0.000               37.318                0.000                0.000
     u_prbs_ber_chip_top/u_prbs_ber_top/u_prbs_gen_top/u_prbs7_top/u_prbs_ctrl                               prbs_ctrl_LFSR_W7_DEFAULT_SEED1_mapped             3               35.123                0.000                0.000               35.123                0.000                0.000                0.000                0.000                0.000
