============================================================
  Generated by:           Genus(TM) Synthesis Solution 21.19-s055_1
  Generated on:           May 03 2026  12:04:28 pm
  Module:                 prbs_ber_pad_top
  Library domain:         WCCOM.setup_cond
    Domain index:         0
    Technology libraries: tcb018gbwp7twc_ccs 270
                          tpd018nvwc 280a
  Operating conditions:   WCCOM 
  Interconnect mode:      global
  Area mode:              physical library
============================================================

                                       Leakage                        Library 
     Gate       Instances    Area    Power (nW)        Library         Domain 
------------------------------------------------------------------------------
AN2D1BWP7T             38    417.088      9.985    tcb018gbwp7twc_ccs       0 
AN2D2BWP7T              1     15.366      0.515    tcb018gbwp7twc_ccs       0 
AN2XD1BWP7T             1     13.171      0.269    tcb018gbwp7twc_ccs       0 
AN3D1BWP7T             46    605.875     11.708    tcb018gbwp7twc_ccs       0 
AN4D0BWP7T              4     61.466      0.645    tcb018gbwp7twc_ccs       0 
AN4D1BWP7T              7    107.565      1.832    tcb018gbwp7twc_ccs       0 
AN4D2BWP7T              2     39.514      0.826    tcb018gbwp7twc_ccs       0 
AO211D0BWP7T            3     46.099      1.199    tcb018gbwp7twc_ccs       0 
AO21D0BWP7T             2     26.342      0.565    tcb018gbwp7twc_ccs       0 
AO21D1BWP7T             2     30.733      0.854    tcb018gbwp7twc_ccs       0 
AO221D0BWP7T            1     19.757      0.392    tcb018gbwp7twc_ccs       0 
AO222D0BWP7T            1     24.147      0.291    tcb018gbwp7twc_ccs       0 
AO22D0BWP7T             3     52.685      0.676    tcb018gbwp7twc_ccs       0 
AO31D1BWP7T             3     52.685      1.660    tcb018gbwp7twc_ccs       0 
AOI211D1BWP7T           1     13.171      0.054    tcb018gbwp7twc_ccs       0 
AOI211XD0BWP7T          3     39.514      0.865    tcb018gbwp7twc_ccs       0 
AOI21D0BWP7T            3     32.928      0.422    tcb018gbwp7twc_ccs       0 
AOI221D0BWP7T          28    491.725      6.031    tcb018gbwp7twc_ccs       0 
AOI222D0BWP7T          30    592.704      4.480    tcb018gbwp7twc_ccs       0 
AOI22D0BWP7T           84   1106.381      7.913    tcb018gbwp7twc_ccs       0 
AOI32D1BWP7T            2     35.123      0.344    tcb018gbwp7twc_ccs       0 
BUFFD10BWP7T           10    417.088     28.730    tcb018gbwp7twc_ccs       0 
BUFFD1P5BWP7T           2     21.952      1.029    tcb018gbwp7twc_ccs       0 
BUFFD3BWP7T             1     15.366      0.846    tcb018gbwp7twc_ccs       0 
CKAN2D1BWP7T           29    318.304      7.304    tcb018gbwp7twc_ccs       0 
CKLNQD1BWP7T           22    821.005     18.271    tcb018gbwp7twc_ccs       0 
CKMUX2D1BWP7T           5     98.784      2.700    tcb018gbwp7twc_ccs       0 
CKND10BWP7T             4    114.150      5.466    tcb018gbwp7twc_ccs       0 
CKND2D1BWP7T            4     35.123      1.098    tcb018gbwp7twc_ccs       0 
CKXOR2D1BWP7T          69   1363.219     45.563    tcb018gbwp7twc_ccs       0 
DEL01BWP7T              6     52.685      2.444    tcb018gbwp7twc_ccs       0 
DFCND1BWP7T            32   1615.667     41.775    tcb018gbwp7twc_ccs       0 
DFCNQD1BWP7T           92   4443.085     99.137    tcb018gbwp7twc_ccs       0 
DFD0BWP7T              15    658.560     16.382    tcb018gbwp7twc_ccs       0 
DFD1BWP7T              25   1097.600     33.619    tcb018gbwp7twc_ccs       0 
DFKCND1BWP7T            1     48.294      1.277    tcb018gbwp7twc_ccs       0 
DFKCNQD1BWP7T         351  15410.304    379.476    tcb018gbwp7twc_ccs       0 
DFKSND0BWP7T            1     52.685      1.250    tcb018gbwp7twc_ccs       0 
DFKSND1BWP7T            3    158.054      4.811    tcb018gbwp7twc_ccs       0 
DFQD0BWP7T              1     41.709      0.908    tcb018gbwp7twc_ccs       0 
DFSND1BWP7T             1     52.685      1.366    tcb018gbwp7twc_ccs       0 
DFSNQD1BWP7T            2    100.979      2.325    tcb018gbwp7twc_ccs       0 
DFXQD1BWP7T             2    109.760      2.616    tcb018gbwp7twc_ccs       0 
EDFKCNQD1BWP7T          5    296.352      6.032    tcb018gbwp7twc_ccs       0 
HA1D0BWP7T             88   2897.664     68.477    tcb018gbwp7twc_ccs       0 
IAO21D0BWP7T            1     13.171      0.224    tcb018gbwp7twc_ccs       0 
IINR4D0BWP7T            2     39.514      0.962    tcb018gbwp7twc_ccs       0 
IND2D1BWP7T            46    504.896     17.890    tcb018gbwp7twc_ccs       0 
IND2D2BWP7T             5     87.808      4.287    tcb018gbwp7twc_ccs       0 
IND3D1BWP7T            21    276.595      5.601    tcb018gbwp7twc_ccs       0 
IND4D0BWP7T             5     76.832      1.633    tcb018gbwp7twc_ccs       0 
IND4D1BWP7T             2     35.123      0.300    tcb018gbwp7twc_ccs       0 
INR2D1BWP7T           153   1679.328     37.289    tcb018gbwp7twc_ccs       0 
INR2D2BWP7T             2     35.123      1.436    tcb018gbwp7twc_ccs       0 
INR2XD0BWP7T           98   1075.648     21.311    tcb018gbwp7twc_ccs       0 
INR3D0BWP7T             3     46.099      0.772    tcb018gbwp7twc_ccs       0 
INR4D0BWP7T             1     17.562      0.536    tcb018gbwp7twc_ccs       0 
INVD0BWP7T              9     59.270      1.055    tcb018gbwp7twc_ccs       0 
INVD1BWP7T             68    447.821     13.830    tcb018gbwp7twc_ccs       0 
INVD2BWP7T              6     52.685      2.460    tcb018gbwp7twc_ccs       0 
INVD2P5BWP7T            2     21.952      0.985    tcb018gbwp7twc_ccs       0 
INVD8BWP7T              1     26.342      1.704    tcb018gbwp7twc_ccs       0 
IOA21D1BWP7T           19    250.253      6.436    tcb018gbwp7twc_ccs       0 
MAOI222D1BWP7T          1     17.562      0.242    tcb018gbwp7twc_ccs       0 
MAOI22D0BWP7T           1     15.366      0.242    tcb018gbwp7twc_ccs       0 
MOAI22D0BWP7T          50    768.320      9.611    tcb018gbwp7twc_ccs       0 
MOAI22D1BWP7T           1     17.562      0.528    tcb018gbwp7twc_ccs       0 
MUX2D1BWP7T            16    316.109      9.073    tcb018gbwp7twc_ccs       0 
ND2D1BWP7T             84    737.587     15.051    tcb018gbwp7twc_ccs       0 
ND2D2BWP7T              4     61.466      2.622    tcb018gbwp7twc_ccs       0 
ND2D3BWP7T              2     39.514      1.566    tcb018gbwp7twc_ccs       0 
ND2D4BWP7T              1     26.342      1.423    tcb018gbwp7twc_ccs       0 
ND2D5BWP7T              1     32.928      1.709    tcb018gbwp7twc_ccs       0 
ND3D0BWP7T              4     43.904      0.432    tcb018gbwp7twc_ccs       0 
ND3D2BWP7T              1     19.757      0.102    tcb018gbwp7twc_ccs       0 
ND4D0BWP7T             44    579.533     14.208    tcb018gbwp7twc_ccs       0 
NR2D1BWP7T             17    149.274      3.253    tcb018gbwp7twc_ccs       0 
NR2D2BWP7T             18    276.595      5.019    tcb018gbwp7twc_ccs       0 
NR2D3BWP7T              2     39.514      2.549    tcb018gbwp7twc_ccs       0 
NR2D4BWP7T              1     26.342      1.700    tcb018gbwp7twc_ccs       0 
NR2XD0BWP7T            28    245.862      3.786    tcb018gbwp7twc_ccs       0 
NR2XD1BWP7T             4     61.466      1.697    tcb018gbwp7twc_ccs       0 
NR2XD2BWP7T             1     26.342      0.867    tcb018gbwp7twc_ccs       0 
NR2XD3BWP7T             2     65.856      2.699    tcb018gbwp7twc_ccs       0 
NR2XD4BWP7T             1     43.904      1.772    tcb018gbwp7twc_ccs       0 
NR3D0BWP7T             12    131.712      1.980    tcb018gbwp7twc_ccs       0 
NR4D0BWP7T             16    210.739      6.037    tcb018gbwp7twc_ccs       0 
NR4D1BWP7T              5    109.760      0.267    tcb018gbwp7twc_ccs       0 
NR4D2BWP7T              1     50.490      0.227    tcb018gbwp7twc_ccs       0 
OA21D0BWP7T             7     92.198      2.179    tcb018gbwp7twc_ccs       0 
OA221D0BWP7T           11    217.325      3.306    tcb018gbwp7twc_ccs       0 
OA221D1BWP7T            1     21.952      0.522    tcb018gbwp7twc_ccs       0 
OAI211D1BWP7T           8    105.370      2.739    tcb018gbwp7twc_ccs       0 
OAI21D0BWP7T            7     76.832      1.076    tcb018gbwp7twc_ccs       0 
OAI21D1BWP7T            5     65.856      1.143    tcb018gbwp7twc_ccs       0 
OAI22D1BWP7T            1     15.366      0.148    tcb018gbwp7twc_ccs       0 
OAI31D0BWP7T            3     39.514      0.567    tcb018gbwp7twc_ccs       0 
OR2D1BWP7T             17    186.592      6.662    tcb018gbwp7twc_ccs       0 
OR2D2BWP7T              2     30.733      1.219    tcb018gbwp7twc_ccs       0 
OR2D4BWP7T              1     26.342      1.228    tcb018gbwp7twc_ccs       0 
OR2XD1BWP7T             1     13.171      0.620    tcb018gbwp7twc_ccs       0 
OR3D1BWP7T              4     61.466      1.722    tcb018gbwp7twc_ccs       0 
OR4D2BWP7T              1     19.757      0.619    tcb018gbwp7twc_ccs       0 
SDFQD0BWP7T             1     52.685      1.096    tcb018gbwp7twc_ccs       0 
TIEHBWP7T               2     13.171      0.000    tcb018gbwp7twc_ccs       0 
TIELBWP7T              79    520.262      0.000    tcb018gbwp7twc_ccs       0 
XNR2D1BWP7T             4     79.027      3.302    tcb018gbwp7twc_ccs       0 
XOR2D1BWP7T             1     21.952      0.899    tcb018gbwp7twc_ccs       0 
------------------------------------------------------------------------------
total                1954  44584.512   1060.848                       


                                                          Leakage  Leakage 
            Type             Instances    Area   Area % Power (nW) Power % 
---------------------------------------------------------------------------
sequential                         532 24138.419   54.1    592.069    55.8 
inverter                            90   722.221    1.6     25.500     2.4 
buffer                              19   507.091    1.1     33.050     3.1 
clock_gating_integrated_cell        22   821.005    1.8     18.271     1.7 
logic                             1291 18395.776   41.3    391.959    36.9 
physical_cells                       0     0.000    0.0      0.000     0.0 
---------------------------------------------------------------------------
total                             1954 44584.512  100.0   1060.848   100.0 

