============================================================
  Generated by:           Genus(TM) Synthesis Solution 21.19-s055_1
  Generated on:           Apr 28 2026  02:29:42 pm
  Module:                 prbs_ber_pad_top
  Library domain:         WCCOM.setup_cond
    Domain index:         0
    Technology libraries: tcb018gbwp7twc_ccs 270
                          tpd018nvwc 280a
  Operating conditions:   WCCOM 
  Interconnect mode:      global
  Area mode:              physical library
============================================================

Timing
--------

  Analysis view  Clock Period 
------------------------------
WCCOM.setup_view clk   4000.0 


    Analysis             Cost         Critical        Violating 
      View              Group        Path Slack  TNS    Paths   
----------------------------------------------------------------
WCCOM.setup_view cg_enable_group_clk      572.2  0.0          0 
                                 clk      267.5  0.0          0 
                             default   No paths  0.0          0 
----------------------------------------------------------------
Total                                           -0.0          0 
                                                                

Instance Count
--------------
Leaf Instance Count             1947 
Physical Instance count            0 
Sequential Instance Count        554 
Combinational Instance Count    1393 
Hierarchical Instance Count       34 

Area
----
Cell Area                          44509.875
Physical Cell Area                 0.000
Total Cell Area (Cell+Physical)    44509.875
Net Area                           19157.967
Total Area (Cell+Physical+Net)     63667.842

Runtime                            0.0 seconds
Elapsed Runtime                    60 seconds
Genus peak memory usage            1431.34 
Innovus peak memory usage          no_value 
Hostname                           eeapps03.labidm.seas.ucla.edu
