

Working Directory = /w/home.09/home/liyuyao864/ee209/prbs_project/build_prbs_ber_pad/syn-rundir
QoS Summary for prbs_ber_pad_top
================================================================================
Metric                          final          
================================================================================
Slack (ps):                       268
  R2R (ps):                       268
  I2R (ps):                  no_value
  R2O (ps):                  no_value
  I2O (ps):                  no_value
  CG  (ps):                       572
TNS (ps):                           0
  R2R (ps):                         0
  I2R (ps):                  no_value
  R2O (ps):                  no_value
  I2O (ps):                  no_value
  CG  (ps):                         0
Failing Paths:                      0
Cell Area:                     44,510
Total Cell Area:               44,510
Leaf Instances:                 1,947
Total Instances:                1,947
Utilization (%):                 0.00
Tot. Net Length (um):        no_value
Avg. Net Length (um):        no_value
Route Overflow H (%):        no_value
Route Overflow V (%):        no_value
MBCI(%) (bits/gate) :            0.00
Norm Cong Hotspot Area:
  Max Cong:                  no_value
  Tot Cong:                  no_value
================================================================================
CPU  Runtime (h:m:s):        00:01:14
Real Runtime (h:m:s):        00:00:54
CPU  Elapsed (h:m:s):        00:01:19
Real Elapsed (h:m:s):        00:00:56
Memory (MB):                  1431.34
================================================================================
================================================================================
Flow Settings:
================================================================================
Total Runtime (h:m:s): 00:00:54
Total Memory (MB):     1431.34
Executable Version:    21.19-s055_1
================================================================================
Total Cell Area =  Cell Area + Physical Cell Area
Total Instances =  Leaf Instances + Physical Instances


