============================================================
  Generated by:           Genus(TM) Synthesis Solution 21.19-s055_1
  Generated on:           May 03 2026  12:04:28 pm
  Module:                 prbs_ber_pad_top
  Library domain:         WCCOM.setup_cond
    Domain index:         0
    Technology libraries: tcb018gbwp7twc_ccs 270
                          tpd018nvwc 280a
  Operating conditions:   WCCOM 
  Interconnect mode:      global
  Area mode:              physical library
============================================================

        Instance                      Module                Cell Count  Cell Area  Net Area   Total Area 
---------------------------------------------------------------------------------------------------------
prbs_ber_pad_top                                                  1954  44584.512 19199.938    63784.450 
  u_cfg_serial_if       cfg_serial_if                              257   7951.014  1879.973     9830.987 
  u_prbs_ber_chip_top   prbs_ber_chip_top                         1696  36622.522 16336.993    52959.515 
    u_csr_regbank       csr_regbank                               1028  24696.000  9532.643    34228.643 
    u_measure_ctrl      measure_ctrl                               273   3527.686  2111.205     5638.892 
    u_prbs_ber_top      prbs_ber_top                               388   8339.565  2317.473    10657.038 
      u_prbs_gen_top    prbs_gen_top                               121   2113.978   499.755     2613.733 
        u_prbs7_top     prbs_top                                    39    684.902   124.666      809.568 
          u_prbs_core   prbs_core_LFSR_W7_DEFAULT_SEED1             26    583.923   106.411      690.334 
          u_prbs_ctrl   prbs_ctrl_LFSR_W7_DEFAULT_SEED1             11     87.808    12.170       99.978 
        u_prbs15_top    prbs15_top                                  74   1332.486   243.247     1575.733 
          u_prbs15_core prbs15_core_LFSR_W15_DEFAULT_SEED1          51   1141.504   212.821     1354.325 
          u_prbs15_ctrl prbs15_ctrl_LFSR_W15_DEFAULT_SEED1          21    177.811    24.340      202.151 
