Hinst Name                                                             Module Name                               Inst Count           Total Area               Buffer             Inverter        Combinational                 Flop                Latch           Clock Gate                Macro             Physical
---------------------------------------------------------------------------------------------------------------------------------------------------------------------------------------------------------------------------------------------------------------------------------------------------------------------------------
prbs_ber_top                                                                                                            355             8271.514              471.968               72.442             3742.816             3984.288                0.000              190.982                0.000                0.000
 CLKGATE_RC_CG_HIER_INST0                                              CLKGATE_RC_CG_MOD_mapped                           1               63.661                0.000                0.000                0.000               63.661                0.000               63.661                0.000                0.000
 CLKGATE_RC_CG_HIER_INST1                                              CLKGATE_RC_CG_MOD_1_mapped                         1               52.685                0.000                0.000                0.000               52.685                0.000               52.685                0.000                0.000
 u_prbs_gen_top                                                        prbs_gen_top_mapped                               91             2059.098              294.157               19.757              687.098             1058.086                0.000               74.637                0.000                0.000
  u_prbs_gen_top/u_prbs15_top                                          prbs15_top_mapped                                 56             1354.438              232.691                6.586              410.502              704.659                0.000               37.318                0.000                0.000
   u_prbs_gen_top/u_prbs15_top/u_prbs15_core                           prbs15_core_LFSR_W15_DEFAULT_SEED1_mapped         49             1271.021              223.910                6.586              335.866              704.659                0.000               37.318                0.000                0.000
    u_prbs_gen_top/u_prbs15_top/u_prbs15_core/CLKGATE_RC_CG_HIER_INST3 CLKGATE_RC_CG_MOD_3_mapped                         1               37.318                0.000                0.000                0.000               37.318                0.000               37.318                0.000                0.000
   u_prbs_gen_top/u_prbs15_top/u_prbs15_ctrl                           prbs15_ctrl_LFSR_W15_DEFAULT_SEED1_mapped          7               83.418                8.781                0.000               74.637                0.000                0.000                0.000                0.000                0.000
  u_prbs_gen_top/u_prbs7_top                                           prbs_top_mapped                                   25              599.290               26.342                6.586              212.934              353.427                0.000               37.318                0.000                0.000
   u_prbs_gen_top/u_prbs7_top/u_prbs_core                              prbs_core_LFSR_W7_DEFAULT_SEED1_mapped            22              564.166               26.342                6.586              177.811              353.427                0.000               37.318                0.000                0.000
    u_prbs_gen_top/u_prbs7_top/u_prbs_core/CLKGATE_RC_CG_HIER_INST2    CLKGATE_RC_CG_MOD_2_mapped                         1               37.318                0.000                0.000                0.000               37.318                0.000               37.318                0.000                0.000
   u_prbs_gen_top/u_prbs7_top/u_prbs_ctrl                              prbs_ctrl_LFSR_W7_DEFAULT_SEED1_mapped             3               35.123                0.000                0.000               35.123                0.000                0.000                0.000                0.000                0.000
