-------------------------------------------------------------------------------
Name     : Shielded net name
Length   : Shielded net length
Shield   : Total length of shielding wire
Ratio    : Average shielding ratio
-------------------------------------------------------------------------------
Name          Length    Shield    Ratio   
                                         Layer:      Length     Shield  Ratio
-------------------------------------------------------------------------------
u_csr_regbank/CTS_2:   preferred: METAL3 - METAL4
               188.2     351.8    0.935
                                         METAL2:        9.5        7.0  0.365
                                         METAL3:      118.2      229.8  0.972
                                         METAL4:       52.6       99.4  0.944
                                         METAL5:        7.8       15.7  1.000
u_prbs_ber_top/CTS_2:   preferred: METAL3 - METAL4
               123.8     234.2    0.946
                                         METAL1:        2.8        2.2  0.400
                                         METAL2:        9.0       13.4  0.747
                                         METAL3:       91.3      177.1  0.970
                                         METAL4:       20.7       41.4  1.000
u_csr_regbank/CTS_12:   preferred: METAL3 - METAL4
               141.1     268.5    0.951
                                         METAL1:        2.8        2.2  0.400
                                         METAL2:        3.4        6.7  0.993
                                         METAL3:      108.1      207.8  0.961
                                         METAL4:       26.9       51.8  0.963
u_csr_regbank/CTS_7:   preferred: METAL3 - METAL4
               188.2     359.2    0.955
                                         METAL2:        3.9        3.0  0.381
                                         METAL3:      166.9      322.3  0.966
                                         METAL4:       17.4       34.0  0.979
u_prbs_ber_top/CTS_7:   preferred: METAL3 - METAL4
               245.6     479.6    0.977
                                         METAL2:        5.9        3.9  0.333
                                         METAL3:      122.1      240.5  0.985
                                         METAL4:       28.0       56.0  1.000
                                         METAL5:       89.6      179.2  1.000
u_prbs_ber_top/u_prbs_gen_top/u_prbs15_top/u_prbs15_core/CTS_3:   preferred: METAL3 - METAL4
                31.9      62.4    0.977
                                         METAL3:        5.0        9.5  0.939
                                         METAL4:       26.9       52.9  0.984
u_measure_ctrl/CLKGATE_RC_CG_HIER_INST3/CTS_1:   preferred: METAL3 - METAL4
                47.6      93.4    0.981
                                         METAL2:        2.8        5.6  1.000
                                         METAL3:       44.8       87.8  0.980
clk:   preferred: METAL3 - METAL4
               744.5    1466.2    0.985
                                         METAL2:        6.4        8.1  0.630
                                         METAL3:      123.8      232.0  0.937
                                         METAL4:      249.8      496.9  0.995
                                         METAL5:      364.6      729.1  1.000
-------------------------------------------------------------------------------

 Average ratio:                   0.969
                                         METAL1:          0.7        0.6  0.400
                                         METAL2:          5.1        6.0  0.583
                                         METAL3:         97.5      188.3  0.966
                                         METAL4:         52.8      104.1  0.986
                                         METAL5:         57.8      115.5  1.000


