Hinst Name                                                                             Module Name                               Inst Count           Total Area               Buffer             Inverter        Combinational                 Flop                Latch           Clock Gate                Macro             Physical
-------------------------------------------------------------------------------------------------------------------------------------------------------------------------------------------------------------------------------------------------------------------------------------------------------------------------------------------------
prbs_ber_chip_top                                                                                                                       912            18525.293             1207.360              377.574             8010.285             8930.074                0.000              364.403                0.000                0.000
 u_csr_regbank                                                                         csr_regbank_mapped                               272             6978.541              592.704               13.171             1808.845             4563.821                0.000              147.078                0.000                0.000
  u_csr_regbank/CLKGATE_RC_CG_HIER_INST0                                               CLKGATE_RC_CG_MOD_mapped                           1               41.709                0.000                0.000                0.000               41.709                0.000               41.709                0.000                0.000
  u_csr_regbank/CLKGATE_RC_CG_HIER_INST1                                               CLKGATE_RC_CG_MOD_1_mapped                         1               41.709                0.000                0.000                0.000               41.709                0.000               41.709                0.000                0.000
  u_csr_regbank/CLKGATE_RC_CG_HIER_INST2                                               CLKGATE_RC_CG_MOD_2_mapped                         1               63.661                0.000                0.000                0.000               63.661                0.000               63.661                0.000                0.000
 u_measure_ctrl                                                                        measure_ctrl_mapped                              259             3125.965               17.562              283.181             2520.090              305.133                0.000               37.318                0.000                0.000
  u_measure_ctrl/CLKGATE_RC_CG_HIER_INST3                                              CLKGATE_RC_CG_MOD_3_mapped                         2               46.099                8.781                0.000                0.000               37.318                0.000               37.318                0.000                0.000
 u_prbs_ber_top                                                                        prbs_ber_top_mapped                              338             7946.624              149.274               81.222             3655.008             4061.120                0.000              180.006                0.000                0.000
  u_prbs_ber_top/CLKGATE_RC_CG_HIER_INST4                                              CLKGATE_RC_CG_MOD_4_mapped                         1               63.661                0.000                0.000                0.000               63.661                0.000               63.661                0.000                0.000
  u_prbs_ber_top/CLKGATE_RC_CG_HIER_INST5                                              CLKGATE_RC_CG_MOD_5_mapped                         1               41.709                0.000                0.000                0.000               41.709                0.000               41.709                0.000                0.000
  u_prbs_ber_top/u_prbs_gen_top                                                        prbs_gen_top_mapped                               71             1789.088               26.342               19.757              684.902             1058.086                0.000               74.637                0.000                0.000
   u_prbs_ber_top/u_prbs_gen_top/u_prbs15_top                                          prbs15_top_mapped                                 42             1137.114               17.562                6.586              408.307              704.659                0.000               37.318                0.000                0.000
    u_prbs_ber_top/u_prbs_gen_top/u_prbs15_top/u_prbs15_core                           prbs15_core_LFSR_W15_DEFAULT_SEED1_mapped         37             1064.672               17.562                6.586              335.866              704.659                0.000               37.318                0.000                0.000
     u_prbs_ber_top/u_prbs_gen_top/u_prbs15_top/u_prbs15_core/CLKGATE_RC_CG_HIER_INST7 CLKGATE_RC_CG_MOD_7_mapped                         1               37.318                0.000                0.000                0.000               37.318                0.000               37.318                0.000                0.000
    u_prbs_ber_top/u_prbs_gen_top/u_prbs15_top/u_prbs15_ctrl                           prbs15_ctrl_LFSR_W15_DEFAULT_SEED1_mapped          5               72.442                0.000                0.000               72.442                0.000                0.000                0.000                0.000                0.000
   u_prbs_ber_top/u_prbs_gen_top/u_prbs7_top                                           prbs_top_mapped                                   23              581.728                8.781                6.586              212.934              353.427                0.000               37.318                0.000                0.000
    u_prbs_ber_top/u_prbs_gen_top/u_prbs7_top/u_prbs_core                              prbs_core_LFSR_W7_DEFAULT_SEED1_mapped            20              546.605                8.781                6.586              177.811              353.427                0.000               37.318                0.000                0.000
     u_prbs_ber_top/u_prbs_gen_top/u_prbs7_top/u_prbs_core/CLKGATE_RC_CG_HIER_INST6    CLKGATE_RC_CG_MOD_6_mapped                         1               37.318                0.000                0.000                0.000               37.318                0.000               37.318                0.000                0.000
    u_prbs_ber_top/u_prbs_gen_top/u_prbs7_top/u_prbs_ctrl                              prbs_ctrl_LFSR_W7_DEFAULT_SEED1_mapped             3               35.123                0.000                0.000               35.123                0.000                0.000                0.000                0.000                0.000
