
Cadence Innovus(TM) Implementation System.
Copyright 2021 Cadence Design Systems, Inc. All rights reserved worldwide.

Version:	v21.19-s058_1, built Thu Apr 4 09:59:17 PDT 2024
Options:	-log extLogDir/IQuantus_03-May-2026_12:35:34_1385105_gU6yuU/extr.prbs_ber_pad_top.0.parallel_processing_3.log -noMultiCpuLicCheckout -DP -x 0001B027D7... -common_ui -edpId 3 -edpHost eeapps06.labidm.seas.ucla.edu -edpPort 35233 -nowin -nologv -init /w/home.09/home/liyuyao864/ee209/prbs_project/build_prbs_ber_pad/par-rundir/.1385105_soce_slave_3 
Date:		Sun May  3 12:35:38 2026
Host:		eeapps06.labidm.seas.ucla.edu (x86_64 w/Linux 4.18.0-553.87.1.el8_10.x86_64) (6cores*6cpus*Intel(R) Xeon(R) Silver 4116 CPU @ 2.10GHz 16896KB)
OS:		Red Hat Enterprise Linux 8.10 (Ootpa)

License:
		[12:35:38.224689] Configured Lic search path (21.01-s002): 5281@lm-cadence.seas.ucla.edu

		Running innovus (-x) with Innovus_Impl_System capability.


**WARN: (IMPOPT-801):	Genus executable not found in PATH. Install Genus, add the path to the genus executable in the PATH variable and rerun Innovus.
Create and set the environment variable TMPDIR to /tmp/innovus_temp_1408994_eeapps06.labidm.seas.ucla.edu_liyuyao864_vcVnfA.

The soft stacksize limit is either up to the hard limit or larger than 0.2% of RAM. No change is needed.

**INFO:  MMMC transition support version v31-84 

#@ Processing -files option
@innovus 1> source /w/home.09/home/liyuyao864/ee209/prbs_project/build_prbs_ber_pad/par-rundir/.1385105_soce_slave_3
#@ Begin verbose source (pre): source /w/home.09/home/liyuyao864/ee209/prbs_project/build_prbs_ber_pad/par-rundir/.1385105_soce_slave_3
@@file 1: eval_legacy {unlogCommand eval_legacy}
@@file 2: eval_legacy {
catch {set ::env(AMBIT_BDF_PATH) "/w/apps4/Cadence/INNOVUS211/etc/innovus/syntechEtc/bdfc:/w/apps4/Cadence/INNOVUS211/etc/innovus/cteng/bdfc"}
catch {set ::env(BLT_LIBRARY) "/w/apps4/Cadence/INNOVUS211/share/tcltools/icd8.6.4/lib/blt2.4"}
catch {set ::env(CADENCE_HOME) "/w/apps4/Cadence"}
catch {set ::env(CDS_AUTO_64BIT) "ALL"}
catch {set ::env(CDS_LANG) "en_US.UTF-8"}
catch {set ::env(CDS_LIC_FILE) "5281@lm-cadence.seas.ucla.edu"}
catch {set ::env(CDS_SET_LOCALE) "C"}
catch {set ::env(CDS_W3264_LIBPATH) "/w/apps4/Cadence/INNOVUS211/share/oa/lib/linux_rhel60_64/opt:/w/apps4/Cadence/INNOVUS211/tools.lnx86/tcltools/icd8.6.4/lib/64bit:/w/apps4/Cadence/INNOVUS211/tools.lnx86/Qt/v5//64bit/lib:/w/apps4/Cadence/INNOVUS211/tools.lnx86/pvs/lib/64bit:/w/apps4/Cadence/INNOVUS211/tools.lnx86/mesalib/lib/64bit:/w/apps4/Cadence/INNOVUS211/tools.lnx86/inca/lib/64bit:/w/apps4/Cadence/INNOVUS211/tools.lnx86/mdl/lib/64bit:/w/apps4/Cadence/INNOVUS211/tools.lnx86/mkl/lib/64bit:/w/apps4/Cadence/INNOVUS211/tools.lnx86/tbb/lib/64bit:/w/apps4/Cadence/INNOVUS211/tools.lnx86/tcltk-8.6.8/lib/64bit:/w/apps4/Cadence/INNOVUS211/tools.lnx86/fmc/lib/64bit:/w/apps4/Cadence/INNOVUS211/tools.lnx86/vxe/lib/64bit:/w/apps4/Cadence/INNOVUS211/tools.lnx86/tensorflow/lib/64bit:/w/apps4/Cadence/INNOVUS211/tools.lnx86/mlpack/lib/64bit:/w/apps4/Cadence/INNOVUS211/tools.lnx86/liberate/lib/64bit:/w/apps4/Cadence/INNOVUS211/tools.lnx86/TPtools/boost/lib/64bit:/w/apps4/Cadence/INNOVUS211/tools.lnx86/TPtools/libevent/lib/64bit:/w/apps4/Cadence/INNOVUS211/tools.lnx86/zmq/lib/64bit:/w/apps4/Cadence/INNOVUS211/tools.lnx86/extraction/lib/64bit:/w/apps4/Cadence/INNOVUS211/tools.lnx86/lib/64bit:/w/apps4/Cadence/INNOVUS211/tools.lnx86/lib:/w/apps4/Cadence/INNOVUS211/tools.lnx86/OrbitIO/jre/lib/server:/lib64"}
catch {set ::env(CONFORMAL_BIN) "/w/apps4/Cadence/CONFRML241/bin/lec"}
catch {set ::env(DBUS_SESSION_BUS_ADDRESS) "unix:abstract=/tmp/dbus-GLezkVyDYk,guid=33cbbe9d409a58cabae5e6ca69f79948"}
catch {set ::env(DISPLAY) "localhost:13.0"}
catch {set ::env(ENCOUNTER) "/w/apps4/Cadence/INNOVUS211/tools.lnx86/innovus"}
catch {set ::env(GDK_BACKEND) "x11"}
catch {set ::env(HISTCONTROL) "ignoredups"}
catch {set ::env(HISTSIZE) "1000"}
catch {set ::env(HOME) "/w/home.09/home/liyuyao864"}
catch {set ::env(INNOVUS) "/w/apps4/Cadence/INNOVUS211/tools.lnx86/innovus"}
catch {set ::env(INNOVUS_BIN) "/w/apps4/Cadence/INNOVUS211/bin/innovus"}
catch {set ::env(JAVA_HOME) "/w/apps4/Cadence/INNOVUS211/tools.lnx86/OrbitIO/jre"}
catch {set ::env(KRB5CCNAME) "KCM:"}
catch {set ::env(LANG) "C"}
catch {set ::env(LC_ALL) "C"}
catch {set ::env(LD_LIBRARY_PATH) "/w/apps4/Cadence/INNOVUS211/share/oa/lib/linux_rhel60_64/opt:/w/apps4/Cadence/INNOVUS211/tools.lnx86/tcltools/icd8.6.4/lib/64bit:/w/apps4/Cadence/INNOVUS211/tools.lnx86/Qt/v5//64bit/lib:/w/apps4/Cadence/INNOVUS211/tools.lnx86/pvs/lib/64bit:/w/apps4/Cadence/INNOVUS211/tools.lnx86/mesalib/lib/64bit:/w/apps4/Cadence/INNOVUS211/tools.lnx86/inca/lib/64bit:/w/apps4/Cadence/INNOVUS211/tools.lnx86/mdl/lib/64bit:/w/apps4/Cadence/INNOVUS211/tools.lnx86/mkl/lib/64bit:/w/apps4/Cadence/INNOVUS211/tools.lnx86/tbb/lib/64bit:/w/apps4/Cadence/INNOVUS211/tools.lnx86/tcltk-8.6.8/lib/64bit:/w/apps4/Cadence/INNOVUS211/tools.lnx86/fmc/lib/64bit:/w/apps4/Cadence/INNOVUS211/tools.lnx86/vxe/lib/64bit:/w/apps4/Cadence/INNOVUS211/tools.lnx86/tensorflow/lib/64bit:/w/apps4/Cadence/INNOVUS211/tools.lnx86/mlpack/lib/64bit:/w/apps4/Cadence/INNOVUS211/tools.lnx86/liberate/lib/64bit:/w/apps4/Cadence/INNOVUS211/tools.lnx86/TPtools/boost/lib/64bit:/w/apps4/Cadence/INNOVUS211/tools.lnx86/TPtools/libevent/lib/64bit:/w/apps4/Cadence/INNOVUS211/tools.lnx86/zmq/lib/64bit:/w/apps4/Cadence/INNOVUS211/tools.lnx86/extraction/lib/64bit:/w/apps4/Cadence/INNOVUS211/tools.lnx86/lib/64bit:/w/apps4/Cadence/INNOVUS211/tools.lnx86/lib:/w/apps4/Cadence/INNOVUS211/tools.lnx86/OrbitIO/jre/lib/server:/lib64:/w/apps4/Cadence/INNOVUS211/tools.lnx86/lib/64bit/RHEL/RHEL8"}
catch {set ::env(LOGNAME) "liyuyao864"}
catch {set ::env(MAIL) "/var/spool/mail/liyuyao864"}
catch {set ::env(MANPATH) "/w/apps4/Cadence/INNOVUS211/share/innovus/stylus/man:/w/apps4/Cadence/INNOVUS211/share/tcltools/man"}
catch {set ::env(OA_BIT) "64"}
catch {set ::env(OLDPWD) "/w/home.09/home/liyuyao864/ee209/prbs_project"}
catch {set ::env(ORBIT_HOME) "/w/apps4/Cadence/INNOVUS211/tools.lnx86/OrbitIO"}
catch {set ::env(PATH) "/w/apps4/Cadence/INNOVUS211/bin:/w/apps4/Cadence/INNOVUS211/tools.lnx86/bin/64bit:/w/apps4/Cadence/INNOVUS211/tools.lnx86/bin:/w/apps4/Cadence/INNOVUS211/share/oa/bin:/usr/local/bin:/usr/bin:/usr/local/sbin:/usr/sbin"}
catch {set ::env(PROD_NAME) "innovus"}
catch {set ::env(PWD) "/w/home.09/home/liyuyao864/ee209/prbs_project/build_prbs_ber_pad/par-rundir"}
catch {set ::env(SHELL) "/bin/sh"}
catch {set ::env(SHLVL) "3"}
catch {set ::env(SSH_ASKPASS) "/usr/libexec/openssh/gnome-ssh-askpass"}
catch {set ::env(SSH_CLIENT) "128.97.85.231 65283 22"}
catch {set ::env(SSH_CONNECTION) "128.97.85.231 65283 164.67.100.223 22"}
catch {set ::env(SSH_TTY) "/dev/pts/3"}
catch {set ::env(S_COLORS) "auto"}
catch {set ::env(TCLLIBPATH) "/w/apps4/Cadence/INNOVUS211/share/lib/tcllib/1.18 "}
catch {set ::env(TCLLIB_LIBRARY) "/w/apps4/Cadence/INNOVUS211/share/lib/tcllib/1.18"}
catch {set ::env(TCLTK_ROOT) "/w/apps4/Cadence/INNOVUS211/share/tcltools/icd8.6.4/lib"}
catch {set ::env(TCL_LIBRARY) "/w/apps4/Cadence/INNOVUS211/share/tcltools/icd8.6.4/lib/tcl8.6"}
catch {set ::env(TERM) "xterm"}
catch {set ::env(TIX_LIBRARY) "/w/apps4/Cadence/INNOVUS211/share/tcltools/icd8.6.4/lib/Tix8.4.3/library"}
catch {set ::env(TK_LIBRARY) "/w/apps4/Cadence/INNOVUS211/share/tcltools/icd8.6.4/lib/tk8.6"}
catch {set ::env(TOOL_TCL_LIBPATH) "/w/apps4/Cadence/INNOVUS211/tools.lnx86/tcltools/icd8.6.4/lib/64bit"}
catch {set ::env(USER) "liyuyao864"}
catch {set ::env(W3264_ENV) "/w/home.09/home/liyuyao864/.kshrc"}
catch {set ::env(XDG_DATA_DIRS) "/w/home.09/home/liyuyao864/.local/share/flatpak/exports/share:/var/lib/flatpak/exports/share:/usr/local/share:/usr/share"}
catch {set ::env(XDG_RUNTIME_DIR) "/run/user/1000112187"}
catch {set ::env(XDG_SESSION_ID) "482"}
catch {set ::env(which_declare) "declare -f"}
catch {set ::env(PROCINFO_HOST) "eeapps06.labidm.seas.ucla.edu:40511"}
catch {set ::env(DD_NO_TMPDIR_WARN) "true"}
catch {set ::env(EDP_C_CODE) "1"}
catch {set ::env(ENABLE_MMMC2_VIEW_DEFINITION_GENERATION_IN_TEMPUS_CUI) "1"}
catch {set ::env(usefulSkewCCOpt) "1"}
catch {set ::env(_enable_mmmc_by_default_flow) "1"}
catch {set ::env(FE_MASTER_USER_ORIGINAL_TMPDIR) "/tmp"}
catch {set ::env(__QUANTUS_FIX_SLOW_NFS_MINIMAL__) "YES"}
catch {set ::env(EDP_MODE) "local"}
catch {set ::env(__HPY_MODELING_SMALL_SEG__) "false"}
catch {set ::env(TEMPDIR) "/tmp/innovus_temp_1385105_eeapps06.labidm.seas.ucla.edu_liyuyao864_4lsf6y/iqrc_tmp_1385105_TCw5mV/.qrctemp/.xrctemp_0"}
catch {set ::env(__QRC_REMOVE_EROSION__) "YES"}
catch {setLimitedAccessFeature invsHierModuleModel 1}
catch {edp::setNodeId de8de4a0-b25a-42a3-a0f0-a2c7ebbe4c53_3/4}
startEdpSlave 3 eeapps06.labidm.seas.ucla.edu 35233 46643 0 10
}
**WARN: (IMPSE-524):	The feature invsHierModuleModel is now a Production feature. The use of 'set_limited_access_feature invsHierModuleModel 1' is no longer required.
EDP: start server on eeapps06.labidm.seas.ucla.edu:58943
Sun May  3 12:36:05 2026: Successfully connected to the master.
sending server data to client eeapps06.labidm.seas.ucla.edu 58943 3 1408994 
### Start verbose source output (echo_comments mode) for '/tmp/innovus_temp_1385105_eeapps06.labidm.seas.ucla.edu_liyuyao864_4lsf6y/iqrc_tmp_1385105_TCw5mV/multi_cpu_job_1385105_3.tcl' ...
# This is an internal file generated by Innovus v21.19-s058_1 on Sun May  3 12:35:37 2026

@qxDPInvokeSignOffExtractionCCEJob -jobid 3 -numjobs 4 \
		1385105 1385105 1 1 \
		"extLogDir/IQuantus_03-May-2026_12:35:34_1385105_gU6yuU/.extr.prbs_ber_pad_top.0.parallel_proc.1385105_3.res" "xyz" "./.cce.env.1385105.xcdQ6R"

Started sub-activity 3 out of 4 for Extraction...

INFO (EXTIQUANTUS-101) : 
  Integrated Quantus - 64-bit Parasitic Extractor - Version 21.1.1-s966
-------------------------------------------------------------------------
               Copyright 2023 Cadence Design Systems, Inc.


INFO (EXTIQUANTUS-103) : Starting at 2026-May-03 12:36:06 (2026-May-03 19:36:06 GMT).

INFO (EXTIQUANTUS-159) : Loading technology data from file:
 
/tmp/innovus_temp_1385105_eeapps06.labidm.seas.ucla.edu_liyuyao864_4lsf6y/iqrc_tmp_1385105_TCw5mV/.qrctemp/CceRCGEN0tch1408994

INFO (EXTIQUANTUS-289) : Loading RCgen extraction models from file:
 
/tmp/innovus_temp_1385105_eeapps06.labidm.seas.ucla.edu_liyuyao864_4lsf6y/iqrc_tmp_1385105_TCw5mV/.qrctemp/CceRCGEN0tch1408994

INFO (EXTIQUANTUS-345) : Checking Command/Tech/License Files. 

INFO (EXTIQUANTUS-383) : Summary of license(s) checkout :
	No license checkout.

INFO (EXTIQUANTUS-105) : Starting design extraction....

INFO (EXTIQUANTUS-282) : Checking Command/Tech Files. 

INFO (EXTIQUANTUS-277) : Manufacturing Data Information :- 
  DEF/GDS file 
    does NOT contain MetalFill data. 
  Techfile  
    does NOT contain WEE data.     
    does NOT contain Erosion data t=f( density ) 
    does     contain R(w) data.    
    does NOT contain R(w, s) data.  
    does NOT contain TC(w) data.    
    does     contain T/B enlargement data. 
    does     contain Floating Metal Fill models. 

INFO (EXTIQUANTUS-287) : Capacitance Models Information :- 
 ICECAPS models are not available. 
 RCgen   models are     available. 
 This IQuantus session uses RCgen models.

INFO (EXTIQUANTUS-286) : RCs effects computed for this session include :- 
 MetalFill        : OFF 
 WEE Effects      : n/a 
 Erosion Effects  : n/a t=f( density ) 
 T/B Enlargements : ON 
 R(w) Effects     : ON 
 R(w,s) Effects   : n/a 
 TC(w) Effects     : n/a 
Some effects indicate n/a because of non-availability of relevantinput data
(or) requested to be off (and/or) usage of older Icecaps models.

INFO (EXTHPY-103) : Extracting capacitance values.

INFO (EXTHPY-104) :    0%

INFO (EXTHPY-104) :    13%

INFO (EXTHPY-104) :    25%

INFO (EXTHPY-104) :    38%

INFO (EXTHPY-104) :    50%

INFO (EXTHPY-104) :    63%

INFO (EXTHPY-104) :    75%

INFO (EXTHPY-104) :    88%

INFO (EXTHPY-104) :    100%

Ending at 2026-May-03 12:36:08 (2026-May-03 19:36:08 GMT).
  Executed by:           liyuyao864
  Execution host:        eeapps06.labidm.seas.ucla.edu
  Run duration:          00:00:02 CPU time, 00:00:02 clock time
  Memory used:           3915 Mb

  Warning messages:      0
  Error messages:        0
  Fatal error messages:  0

Exit code 0.
IQuantus exited successfully.
Sub-activity 3 of Extraction Successfully Completed.
### End verbose source output for '/tmp/innovus_temp_1385105_eeapps06.labidm.seas.ucla.edu_liyuyao864_4lsf6y/iqrc_tmp_1385105_TCw5mV/multi_cpu_job_1385105_3.tcl'.

*** Memory Usage v#1 (Current mem = 1806.688M, initial mem = 852.004M) ***
*** Message Summary: 2 warning(s), 0 error(s)

--- Ending "Innovus" (totcpu=0:00:25.4, real=0:00:43.0, mem=1806.7M) ---
