

Working Directory = /w/home.09/home/liyuyao864/ee209/prbs_project/build_ber_checker/syn-rundir
QoS Summary for ber_checker_top
================================================================================
Metric                          final          
================================================================================
Slack (ps):                       360
  R2R (ps):                       360
  I2R (ps):                  no_value
  R2O (ps):                  no_value
  I2O (ps):                  no_value
  CG  (ps):                     2,247
TNS (ps):                           0
  R2R (ps):                         0
  I2R (ps):                  no_value
  R2O (ps):                  no_value
  I2O (ps):                  no_value
  CG  (ps):                         0
Failing Paths:                      0
Cell Area:                      8,021
Total Cell Area:                8,021
Leaf Instances:                   368
Total Instances:                  368
Utilization (%):                 0.00
Tot. Net Length (um):        no_value
Avg. Net Length (um):        no_value
Route Overflow H (%):        no_value
Route Overflow V (%):        no_value
MBCI(%) (bits/gate) :            0.00
Norm Cong Hotspot Area:
  Max Cong:                  no_value
  Tot Cong:                  no_value
================================================================================
CPU  Runtime (h:m:s):        00:00:37
Real Runtime (h:m:s):        00:00:27
CPU  Elapsed (h:m:s):        00:00:42
Real Elapsed (h:m:s):        00:00:29
Memory (MB):                  1377.62
================================================================================
================================================================================
Flow Settings:
================================================================================
Total Runtime (h:m:s): 00:00:27
Total Memory (MB):     1377.62
Executable Version:    21.19-s055_1
================================================================================
Total Cell Area =  Cell Area + Physical Cell Area
Total Instances =  Leaf Instances + Physical Instances


