============================================================
  Generated by:           Genus(TM) Synthesis Solution 21.19-s055_1
  Generated on:           Apr 08 2026  05:12:55 pm
  Module:                 ber_checker_top
  Library domain:         WCCOM.setup_cond
    Domain index:         0
    Technology libraries: tcb018gbwp7twc_ccs 270
                          tpd018nvwc 280a
  Operating conditions:   WCCOM 
  Interconnect mode:      global
  Area mode:              physical library
============================================================

Timing
--------

  Analysis view  Clock Period 
------------------------------
WCCOM.setup_view clk   4000.0 


    Analysis             Cost         Critical        Violating 
      View              Group        Path Slack  TNS    Paths   
----------------------------------------------------------------
WCCOM.setup_view cg_enable_group_clk     2246.7  0.0          0 
                                 clk      359.5  0.0          0 
                             default   No paths  0.0          0 
----------------------------------------------------------------
Total                                           -0.0          0 
                                                                

Instance Count
--------------
Leaf Instance Count             368 
Physical Instance count           0 
Sequential Instance Count        90 
Combinational Instance Count    278 
Hierarchical Instance Count      11 

Area
----
Cell Area                          8021.261
Physical Cell Area                 0.000
Total Cell Area (Cell+Physical)    8021.261
Net Area                           3348.189
Total Area (Cell+Physical+Net)     11369.450

Runtime                            0.0 seconds
Elapsed Runtime                    34 seconds
Genus peak memory usage            1377.62 
Innovus peak memory usage          no_value 
Hostname                           eeapps03.labidm.seas.ucla.edu
